Microchip MPLAB XC8 Compiler V1.41 ()

Linker command line:

-W-3 --edf=C:\Program Files (x86)\Microchip\xc8\v1.41\dat\en_msgs.txt -cs \
  -h+dist/default/debug\EncoderSenseNutControl.debug.sym \
  --cmf=dist/default/debug\EncoderSenseNutControl.debug.cmf -z -Q16F18344 \
  -oC:\Users\paull\AppData\Local\Temp\sf6g.2 \
  -Mdist/default/debug/EncoderSenseNutControl.debug.map -E1 -ver=XC8 \
  -ASTACK=020C4h-020efh -pstack=STACK -ACODE=00h-07FFhx2 \
  -ASTRCODE=00h-0FFFh -ASTRING=00h-0FFhx16 -ACONST=00h-0FFhx16 \
  -AENTRY=00h-0FFhx16 -ACOMMON=070h-07Fh -ABANK0=020h-06Fh \
  -ABANK1=0A0h-0EFh -ABANK2=0120h-016Fh -ABANK3=01A0h-01EFh \
  -ABANK4=0220h-026Fh -ABANK5=02A0h-02EFh -ABANK6=0320h-032Fh \
  -ABIGRAM=02000h-021EFh \
  -ARAM=020h-06Fh,0A0h-0EFh,0120h-016Fh,01A0h-01EFh,0220h-026Fh,02A0h-02EFh,0320h-032Fh \
  -AABS1=020h-07Fh,0A0h-0EFh,0120h-016Fh,01A0h-01EFh,0220h-026Fh,02A0h-02EFh,0320h-032Fh \
  -ASFR0=00h-01Fh -ASFR1=080h-09Fh -ASFR2=0100h-011Fh -ASFR3=0180h-019Fh \
  -ASFR4=0200h-021Fh -ASFR5=0280h-029Fh -ASFR6=0300h-031Fh \
  -ASFR7=0380h-03EFh -ASFR8=0400h-046Fh -ASFR9=0480h-04EFh \
  -ASFR10=0500h-056Fh -ASFR11=0580h-05EFh -ASFR12=0600h-066Fh \
  -ASFR13=0680h-06EFh -ASFR14=0700h-076Fh -ASFR15=0780h-07EFh \
  -ASFR16=0800h-086Fh -ASFR17=0880h-08EFh -ASFR18=0900h-096Fh \
  -ASFR19=0980h-09EFh -ASFR20=0A00h-0A6Fh -ASFR21=0A80h-0AEFh \
  -ASFR22=0B00h-0B6Fh -ASFR23=0B80h-0BEFh -ASFR24=0C00h-0C6Fh \
  -ASFR25=0C80h-0CEFh -ASFR26=0D00h-0D6Fh -ASFR27=0D80h-0DEFh \
  -ASFR28=0E00h-0E6Fh -ASFR29=0E80h-0EEFh -ASFR30=0F00h-0F6Fh \
  -ASFR31=0F80h-0FEFh -preset_vec=00h,intentry=04h,init,end_init \
  -ppowerup=CODE -pcinit=CODE -pfunctab=CODE -ACONFIG=08007h-0800Ah \
  -pconfig=CONFIG -DCONFIG=2 -AIDLOC=08000h-08003h -pidloc=IDLOC -DIDLOC=2 \
  -AEEDATA=00h-0FFh/0F000h -peeprom_data=EEDATA -DEEDATA=2 -DCODE=2 \
  -DSTRCODE=2 -DSTRING=2 -DCONST=2 -DENTRY=2 -k \
  C:\Users\paull\AppData\Local\Temp\sf6g.obj \
  dist/default/debug\EncoderSenseNutControl.debug.obj 

Object code version is 3.11

Machine type is 16F18344



                Name                               Link     Load   Length Selector   Space Scale
C:\Users\paull\AppData\Local\Temp\sf6g.obj
                end_init                             4E       4E        2        8       0
                reset_vec                             0        0        3        0       0
                config                             8007     8007        4    1000E       0
dist/default/debug\EncoderSenseNutControl.debug.obj
                cinit                                50       50       4C        8       0
                intentry                              4        4       4A        8       0
                text75                              C33      C33        9     1866       0
                text74                              C1C      C1C        7     1838       0
                text73                              D4D      D4D       12     1A9A       0
                text72                              EEE      EEE       2A     1DDC       0
                text71                              BCF      BCF        1     179E       0
                text70                              D04      D04        E     1A08       0
                text69                              BFC      BFC        5     17F8       0
                text68                              BD0      BD0        1     17A0       0
                text67                              CDD      CDD        D     19BA       0
                text66                              BD1      BD1        1     17A2       0
                text65                              CEA      CEA        D     19D4       0
                text64                              CAD      CAD        C     195A       0
                text63                              BD2      BD2        1     17A4       0
                text62                              6B4      6B4       6B        8       0
                text61                              EA4      EA4       24     1D48       0
                text60                              D12      D12        E     1A24       0
                text59                              C01      C01        5     1802       0
                text58                              EC8      EC8       26     1D90       0
                text57                              BD3      BD3        3     17A6       0
                text56                              D5F      D5F       14     1ABE       0
                text55                                3        3        1        0       0
                text54                              BD6      BD6        3     17AC       0
                text53                              D73      D73       14     1AE6       0
                text51                              C23      C23        8     1846       0
                text50                              F4A      F4A       35     1E94       0
                text49                              E48      E48       1C     1C90       0
                text48                              71F      71F       62        8       0
                text47                              D9C      D9C       17     1B38       0
                text46                              F7F      F7F       3A     1EFE       0
                text45                              BD9      BD9        3     17B2       0
                text44                              E64      E64       1F     1CC8       0
                text43                              C84      C84        A     1908       0
                text42                              F18      F18       32     1E30       0
                text41                              BDC      BDC        3     17B8       0
                text40                              BDF      BDF        3     17BE       0
                text39                              C8E      C8E        A     191C       0
                text38                              C98      C98        A     1930       0
                text37                              C06      C06        5     180C       0
                text36                              BE2      BE2        3     17C4       0
                text35                              DE1      DE1       18     1BC2       0
                text34                               9C       9C      618        8       0
                text33                              CF7      CF7        D     19EE       0
                text32                              7E2      7E2       1E        8       0
                text31                              CB9      CB9        C     1972       0
                text30                              D20      D20        F     1A40       0
                text29                              C10      C10        6     1820       0
                text28                              C16      C16        6     182C       0
                text27                              DF9      DF9       19     1BF2       0
                text26                              BE5      BE5        3     17CA       0
                text25                              DB3      DB3       17     1B66       0
                text24                              D2F      D2F        F     1A5E       0
                text23                              C3C      C3C        9     1878       0
                text22                              D3E      D3E        F     1A7C       0
                text21                              C45      C45        9     188A       0
                text20                              C4E      C4E        9     189C       0
                text19                              CC5      CC5        C     198A       0
                text18                              C2B      C2B        8     1856       0
                text17                              C57      C57        9     18AE       0
                text16                              C60      C60        9     18C0       0
                text15                              781      781       61        8       0
                text14                              C69      C69        9     18D2       0
                text13                              BE8      BE8        3     17D0       0
                text12                              D87      D87       15     1B0E       0
                text11                              C72      C72        9     18E4       0
                text10                              E12      E12       1B     1C24       0
                text9                               C7B      C7B        9     18F6       0
                text8                               BEB      BEB        3     17D6       0
                text7                               E2D      E2D       1B     1C5A       0
                text6                               BF4      BF4        4     17E8       0
                text5                               E83      E83       21     1D06       0
                text4                               BEE      BEE        3     17DC       0
                text3                               BF1      BF1        3     17E2       0
                text2                               DCA      DCA       17     1B94       0
                text1                               CA2      CA2        B     1944       0
                maintext                            FB9      FB9       47     1F72       0
                cstackBANK0                          51       51       15       20       1
                cstackCOMMON                         70       70        8       70       1
                cstackBANK1                          A0       A0       4E       A0       1
                clrtext                             CD1      CD1        C     19A2       0
                dataBANK2                           140      140        4      120       1
                bssBANK2                            120      120       14      120       1
                bssBANK1                             EE       EE        2       A0       1
                dataBANK0                            66       66        5       20       1
                bssBANK0                             20       20       31       20       1
                bssCOMMON                            78       78        6       70       1
                nvBANK2                             134      134        C      120       1
                nvBANK0                              6B       6B        4       20       1
                idataBANK2                          BF8      BF8        4     17F0       0
                idataBANK0                          C0B      C0B        5     1816       0

TOTAL           Name                               Link     Load   Length     Space
        CLASS   STACK          

        CLASS   CODE           
                end_init                             4E       4E        2         0
                cinit                                50       50       4C         0
                intentry                              4        4       4A         0
                reset_vec                             0        0        3         0
                text75                              C33      C33        9         0
                text74                              C1C      C1C        7         0
                text73                              D4D      D4D       12         0
                text72                              EEE      EEE       2A         0
                text71                              BCF      BCF        1         0
                text70                              D04      D04        E         0
                text69                              BFC      BFC        5         0
                text68                              BD0      BD0        1         0
                text67                              CDD      CDD        D         0
                text66                              BD1      BD1        1         0
                text65                              CEA      CEA        D         0
                text64                              CAD      CAD        C         0
                text63                              BD2      BD2        1         0
                text62                              6B4      6B4       6B         0
                text61                              EA4      EA4       24         0
                text60                              D12      D12        E         0
                text59                              C01      C01        5         0
                text58                              EC8      EC8       26         0
                text57                              BD3      BD3        3         0
                text56                              D5F      D5F       14         0
                text55                                3        3        1         0
                text54                              BD6      BD6        3         0
                text53                              D73      D73       14         0
                text51                              C23      C23        8         0
                text50                              F4A      F4A       35         0
                text49                              E48      E48       1C         0
                text48                              71F      71F       62         0
                text47                              D9C      D9C       17         0
                text46                              F7F      F7F       3A         0
                text45                              BD9      BD9        3         0
                text44                              E64      E64       1F         0
                text43                              C84      C84        A         0
                text42                              F18      F18       32         0
                text41                              BDC      BDC        3         0
                text40                              BDF      BDF        3         0
                text39                              C8E      C8E        A         0
                text38                              C98      C98        A         0
                text37                              C06      C06        5         0
                text36                              BE2      BE2        3         0
                text35                              DE1      DE1       18         0
                text34                               9C       9C      618         0
                text33                              CF7      CF7        D         0
                text32                              7E2      7E2       1E         0
                text31                              CB9      CB9        C         0
                text30                              D20      D20        F         0
                text29                              C10      C10        6         0
                text28                              C16      C16        6         0
                text27                              DF9      DF9       19         0
                text26                              BE5      BE5        3         0
                text25                              DB3      DB3       17         0
                text24                              D2F      D2F        F         0
                text23                              C3C      C3C        9         0
                text22                              D3E      D3E        F         0
                text21                              C45      C45        9         0
                text20                              C4E      C4E        9         0
                text19                              CC5      CC5        C         0
                text18                              C2B      C2B        8         0
                text17                              C57      C57        9         0
                text16                              C60      C60        9         0
                text15                              781      781       61         0
                text14                              C69      C69        9         0
                text13                              BE8      BE8        3         0
                text12                              D87      D87       15         0
                text11                              C72      C72        9         0
                text10                              E12      E12       1B         0
                text9                               C7B      C7B        9         0
                text8                               BEB      BEB        3         0
                text7                               E2D      E2D       1B         0
                text6                               BF4      BF4        4         0
                text5                               E83      E83       21         0
                text4                               BEE      BEE        3         0
                text3                               BF1      BF1        3         0
                text2                               DCA      DCA       17         0
                text1                               CA2      CA2        B         0
                maintext                            FB9      FB9       47         0
                clrtext                             CD1      CD1        C         0
                idataBANK2                          BF8      BF8        4         0
                idataBANK0                          C0B      C0B        5         0

        CLASS   STRCODE        

        CLASS   STRING         

        CLASS   CONST          

        CLASS   ENTRY          

        CLASS   COMMON         
                cstackCOMMON                         70       70        8         1
                bssCOMMON                            78       78        6         1

        CLASS   BANK0          
                cstackBANK0                          51       51       15         1
                dataBANK0                            66       66        5         1
                bssBANK0                             20       20       31         1
                nvBANK0                              6B       6B        4         1

        CLASS   BANK1          
                cstackBANK1                          A0       A0       4E         1
                bssBANK1                             EE       EE        2         1

        CLASS   BANK2          
                dataBANK2                           140      140        4         1
                bssBANK2                            120      120       14         1
                nvBANK2                             134      134        C         1

        CLASS   BANK3          

        CLASS   BANK4          

        CLASS   BANK5          

        CLASS   BANK6          

        CLASS   BIGRAM         

        CLASS   RAM            

        CLASS   ABS1           
                abs_s1                               7E       7E        2         1
                abs_s1                              1A0      1A0       50         1
                abs_s1                              220      220       50         1
                abs_s1                              2A0      2A0       50         1
                abs_s1                              320      320       10         1
                abs_s1                             20F0     20F0        0         1
                abs_s1                             2170     2170        0         1

        CLASS   SFR0           

        CLASS   SFR1           

        CLASS   SFR2           

        CLASS   SFR3           

        CLASS   SFR4           

        CLASS   SFR5           

        CLASS   SFR6           

        CLASS   SFR7           

        CLASS   SFR8           

        CLASS   SFR9           

        CLASS   SFR10          

        CLASS   SFR11          

        CLASS   SFR12          

        CLASS   SFR13          

        CLASS   SFR14          

        CLASS   SFR15          

        CLASS   SFR16          

        CLASS   SFR17          

        CLASS   SFR18          

        CLASS   SFR19          

        CLASS   SFR20          

        CLASS   SFR21          

        CLASS   SFR22          

        CLASS   SFR23          

        CLASS   SFR24          

        CLASS   SFR25          

        CLASS   SFR26          

        CLASS   SFR27          

        CLASS   SFR28          

        CLASS   SFR29          

        CLASS   SFR30          

        CLASS   SFR31          

        CLASS   CONFIG         
                config                             8007     8007        4         0

        CLASS   IDLOC          

        CLASS   EEDATA         

        CLASS   BANK31         

        CLASS   BANK30         

        CLASS   BANK29         

        CLASS   BANK28         

        CLASS   BANK27         

        CLASS   BANK26         

        CLASS   BANK25         

        CLASS   BANK24         

        CLASS   BANK23         

        CLASS   BANK22         

        CLASS   BANK21         

        CLASS   BANK20         

        CLASS   BANK19         

        CLASS   BANK18         

        CLASS   BANK17         

        CLASS   BANK16         

        CLASS   BANK15         

        CLASS   BANK14         

        CLASS   BANK13         

        CLASS   BANK12         

        CLASS   BANK11         

        CLASS   BANK10         

        CLASS   BANK9          

        CLASS   BANK8          

        CLASS   BANK7          



SEGMENTS        Name                           Load    Length   Top    Selector   Space  Class     Delta

                reset_vec                      000000  000004  000004         0       0  CODE        2
                intentry                       000004  0007FC  000800         8       0  CODE        2
                bssBANK0                       000020  00004F  00006F        20       1  BANK0       1
                cstackCOMMON                   000070  00000E  00007E        70       1  COMMON      1
                cstackBANK1                    0000A0  000050  0000F0        A0       1  BANK1       1
                bssBANK2                       000120  000024  000144       120       1  BANK2       1
                text71                         000BCF  000001  000BD0      179E       0  CODE        2
                text68                         000BD0  000001  000BD1      17A0       0  CODE        2
                text66                         000BD1  000001  000BD2      17A2       0  CODE        2
                text63                         000BD2  000001  000BD3      17A4       0  CODE        2
                text57                         000BD3  000003  000BD6      17A6       0  CODE        2
                text54                         000BD6  000003  000BD9      17AC       0  CODE        2
                text45                         000BD9  000003  000BDC      17B2       0  CODE        2
                text41                         000BDC  000003  000BDF      17B8       0  CODE        2
                text40                         000BDF  000003  000BE2      17BE       0  CODE        2
                text36                         000BE2  000003  000BE5      17C4       0  CODE        2
                text26                         000BE5  000003  000BE8      17CA       0  CODE        2
                text13                         000BE8  000003  000BEB      17D0       0  CODE        2
                text8                          000BEB  000003  000BEE      17D6       0  CODE        2
                text4                          000BEE  000003  000BF1      17DC       0  CODE        2
                text3                          000BF1  000003  000BF4      17E2       0  CODE        2
                text6                          000BF4  000004  000BF8      17E8       0  CODE        2
                idataBANK2                     000BF8  000004  000BFC      17F0       0  CODE        2
                text69                         000BFC  000005  000C01      17F8       0  CODE        2
                text59                         000C01  000005  000C06      1802       0  CODE        2
                text37                         000C06  000005  000C0B      180C       0  CODE        2
                idataBANK0                     000C0B  000005  000C10      1816       0  CODE        2
                text29                         000C10  000006  000C16      1820       0  CODE        2
                text28                         000C16  000006  000C1C      182C       0  CODE        2
                text74                         000C1C  000007  000C23      1838       0  CODE        2
                text51                         000C23  000008  000C2B      1846       0  CODE        2
                text18                         000C2B  000008  000C33      1856       0  CODE        2
                text75                         000C33  000009  000C3C      1866       0  CODE        2
                text23                         000C3C  000009  000C45      1878       0  CODE        2
                text21                         000C45  000009  000C4E      188A       0  CODE        2
                text20                         000C4E  000009  000C57      189C       0  CODE        2
                text17                         000C57  000009  000C60      18AE       0  CODE        2
                text16                         000C60  000009  000C69      18C0       0  CODE        2
                text14                         000C69  000009  000C72      18D2       0  CODE        2
                text11                         000C72  000009  000C7B      18E4       0  CODE        2
                text9                          000C7B  000009  000C84      18F6       0  CODE        2
                text43                         000C84  00000A  000C8E      1908       0  CODE        2
                text39                         000C8E  00000A  000C98      191C       0  CODE        2
                text38                         000C98  00000A  000CA2      1930       0  CODE        2
                text1                          000CA2  00000B  000CAD      1944       0  CODE        2
                text64                         000CAD  00000C  000CB9      195A       0  CODE        2
                text31                         000CB9  00000C  000CC5      1972       0  CODE        2
                text19                         000CC5  00000C  000CD1      198A       0  CODE        2
                clrtext                        000CD1  00000C  000CDD      19A2       0  CODE        2
                text67                         000CDD  00000D  000CEA      19BA       0  CODE        2
                text65                         000CEA  00000D  000CF7      19D4       0  CODE        2
                text33                         000CF7  00000D  000D04      19EE       0  CODE        2
                text70                         000D04  00000E  000D12      1A08       0  CODE        2
                text60                         000D12  00000E  000D20      1A24       0  CODE        2
                text30                         000D20  00000F  000D2F      1A40       0  CODE        2
                text24                         000D2F  00000F  000D3E      1A5E       0  CODE        2
                text22                         000D3E  00000F  000D4D      1A7C       0  CODE        2
                text73                         000D4D  000012  000D5F      1A9A       0  CODE        2
                text56                         000D5F  000014  000D73      1ABE       0  CODE        2
                text53                         000D73  000014  000D87      1AE6       0  CODE        2
                text12                         000D87  000015  000D9C      1B0E       0  CODE        2
                text47                         000D9C  000017  000DB3      1B38       0  CODE        2
                text25                         000DB3  000017  000DCA      1B66       0  CODE        2
                text2                          000DCA  000017  000DE1      1B94       0  CODE        2
                text35                         000DE1  000018  000DF9      1BC2       0  CODE        2
                text27                         000DF9  000019  000E12      1BF2       0  CODE        2
                text10                         000E12  00001B  000E2D      1C24       0  CODE        2
                text7                          000E2D  00001B  000E48      1C5A       0  CODE        2
                text49                         000E48  00001C  000E64      1C90       0  CODE        2
                text44                         000E64  00001F  000E83      1CC8       0  CODE        2
                text5                          000E83  000021  000EA4      1D06       0  CODE        2
                text61                         000EA4  000024  000EC8      1D48       0  CODE        2
                text58                         000EC8  000026  000EEE      1D90       0  CODE        2
                text72                         000EEE  00002A  000F18      1DDC       0  CODE        2
                text42                         000F18  000032  000F4A      1E30       0  CODE        2
                text50                         000F4A  000035  000F7F      1E94       0  CODE        2
                text46                         000F7F  00003A  000FB9      1EFE       0  CODE        2
                maintext                       000FB9  000047  001000      1F72       0  CODE        2
                config                         008007  000004  00800B     1000E       0  CONFIG      2


UNUSED ADDRESS RANGES

        Name                Unused          Largest block    Delta
        BANK0            0006F-0006F               1           1
        BANK2            00144-0016F              2C           1
        BIGRAM           02000-021EF             1F0           1
        CODE             00800-00BCE             3CF           2
        CONST            00800-00BCE             100           2
        EEDATA           0F000-0F0FF             100           2
        ENTRY            00800-00BCE             100           2
        IDLOC            08000-08003               4           2
        RAM              0006F-0006F               1           1
                         00144-0016F              2C
        SFR0             00000-0001F              20           1
        SFR1             00080-0009F              20           1
        SFR10            00500-0056F              70           1
        SFR11            00580-005EF              70           1
        SFR12            00600-0066F              70           1
        SFR13            00680-006EF              70           1
        SFR14            00700-0076F              70           1
        SFR15            00780-007EF              70           1
        SFR16            00800-0086F              70           1
        SFR17            00880-008EF              70           1
        SFR18            00900-0096F              70           1
        SFR19            00980-009EF              70           1
        SFR2             00100-0011F              20           1
        SFR20            00A00-00A6F              70           1
        SFR21            00A80-00AEF              70           1
        SFR22            00B00-00B6F              70           1
        SFR23            00B80-00BEF              70           1
        SFR24            00C00-00C6F              70           1
        SFR25            00C80-00CEF              70           1
        SFR26            00D00-00D6F              70           1
        SFR27            00D80-00DEF              70           1
        SFR28            00E00-00E6F              70           1
        SFR29            00E80-00EEF              70           1
        SFR3             00180-0019F              20           1
        SFR30            00F00-00F6F              70           1
        SFR31            00F80-00FEF              70           1
        SFR4             00200-0021F              20           1
        SFR5             00280-0029F              20           1
        SFR6             00300-0031F              20           1
        SFR7             00380-003EF              70           1
        SFR8             00400-0046F              70           1
        SFR9             00480-004EF              70           1
        STACK            020C4-020EF              2C           1
        STRCODE          00800-00BCE             3CF           2
        STRING           00800-00BCE             100           2

                                  Symbol Table

?___lwdiv                                   cstackBANK0  00051
?___wmul                                    cstackBANK0  00051
?_crc16_update                              cstackBANK0  00051
?_getResponseBuffer                         cstackBANK0  00051
?_millis                                    cstackBANK0  00051
?_word                                      cstackBANK0  00051
CCP1_CallBack@capturedValue                 cstackCOMMON 00072
CCP1_CaptureISR@module                      cstackCOMMON 00075
EUSART_Write@txData                         cstackBANK0  00051
EncA_PulseEdgeEvent@capturedValue           cstackCOMMON 00070
INT_SetInterruptHandler@InterruptHandler    cstackBANK0  00051
IOCCF4_SetInterruptHandler@InterruptHandler cstackBANK0  00051
IOCCF5_SetInterruptHandler@InterruptHandler cstackBANK0  00051
LedONStartConfig@LEDcolor                   cstackBANK0  0005D
LedONStartConfig@LedONDurationSec           cstackBANK0  00059
LedONStartConfig@LedONNumBlink              cstackBANK0  0005A
MB_UpdateEPCParameter@result                cstackBANK0  00065
ModbusMasterInit@slave                      cstackBANK0  00052
ModbusMasterTransaction@i                   cstackBANK1  000EC
ModbusMasterTransaction@u16CRC              cstackBANK1  000EA
ModbusMasterTransaction@u32StartTime        cstackBANK1  000E0
ModbusMasterTransaction@u8BytesLeft         cstackBANK1  000E7
ModbusMasterTransaction@u8MBFunction        cstackBANK1  000E8
ModbusMasterTransaction@u8MBStatus          cstackBANK1  000E9
ModbusMasterTransaction@u8ModbusADU         cstackBANK1  000A0
ModbusMasterTransaction@u8ModbusADUSize     cstackBANK1  000ED
ModbusMasterTransaction@u8Qty               cstackBANK1  000E6
PIN_MANAGER_Initialize@state                cstackBANK0  00053
TMR0_SetInterruptHandler@InterruptHandler   cstackBANK0  00051
TMR3_SetInterruptHandler@InterruptHandler   cstackBANK0  00051
TMR3_WriteTimer@timerVal                    cstackBANK0  00051
TMR5_SetInterruptHandler@InterruptHandler   cstackBANK0  00051
TMR5_WriteTimer@timerVal                    cstackBANK0  00051
_ADACT                                      (abs)        0009F
_ADCON0                                     (abs)        0009D
_ADCON0bits                                 (abs)        0009D
_ADCON1                                     (abs)        0009E
_ADC_Initialize                             text23       00C3C
_ADRESH                                     (abs)        0009C
_ADRESL                                     (abs)        0009B
_ANSELA                                     (abs)        0018C
_ANSELB                                     (abs)        0018D
_ANSELC                                     (abs)        0018E
_BAUD1CON                                   (abs)        0019F
_Blick_tickPoint                            bssBANK0     0002A
_Blick_tickPointMsec                        bssBANK0     0002C
_CCP1CAP                                    (abs)        00294
_CCP1CON                                    (abs)        00293
_CCP1PPSbits                                (abs)        00E14
_CCP1_CallBack                              text74       00C1C
_CCP1_CaptureISR                            text73       00D4D
_CCP1_Initialize                            text22       00D3E
_CCP2CAP                                    (abs)        00298
_CCP2CON                                    (abs)        00297
_CCP2PPSbits                                (abs)        00E15
_CCP2_Initialize                            text21       00C45
_CCPR1H                                     (abs)        00292
_CCPR1L                                     (abs)        00291
_CCPR2H                                     (abs)        00296
_CCPR2L                                     (abs)        00295
_CCPTMRSbits                                (abs)        0029F
_EPC_StateMachineControlLoop                text46       00F7F
_EUSART_Initialize                          text31       00CB9
_EUSART_Read                                text43       00C84
_EUSART_Write                               text51       00C23
_EXT_INT_Initialize                         text19       00CC5
_EncA_PulseEdgeEvent                        text75       00C33
_EncEdgeGotFlag                             bssBANK0     0004D
_EncEdgeMinTimeIntSumAvg                    bssBANK2     00124
_EncEdgeMinTimeInterval                     dataBANK0    00066
_EncEdgeTimeInterval                        bssBANK0     00024
_EncEdgeTimeIntervalOld                     bssBANK2     00128
_EncINX_PulseRisingEvent                    text72       00EEE
_EncPulseError                              bssCOMMON    0007C
_EncPulseOpState                            bssBANK0     00040
_EncSpdredFact                              dataBANK2    00140
_EncoderPosition                            bssBANK0     0003E
_EncoderPositionAtIndex                     bssBANK2     0012E
_EncoderPositionOneCycle                    bssBANK0     0004E
_GIE                                        (abs)        0005F
_INLVLA                                     (abs)        0038C
_INLVLC                                     (abs)        0038E
_INTCONbits                                 (abs)        0000B
_INTERRUPT_InterruptManager                 intentry     00004
_INTPPSbits                                 (abs)        00E10
_INT_CallBack                               text70       00D04
_INT_DefaultInterruptHandler                text71       00BCF
_INT_ISR                                    text69       00BFC
_INT_InterruptHandler                       nvBANK2      00134
_INT_SetInterruptHandler                    text20       00C4E
_IOCCF4_DefaultInterruptHandler             text68       00BD0
_IOCCF4_ISR                                 text67       00CDD
_IOCCF4_InterruptHandler                    nvBANK2      00138
_IOCCF4_SetInterruptHandler                 text17       00C57
_IOCCF5_DefaultInterruptHandler             text66       00BD1
_IOCCF5_ISR                                 text65       00CEA
_IOCCF5_InterruptHandler                    nvBANK2      00136
_IOCCF5_SetInterruptHandler                 text16       00C60
_IOCCFbits                                  (abs)        00399
_IOCCNbits                                  (abs)        00398
_IOCCPbits                                  (abs)        00397
_IdleTimeOnShutOff                          bssBANK2     00120
_LATA                                       (abs)        0010C
_LATB                                       (abs)        0010D
_LATBbits                                   (abs)        0010D
_LATC                                       (abs)        0010E
_LATCbits                                   (abs)        0010E
_LED_Color                                  dataBANK0    0006A
_LED_msec_Cnt                               bssBANK0     0002E
_LedONStartConfig                           text48       0071F
_LedONStatusBusy                            text45       00BD9
_LedON_Control_10msec                       text62       006B4
_LedON_Duration_msec                        bssBANK0     00028
_Led_ON                                     bssBANK0     00046
_MB_UpdateEPCParameter                      text32       007E2
_MBreadSetNoOfPulse                         bssBANK0     00044
_ModbusMasterInit                           text30       00D20
_ModbusMasterSetup                          text27       00DF9
_ModbusMasterTransaction                    text34       0009C
_ModbusMasterTransaction$1564               cstackBANK1  000E4
_NutRunCycleReset                           text47       00D9C
_NutRunCycleStart                           text24       00D2F
_NutRunLength                               bssBANK2     00130
_NutRunstate                                bssBANK0     0004B
_ODCONA                                     (abs)        0028C
_ODCONB                                     (abs)        0028D
_ODCONC                                     (abs)        0028E
_OSCCON1                                    (abs)        00919
_OSCCON3                                    (abs)        0091B
_OSCEN                                      (abs)        0091D
_OSCFRQ                                     (abs)        0091F
_OSCILLATOR_Initialize                      text18       00C2B
_OSCTUNE                                    (abs)        0091E
_OldEncPos                                  bssBANK0     0003C
_OldEncPulseOpState                         bssBANK0     00042
_PIE0bits                                   (abs)        00090
_PIE3bits                                   (abs)        00093
_PIE4bits                                   (abs)        00094
_PIN_MANAGER_IOC                            text64       00CAD
_PIN_MANAGER_Initialize                     text15       00781
_PIR0bits                                   (abs)        00010
_PIR1bits                                   (abs)        00011
_PIR3bits                                   (abs)        00013
_PIR4bits                                   (abs)        00014
_PORTCbits                                  (abs)        0000E
_PPSLOCK                                    (abs)        00E0F
_PPSLOCKbits                                (abs)        00E0F
_RB5PPSbits                                 (abs)        00E9D
_RC1REG                                     (abs)        00199
_RC1STA                                     (abs)        0019D
_RC1STAbits                                 (abs)        0019D
_RXPPSbits                                  (abs)        00E24
_SP1BRGH                                    (abs)        0019C
_SP1BRGL                                    (abs)        0019B
_SYSTEM_Initialize                          text5        00E83
_ShutdownDetected                           bssBANK0     0004C
_T0CON0                                     (abs)        00017
_T0CON0bits                                 (abs)        00017
_T0CON1                                     (abs)        00018
_T3CON                                      (abs)        00413
_T3CONbits                                  (abs)        00413
_T3GCON                                     (abs)        00414
_T3GCONbits                                 (abs)        00414
_T5CON                                      (abs)        0041A
_T5CONbits                                  (abs)        0041A
_T5GCON                                     (abs)        0041B
_T5GCONbits                                 (abs)        0041B
_TMR0H                                      (abs)        00016
_TMR0L                                      (abs)        00015
_TMR0_CallBack                              text60       00D12
_TMR0_DefaultInterruptHandler               text63       00BD2
_TMR0_ISR                                   text59       00C01
_TMR0_Initialize                            text12       00D87
_TMR0_InterruptHandler                      nvBANK2      0013A
_TMR0_SetInterruptHandler                   text14       00C69
_TMR0_StartTimer                            text13       00BE8
_TMR3H                                      (abs)        00412
_TMR3L                                      (abs)        00411
_TMR3_DefaultInterruptHandler               text57       00BD3
_TMR3_ISR                                   text56       00D5F
_TMR3_Initialize                            text10       00E12
_TMR3_InterruptHandler                      nvBANK2      0013C
_TMR3_SetInterruptHandler                   text11       00C72
_TMR3_StartTimer                            text26       00BE5
_TMR3_StopTimer                             text4        00BEE
_TMR3_WriteTimer                            text25       00DB3
_TMR5H                                      (abs)        00419
_TMR5L                                      (abs)        00418
_TMR5_DefaultInterruptHandler               text54       00BD6
_TMR5_ISR                                   text53       00D73
_TMR5_Initialize                            text7        00E2D
_TMR5_InterruptHandler                      nvBANK2      0013E
_TMR5_SetInterruptHandler                   text9        00C7B
_TMR5_StartTimer                            text8        00BEB
_TMR5_StopTimer                             text3        00BF1
_TMR5_WriteTimer                            text2        00DCA
_TRISA                                      (abs)        0008C
_TRISB                                      (abs)        0008D
_TRISC                                      (abs)        0008E
_TX1REG                                     (abs)        0019A
_TX1STA                                     (abs)        0019E
_Timer0_tick10msecFunc                      text61       00EA4
_Timer3_Overflow                            text58       00EC8
_Timer5_Overflow                            text55       00003
_TimertickMsec                              bssBANK0     00020
_WDTCON                                     (abs)        00097
_WDT_Initialize                             text6        00BF4
_WPUA                                       (abs)        0020C
_WPUB                                       (abs)        0020D
_WPUC                                       (abs)        0020E
__CFG_BOREN$ON                              (abs)        00000
__CFG_BORV$LOW                              (abs)        00000
__CFG_CLKOUTEN$OFF                          (abs)        00000
__CFG_CP$OFF                                (abs)        00000
__CFG_CPD$OFF                               (abs)        00000
__CFG_CSWEN$ON                              (abs)        00000
__CFG_DEBUG$OFF                             (abs)        00000
__CFG_FCMEN$ON                              (abs)        00000
__CFG_FEXTOSC$OFF                           (abs)        00000
__CFG_LPBOREN$OFF                           (abs)        00000
__CFG_LVP$ON                                (abs)        00000
__CFG_MCLRE$ON                              (abs)        00000
__CFG_PPS1WAY$ON                            (abs)        00000
__CFG_PWRTE$OFF                             (abs)        00000
__CFG_RSTOSC$HFINT1                         (abs)        00000
__CFG_STVREN$ON                             (abs)        00000
__CFG_WDTE$OFF                              (abs)        00000
__CFG_WRT$OFF                               (abs)        00000
__Habs1                                     abs1         00000
__Hbank0                                    bank0        00000
__Hbank1                                    bank1        00000
__Hbank10                                   bank10       00000
__Hbank11                                   bank11       00000
__Hbank12                                   bank12       00000
__Hbank13                                   bank13       00000
__Hbank14                                   bank14       00000
__Hbank15                                   bank15       00000
__Hbank16                                   bank16       00000
__Hbank17                                   bank17       00000
__Hbank18                                   bank18       00000
__Hbank19                                   bank19       00000
__Hbank2                                    bank2        00000
__Hbank20                                   bank20       00000
__Hbank21                                   bank21       00000
__Hbank22                                   bank22       00000
__Hbank23                                   bank23       00000
__Hbank24                                   bank24       00000
__Hbank25                                   bank25       00000
__Hbank26                                   bank26       00000
__Hbank27                                   bank27       00000
__Hbank28                                   bank28       00000
__Hbank29                                   bank29       00000
__Hbank3                                    bank3        00000
__Hbank30                                   bank30       00000
__Hbank31                                   bank31       00000
__Hbank4                                    bank4        00000
__Hbank5                                    bank5        00000
__Hbank6                                    bank6        00000
__Hbank7                                    bank7        00000
__Hbank8                                    bank8        00000
__Hbank9                                    bank9        00000
__Hbigram                                   bigram       00000
__HbssBANK0                                 bssBANK0     00000
__HbssBANK1                                 bssBANK1     00000
__HbssBANK2                                 bssBANK2     00000
__HbssCOMMON                                bssCOMMON    00000
__Hcinit                                    cinit        0009C
__Hclrtext                                  clrtext      00000
__Hcode                                     code         00000
__Hcommon                                   common       00000
__Hconfig                                   config       0800B
__HcstackBANK0                              cstackBANK0  00000
__HcstackBANK1                              cstackBANK1  00000
__HcstackCOMMON                             cstackCOMMON 00000
__HdataBANK0                                dataBANK0    00000
__HdataBANK2                                dataBANK2    00000
__Heeprom_data                              eeprom_data  00000
__Hend_init                                 end_init     00050
__Hfunctab                                  functab      00000
__HidataBANK0                               idataBANK0   00000
__HidataBANK2                               idataBANK2   00000
__Hidloc                                    idloc        00000
__Hinit                                     init         0004E
__Hintentry                                 intentry     0004E
__Hmaintext                                 maintext     00000
__HnvBANK0                                  nvBANK0      00000
__HnvBANK2                                  nvBANK2      00000
__Hpowerup                                  powerup      00000
__Hram                                      ram          00000
__Hreset_vec                                reset_vec    00003
__Hsfr0                                     sfr0         00000
__Hsfr1                                     sfr1         00000
__Hsfr10                                    sfr10        00000
__Hsfr11                                    sfr11        00000
__Hsfr12                                    sfr12        00000
__Hsfr13                                    sfr13        00000
__Hsfr14                                    sfr14        00000
__Hsfr15                                    sfr15        00000
__Hsfr16                                    sfr16        00000
__Hsfr17                                    sfr17        00000
__Hsfr18                                    sfr18        00000
__Hsfr19                                    sfr19        00000
__Hsfr2                                     sfr2         00000
__Hsfr20                                    sfr20        00000
__Hsfr21                                    sfr21        00000
__Hsfr22                                    sfr22        00000
__Hsfr23                                    sfr23        00000
__Hsfr24                                    sfr24        00000
__Hsfr25                                    sfr25        00000
__Hsfr26                                    sfr26        00000
__Hsfr27                                    sfr27        00000
__Hsfr28                                    sfr28        00000
__Hsfr29                                    sfr29        00000
__Hsfr3                                     sfr3         00000
__Hsfr30                                    sfr30        00000
__Hsfr31                                    sfr31        00000
__Hsfr4                                     sfr4         00000
__Hsfr5                                     sfr5         00000
__Hsfr6                                     sfr6         00000
__Hsfr7                                     sfr7         00000
__Hsfr8                                     sfr8         00000
__Hsfr9                                     sfr9         00000
__Hspace_0                                  (abs)        0800B
__Hspace_1                                  (abs)        00144
__Hspace_2                                  (abs)        00000
__Hspace_3                                  (abs)        00000
__Hstack                                    stack        00000
__Hstrings                                  strings      00000
__Htext                                     text         00000
__Labs1                                     abs1         00000
__Lbank0                                    bank0        00000
__Lbank1                                    bank1        00000
__Lbank10                                   bank10       00000
__Lbank11                                   bank11       00000
__Lbank12                                   bank12       00000
__Lbank13                                   bank13       00000
__Lbank14                                   bank14       00000
__Lbank15                                   bank15       00000
__Lbank16                                   bank16       00000
__Lbank17                                   bank17       00000
__Lbank18                                   bank18       00000
__Lbank19                                   bank19       00000
__Lbank2                                    bank2        00000
__Lbank20                                   bank20       00000
__Lbank21                                   bank21       00000
__Lbank22                                   bank22       00000
__Lbank23                                   bank23       00000
__Lbank24                                   bank24       00000
__Lbank25                                   bank25       00000
__Lbank26                                   bank26       00000
__Lbank27                                   bank27       00000
__Lbank28                                   bank28       00000
__Lbank29                                   bank29       00000
__Lbank3                                    bank3        00000
__Lbank30                                   bank30       00000
__Lbank31                                   bank31       00000
__Lbank4                                    bank4        00000
__Lbank5                                    bank5        00000
__Lbank6                                    bank6        00000
__Lbank7                                    bank7        00000
__Lbank8                                    bank8        00000
__Lbank9                                    bank9        00000
__Lbigram                                   bigram       00000
__LbssBANK0                                 bssBANK0     00000
__LbssBANK1                                 bssBANK1     00000
__LbssBANK2                                 bssBANK2     00000
__LbssCOMMON                                bssCOMMON    00000
__Lcinit                                    cinit        00050
__Lclrtext                                  clrtext      00000
__Lcode                                     code         00000
__Lcommon                                   common       00000
__Lconfig                                   config       08007
__LcstackBANK0                              cstackBANK0  00000
__LcstackBANK1                              cstackBANK1  00000
__LcstackCOMMON                             cstackCOMMON 00000
__LdataBANK0                                dataBANK0    00000
__LdataBANK2                                dataBANK2    00000
__Leeprom_data                              eeprom_data  00000
__Lend_init                                 end_init     0004E
__Lfunctab                                  functab      00000
__LidataBANK0                               idataBANK0   00000
__LidataBANK2                               idataBANK2   00000
__Lidloc                                    idloc        00000
__Linit                                     init         0004E
__Lintentry                                 intentry     00004
__Lmaintext                                 maintext     00000
__LnvBANK0                                  nvBANK0      00000
__LnvBANK2                                  nvBANK2      00000
__Lpowerup                                  powerup      00000
__Lram                                      ram          00000
__Lreset_vec                                reset_vec    00000
__Lsfr0                                     sfr0         00000
__Lsfr1                                     sfr1         00000
__Lsfr10                                    sfr10        00000
__Lsfr11                                    sfr11        00000
__Lsfr12                                    sfr12        00000
__Lsfr13                                    sfr13        00000
__Lsfr14                                    sfr14        00000
__Lsfr15                                    sfr15        00000
__Lsfr16                                    sfr16        00000
__Lsfr17                                    sfr17        00000
__Lsfr18                                    sfr18        00000
__Lsfr19                                    sfr19        00000
__Lsfr2                                     sfr2         00000
__Lsfr20                                    sfr20        00000
__Lsfr21                                    sfr21        00000
__Lsfr22                                    sfr22        00000
__Lsfr23                                    sfr23        00000
__Lsfr24                                    sfr24        00000
__Lsfr25                                    sfr25        00000
__Lsfr26                                    sfr26        00000
__Lsfr27                                    sfr27        00000
__Lsfr28                                    sfr28        00000
__Lsfr29                                    sfr29        00000
__Lsfr3                                     sfr3         00000
__Lsfr30                                    sfr30        00000
__Lsfr31                                    sfr31        00000
__Lsfr4                                     sfr4         00000
__Lsfr5                                     sfr5         00000
__Lsfr6                                     sfr6         00000
__Lsfr7                                     sfr7         00000
__Lsfr8                                     sfr8         00000
__Lsfr9                                     sfr9         00000
__Lspace_0                                  (abs)        00000
__Lspace_1                                  (abs)        00000
__Lspace_2                                  (abs)        00000
__Lspace_3                                  (abs)        00000
__Lstack                                    stack        00000
__Lstrings                                  strings      00000
__Ltext                                     text         00000
__S0                                        (abs)        0800B
__S1                                        (abs)        00144
__S2                                        (abs)        00000
__S3                                        (abs)        00000
___int_sp                                   stack        00000
___latbits                                  (abs)        00001
___lwdiv                                    text50       00F4A
___lwdiv@counter                            cstackBANK0  00058
___lwdiv@dividend                           cstackBANK0  00053
___lwdiv@divisor                            cstackBANK0  00051
___lwdiv@quotient                           cstackBANK0  00056
___sp                                       stack        00000
___wmul                                     text49       00E48
___wmul@multiplicand                        cstackBANK0  00053
___wmul@multiplier                          cstackBANK0  00051
___wmul@product                             cstackBANK0  00055
__end_of_ADC_Initialize                     text23       00C45
__end_of_CCP1_CallBack                      text74       00C23
__end_of_CCP1_CaptureISR                    text73       00D5F
__end_of_CCP1_Initialize                    text22       00D4D
__end_of_CCP2_Initialize                    text21       00C4E
__end_of_EPC_StateMachineControlLoop        text46       00FB9
__end_of_EUSART_Initialize                  text31       00CC5
__end_of_EUSART_Read                        text43       00C8E
__end_of_EUSART_Write                       text51       00C2B
__end_of_EXT_INT_Initialize                 text19       00CD1
__end_of_EncA_PulseEdgeEvent                text75       00C3C
__end_of_EncINX_PulseRisingEvent            text72       00F18
__end_of_INTERRUPT_InterruptManager         intentry     0004E
__end_of_INT_CallBack                       text70       00D12
__end_of_INT_DefaultInterruptHandler        text71       00BD0
__end_of_INT_ISR                            text69       00C01
__end_of_INT_SetInterruptHandler            text20       00C57
__end_of_IOCCF4_DefaultInterruptHandler     text68       00BD1
__end_of_IOCCF4_ISR                         text67       00CEA
__end_of_IOCCF4_SetInterruptHandler         text17       00C60
__end_of_IOCCF5_DefaultInterruptHandler     text66       00BD2
__end_of_IOCCF5_ISR                         text65       00CF7
__end_of_IOCCF5_SetInterruptHandler         text16       00C69
__end_of_LedONStartConfig                   text48       00781
__end_of_LedONStatusBusy                    text45       00BDC
__end_of_LedON_Control_10msec               text62       0071F
__end_of_MB_UpdateEPCParameter              text32       00800
__end_of_ModbusMasterInit                   text30       00D2F
__end_of_ModbusMasterSetup                  text27       00E12
__end_of_ModbusMasterTransaction            text34       006B4
__end_of_NutRunCycleReset                   text47       00DB3
__end_of_NutRunCycleStart                   text24       00D3E
__end_of_OSCILLATOR_Initialize              text18       00C33
__end_of_PIN_MANAGER_IOC                    text64       00CB9
__end_of_PIN_MANAGER_Initialize             text15       007E2
__end_of_SYSTEM_Initialize                  text5        00EA4
__end_of_TMR0_CallBack                      text60       00D20
__end_of_TMR0_DefaultInterruptHandler       text63       00BD3
__end_of_TMR0_ISR                           text59       00C06
__end_of_TMR0_Initialize                    text12       00D9C
__end_of_TMR0_SetInterruptHandler           text14       00C72
__end_of_TMR0_StartTimer                    text13       00BEB
__end_of_TMR3_DefaultInterruptHandler       text57       00BD6
__end_of_TMR3_ISR                           text56       00D73
__end_of_TMR3_Initialize                    text10       00E2D
__end_of_TMR3_SetInterruptHandler           text11       00C7B
__end_of_TMR3_StartTimer                    text26       00BE8
__end_of_TMR3_StopTimer                     text4        00BF1
__end_of_TMR3_WriteTimer                    text25       00DCA
__end_of_TMR5_DefaultInterruptHandler       text54       00BD9
__end_of_TMR5_ISR                           text53       00D87
__end_of_TMR5_Initialize                    text7        00E48
__end_of_TMR5_SetInterruptHandler           text9        00C84
__end_of_TMR5_StartTimer                    text8        00BEE
__end_of_TMR5_StopTimer                     text3        00BF4
__end_of_TMR5_WriteTimer                    text2        00DE1
__end_of_Timer0_tick10msecFunc              text61       00EC8
__end_of_Timer3_Overflow                    text58       00EEE
__end_of_Timer5_Overflow                    text55       00004
__end_of_WDT_Initialize                     text6        00BF8
__end_of___lwdiv                            text50       00F7F
__end_of___wmul                             text49       00E64
__end_of__initialization                    cinit        00098
__end_of_crc16_update                       text42       00F4A
__end_of_getEncoderState                    text1        00CAD
__end_of_getResponseBuffer                  text44       00E83
__end_of_highByte                           text41       00BDF
__end_of_lowByte                            text40       00BE2
__end_of_main                               maintext     01000
__end_of_millis                             text39       00C98
__end_of_millisReset                        text38       00CA2
__end_of_postTransmission                   text29       00C16
__end_of_postTransmission_App               text37       00C0B
__end_of_preTransmission                    text28       00C1C
__end_of_preTransmission_App                text36       00BE5
__end_of_readHoldingRegisters               text33       00D04
__end_of_word                               text35       00DF9
__initialization                            cinit        00050
__pbssBANK0                                 bssBANK0     00020
__pbssBANK1                                 bssBANK1     000EE
__pbssBANK2                                 bssBANK2     00120
__pbssBIGRAM                                (abs)        020F0
__pbssCOMMON                                bssCOMMON    00078
__pcstackBANK0                              cstackBANK0  00051
__pcstackBANK1                              cstackBANK1  000A0
__pcstackCOMMON                             cstackCOMMON 00070
__pdataBANK0                                dataBANK0    00066
__pdataBANK2                                dataBANK2    00140
__pidataBANK0                               idataBANK0   00C0B
__pidataBANK2                               idataBANK2   00BF8
__pintentry                                 intentry     00004
__pmaintext                                 maintext     00FB9
__pnvBANK0                                  nvBANK0      0006B
__pnvBANK2                                  nvBANK2      00134
__postTransmission                          bssBANK0     00030
__preTransmission                           bssBANK0     00032
__ptext1                                    text1        00CA2
__ptext10                                   text10       00E12
__ptext11                                   text11       00C72
__ptext12                                   text12       00D87
__ptext13                                   text13       00BE8
__ptext14                                   text14       00C69
__ptext15                                   text15       00781
__ptext16                                   text16       00C60
__ptext17                                   text17       00C57
__ptext18                                   text18       00C2B
__ptext19                                   text19       00CC5
__ptext2                                    text2        00DCA
__ptext20                                   text20       00C4E
__ptext21                                   text21       00C45
__ptext22                                   text22       00D3E
__ptext23                                   text23       00C3C
__ptext24                                   text24       00D2F
__ptext25                                   text25       00DB3
__ptext26                                   text26       00BE5
__ptext27                                   text27       00DF9
__ptext28                                   text28       00C16
__ptext29                                   text29       00C10
__ptext3                                    text3        00BF1
__ptext30                                   text30       00D20
__ptext31                                   text31       00CB9
__ptext32                                   text32       007E2
__ptext33                                   text33       00CF7
__ptext34                                   text34       0009C
__ptext35                                   text35       00DE1
__ptext36                                   text36       00BE2
__ptext37                                   text37       00C06
__ptext38                                   text38       00C98
__ptext39                                   text39       00C8E
__ptext4                                    text4        00BEE
__ptext40                                   text40       00BDF
__ptext41                                   text41       00BDC
__ptext42                                   text42       00F18
__ptext43                                   text43       00C84
__ptext44                                   text44       00E64
__ptext45                                   text45       00BD9
__ptext46                                   text46       00F7F
__ptext47                                   text47       00D9C
__ptext48                                   text48       0071F
__ptext49                                   text49       00E48
__ptext5                                    text5        00E83
__ptext50                                   text50       00F4A
__ptext51                                   text51       00C23
__ptext53                                   text53       00D73
__ptext54                                   text54       00BD6
__ptext55                                   text55       00003
__ptext56                                   text56       00D5F
__ptext57                                   text57       00BD3
__ptext58                                   text58       00EC8
__ptext59                                   text59       00C01
__ptext6                                    text6        00BF4
__ptext60                                   text60       00D12
__ptext61                                   text61       00EA4
__ptext62                                   text62       006B4
__ptext63                                   text63       00BD2
__ptext64                                   text64       00CAD
__ptext65                                   text65       00CEA
__ptext66                                   text66       00BD1
__ptext67                                   text67       00CDD
__ptext68                                   text68       00BD0
__ptext69                                   text69       00BFC
__ptext7                                    text7        00E2D
__ptext70                                   text70       00D04
__ptext71                                   text71       00BCF
__ptext72                                   text72       00EEE
__ptext73                                   text73       00D4D
__ptext74                                   text74       00C1C
__ptext75                                   text75       00C33
__ptext8                                    text8        00BEB
__ptext9                                    text9        00C7B
__size_of_ADC_Initialize                    (abs)        00000
__size_of_CCP1_CallBack                     (abs)        00000
__size_of_CCP1_CaptureISR                   (abs)        00000
__size_of_CCP1_Initialize                   (abs)        00000
__size_of_CCP2_Initialize                   (abs)        00000
__size_of_EPC_StateMachineControlLoop       (abs)        00000
__size_of_EUSART_Initialize                 (abs)        00000
__size_of_EUSART_Read                       (abs)        00000
__size_of_EUSART_Write                      (abs)        00000
__size_of_EXT_INT_Initialize                (abs)        00000
__size_of_EncA_PulseEdgeEvent               (abs)        00000
__size_of_EncINX_PulseRisingEvent           (abs)        00000
__size_of_INTERRUPT_InterruptManager        (abs)        00000
__size_of_INT_CallBack                      (abs)        00000
__size_of_INT_DefaultInterruptHandler       (abs)        00000
__size_of_INT_ISR                           (abs)        00000
__size_of_INT_SetInterruptHandler           (abs)        00000
__size_of_IOCCF4_DefaultInterruptHandler    (abs)        00000
__size_of_IOCCF4_ISR                        (abs)        00000
__size_of_IOCCF4_SetInterruptHandler        (abs)        00000
__size_of_IOCCF5_DefaultInterruptHandler    (abs)        00000
__size_of_IOCCF5_ISR                        (abs)        00000
__size_of_IOCCF5_SetInterruptHandler        (abs)        00000
__size_of_LedONStartConfig                  (abs)        00000
__size_of_LedONStatusBusy                   (abs)        00000
__size_of_LedON_Control_10msec              (abs)        00000
__size_of_MB_UpdateEPCParameter             (abs)        00000
__size_of_ModbusMasterInit                  (abs)        00000
__size_of_ModbusMasterSetup                 (abs)        00000
__size_of_ModbusMasterTransaction           (abs)        00000
__size_of_NutRunCycleReset                  (abs)        00000
__size_of_NutRunCycleStart                  (abs)        00000
__size_of_OSCILLATOR_Initialize             (abs)        00000
__size_of_PIN_MANAGER_IOC                   (abs)        00000
__size_of_PIN_MANAGER_Initialize            (abs)        00000
__size_of_SYSTEM_Initialize                 (abs)        00000
__size_of_TMR0_CallBack                     (abs)        00000
__size_of_TMR0_DefaultInterruptHandler      (abs)        00000
__size_of_TMR0_ISR                          (abs)        00000
__size_of_TMR0_Initialize                   (abs)        00000
__size_of_TMR0_SetInterruptHandler          (abs)        00000
__size_of_TMR0_StartTimer                   (abs)        00000
__size_of_TMR3_DefaultInterruptHandler      (abs)        00000
__size_of_TMR3_ISR                          (abs)        00000
__size_of_TMR3_Initialize                   (abs)        00000
__size_of_TMR3_SetInterruptHandler          (abs)        00000
__size_of_TMR3_StartTimer                   (abs)        00000
__size_of_TMR3_StopTimer                    (abs)        00000
__size_of_TMR3_WriteTimer                   (abs)        00000
__size_of_TMR5_DefaultInterruptHandler      (abs)        00000
__size_of_TMR5_ISR                          (abs)        00000
__size_of_TMR5_Initialize                   (abs)        00000
__size_of_TMR5_SetInterruptHandler          (abs)        00000
__size_of_TMR5_StartTimer                   (abs)        00000
__size_of_TMR5_StopTimer                    (abs)        00000
__size_of_TMR5_WriteTimer                   (abs)        00000
__size_of_Timer0_tick10msecFunc             (abs)        00000
__size_of_Timer3_Overflow                   (abs)        00000
__size_of_Timer5_Overflow                   (abs)        00000
__size_of_WDT_Initialize                    (abs)        00000
__size_of___lwdiv                           (abs)        00000
__size_of___wmul                            (abs)        00000
__size_of_crc16_update                      (abs)        00000
__size_of_getEncoderState                   (abs)        00000
__size_of_getResponseBuffer                 (abs)        00000
__size_of_highByte                          (abs)        00000
__size_of_lowByte                           (abs)        00000
__size_of_main                              (abs)        00000
__size_of_millis                            (abs)        00000
__size_of_millisReset                       (abs)        00000
__size_of_postTransmission                  (abs)        00000
__size_of_postTransmission_App              (abs)        00000
__size_of_preTransmission                   (abs)        00000
__size_of_preTransmission_App               (abs)        00000
__size_of_readHoldingRegisters              (abs)        00000
__size_of_word                              (abs)        00000
__u16ReadAddress                            bssBANK0     00038
__u16ReadQty                                bssBANK0     00036
__u16ResponseBuffer                         (abs)        020F0
__u16TransmitBuffer                         (abs)        02170
__u16WriteAddress                           bssBANK0     00034
__u16WriteQty                               bssBANK1     000EE
__u8MBSlave                                 bssBANK0     0004A
__u8ResponseBufferIndex                     bssBANK0     00048
__u8ResponseBufferLength                    bssBANK0     00047
__u8TransmitBufferIndex                     bssBANK0     00049
_crc16_update                               text42       00F18
_delayCount                                 bssBANK0     0003A
_delayFlag                                  bssCOMMON    0007A
_flagForFirstRevolution                     bssCOMMON    0007B
_getEncoderState                            text1        00CA2
_getResponseBuffer                          text44       00E64
_highByte                                   text41       00BDC
_lowByte                                    text40       00BDF
_main                                       maintext     00FB9
_millis                                     text39       00C8E
_millisReset                                text38       00C98
_multipleTimecheck0                         bssBANK0     00050
_multipleTimecheck1                         bssBANK0     0004F
_postTransmission                           text29       00C10
_postTransmission_App                       text37       00C06
_preTransmission                            text28       00C16
_preTransmission_App                        text36       00BE2
_readHoldingRegisters                       text33       00CF7
_timer3ReloadVal                            nvBANK0      0006B
_timer5ReloadVal                            nvBANK0      0006D
_u16TransmitBufferLength                    bssBANK2     0012C
_word                                       text35       00DE1
btemp                                       (abs)        0007E
clear_ram0                                  clrtext      00CD1
crc16_update@a                              cstackBANK0  00053
crc16_update@crc                            cstackBANK0  00051
crc16_update@i                              cstackBANK0  00056
end_of_initialization                       cinit        00098
getResponseBuffer@u8Index                   cstackBANK0  00057
highByte@ww                                 cstackBANK0  00051
int$flags                                   (abs)        0007E
intlevel0                                   functab      00000
intlevel1                                   functab      00000
intlevel2                                   functab      00000
intlevel3                                   functab      00000
intlevel4                                   functab      00000
intlevel5                                   functab      00000
lowByte@ww                                  cstackBANK0  00051
postTransmission@postTransmission           cstackBANK0  00051
preTransmission@preTransmission             cstackBANK0  00051
[...]
		None
 Return value:  Size  Location     Type
                  1    wreg      void 
 Registers used:
		wreg, fsr0l, fsr0h, status,2, status,0
 Tracked objects:
		On entry : 
		On exit  : 
		Unchanged: 
 Data sizes:     COMMON   BANK0   BANK1   BANK2   BANK3   BANK4   BANK5   BANK6
      Params:         0       0       0       0       0       0       0       0
      Locals:         0       0       0       0       0       0       0       0
      Temps:          0       0       0       0       0       0       0       0
      Totals:         0       0       0       0       0       0       0       0
Total ram usage:        0 bytes
 Hardware stack levels used:    1
 This function calls:
		Nothing
 This function is called by:
		_Timer0_tick10msecFunc
 This function uses a non-reentrant model


 *************** function _TMR0_DefaultInterruptHandler *****************
 Defined at:
		line 149 in file "mcc_generated_files/tmr0.c"
 Parameters:    Size  Location     Type
		None
 Auto vars:     Size  Location     Type
		None
 Return value:  Size  Location     Type
                  1    wreg      void 
 Registers used:
		None
 Tracked objects:
		On entry : 
		On exit  : 
		Unchanged: 
 Data sizes:     COMMON   BANK0   BANK1   BANK2   BANK3   BANK4   BANK5   BANK6
      Params:         0       0       0       0       0       0       0       0
      Locals:         0       0       0       0       0       0       0       0
      Temps:          0       0       0       0       0       0       0       0
      Totals:         0       0       0       0       0       0       0       0
Total ram usage:        0 bytes
 Hardware stack levels used:    1
 This function calls:
		Nothing
 This function is called by:
		_TMR0_Initialize
		_TMR0_CallBack
 This function uses a non-reentrant model


 *************** function _PIN_MANAGER_IOC *****************
 Defined at:
		line 132 in file "mcc_generated_files/pin_manager.c"
 Parameters:    Size  Location     Type
		None
 Auto vars:     Size  Location     Type
		None
 Return value:  Size  Location     Type
                  1    wreg      void 
 Registers used:
		wreg, status,2, status,0, pclath, cstack
 Tracked objects:
		On entry : 
		On exit  : 
		Unchanged: 
 Data sizes:     COMMON   BANK0   BANK1   BANK2   BANK3   BANK4   BANK5   BANK6
      Params:         0       0       0       0       0       0       0       0
      Locals:         0       0       0       0       0       0       0       0
      Temps:          0       0       0       0       0       0       0       0
      Totals:         0       0       0       0       0       0       0       0
Total ram usage:        0 bytes
 Hardware stack levels used:    1
 Hardware stack levels required when called:    2
 This function calls:
		_IOCCF4_ISR
		_IOCCF5_ISR
 This function is called by:
		_INTERRUPT_InterruptManager
 This function uses a non-reentrant model


 *************** function _IOCCF5_ISR *****************
 Defined at:
		line 182 in file "mcc_generated_files/pin_manager.c"
 Parameters:    Size  Location     Type
		None
 Auto vars:     Size  Location     Type
		None
 Return value:  Size  Location     Type
                  1    wreg      void 
 Registers used:
		wreg, status,2, status,0, pclath, cstack
 Tracked objects:
		On entry : 
		On exit  : 
		Unchanged: 
 Data sizes:     COMMON   BANK0   BANK1   BANK2   BANK3   BANK4   BANK5   BANK6
      Params:         0       0       0       0       0       0       0       0
      Locals:         0       0       0       0       0       0       0       0
      Temps:          0       0       0       0       0       0       0       0
      Totals:         0       0       0       0       0       0       0       0
Total ram usage:        0 bytes
 Hardware stack levels used:    1
 Hardware stack levels required when called:    1
 This function calls:
		Absolute function
		_IOCCF5_DefaultInterruptHandler
 This function is called by:
		_PIN_MANAGER_IOC
 This function uses a non-reentrant model


 *************** function _IOCCF5_DefaultInterruptHandler *****************
 Defined at:
		line 204 in file "mcc_generated_files/pin_manager.c"
 Parameters:    Size  Location     Type
		None
 Auto vars:     Size  Location     Type
		None
 Return value:  Size  Location     Type
                  1    wreg      void 
 Registers used:
		None
 Tracked objects:
		On entry : 
		On exit  : 
		Unchanged: 
 Data sizes:     COMMON   BANK0   BANK1   BANK2   BANK3   BANK4   BANK5   BANK6
      Params:         0       0       0       0       0       0       0       0
      Locals:         0       0       0       0       0       0       0       0
      Temps:          0       0       0       0       0       0       0       0
      Totals:         0       0       0       0       0       0       0       0
Total ram usage:        0 bytes
 Hardware stack levels used:    1
 This function calls:
		Nothing
 This function is called by:
		_PIN_MANAGER_Initialize
		_IOCCF5_ISR
 This function uses a non-reentrant model


 *************** function _IOCCF4_ISR *****************
 Defined at:
		line 152 in file "mcc_generated_files/pin_manager.c"
 Parameters:    Size  Location     Type
		None
 Auto vars:     Size  Location     Type
		None
 Return value:  Size  Location     Type
                  1    wreg      void 
 Registers used:
		wreg, status,2, status,0, pclath, cstack
 Tracked objects:
		On entry : 
		On exit  : 
		Unchanged: 
 Data sizes:     COMMON   BANK0   BANK1   BANK2   BANK3   BANK4   BANK5   BANK6
      Params:         0       0       0       0       0       0       0       0
      Locals:         0       0       0       0       0       0       0       0
      Temps:          0       0       0       0       0       0       0       0
      Totals:         0       0       0       0       0       0       0       0
Total ram usage:        0 bytes
 Hardware stack levels used:    1
 Hardware stack levels required when called:    1
 This function calls:
		Absolute function
		_IOCCF4_DefaultInterruptHandler
 This function is called by:
		_PIN_MANAGER_IOC
 This function uses a non-reentrant model


 *************** function _IOCCF4_DefaultInterruptHandler *****************
 Defined at:
		line 174 in file "mcc_generated_files/pin_manager.c"
 Parameters:    Size  Location     Type
		None
 Auto vars:     Size  Location     Type
		None
 Return value:  Size  Location     Type
                  1    wreg      void 
 Registers used:
		None
 Tracked objects:
		On entry : 
		On exit  : 
		Unchanged: 
 Data sizes:     COMMON   BANK0   BANK1   BANK2   BANK3   BANK4   BANK5   BANK6
      Params:         0       0       0       0       0       0       0       0
      Locals:         0       0       0       0       0       0       0       0
      Temps:          0       0       0       0       0       0       0       0
      Totals:         0       0       0       0       0       0       0       0
Total ram usage:        0 bytes
 Hardware stack levels used:    1
 This function calls:
		Nothing
 This function is called by:
		_PIN_MANAGER_Initialize
		_IOCCF4_ISR
 This function uses a non-reentrant model


 *************** function _INT_ISR *****************
 Defined at:
		line 44 in file "mcc_generated_files/ext_int.c"
 Parameters:    Size  Location     Type
		None
 Auto vars:     Size  Location     Type
		None
 Return value:  Size  Location     Type
                  1    wreg      void 
 Registers used:
		wreg, status,2, status,0, pclath, cstack
 Tracked objects:
		On entry : 
		On exit  : 
		Unchanged: 
 Data sizes:     COMMON   BANK0   BANK1   BANK2   BANK3   BANK4   BANK5   BANK6
      Params:         0       0       0       0       0       0       0       0
      Locals:         0       0       0       0       0       0       0       0
      Temps:          0       0       0       0       0       0       0       0
      Totals:         0       0       0       0       0       0       0       0
Total ram usage:        0 bytes
 Hardware stack levels used:    1
 Hardware stack levels required when called:    2
 This function calls:
		_INT_CallBack
 This function is called by:
		_INTERRUPT_InterruptManager
 This function uses a non-reentrant model


 *************** function _INT_CallBack *****************
 Defined at:
		line 59 in file "mcc_generated_files/ext_int.c"
 Parameters:    Size  Location     Type
		None
 Auto vars:     Size  Location     Type
		None
 Return value:  Size  Location     Type
                  1    wreg      void 
 Registers used:
		wreg, status,2, status,0, pclath, cstack
 Tracked objects:
		On entry : 
		On exit  : 
		Unchanged: 
 Data sizes:     COMMON   BANK0   BANK1   BANK2   BANK3   BANK4   BANK5   BANK6
      Params:         0       0       0       0       0       0       0       0
      Locals:         0       0       0       0       0       0       0       0
      Temps:          0       0       0       0       0       0       0       0
      Totals:         0       0       0       0       0       0       0       0
Total ram usage:        0 bytes
 Hardware stack levels used:    1
 Hardware stack levels required when called:    1
 This function calls:
		Absolute function
		_EncINX_PulseRisingEvent
		_INT_DefaultInterruptHandler
 This function is called by:
		_INT_ISR
 This function uses a non-reentrant model


 *************** function _INT_DefaultInterruptHandler *****************
 Defined at:
		line 80 in file "mcc_generated_files/ext_int.c"
 Parameters:    Size  Location     Type
		None
 Auto vars:     Size  Location     Type
		None
 Return value:  Size  Location     Type
                  1    wreg      void 
 Registers used:
		None
 Tracked objects:
		On entry : 
		On exit  : 
		Unchanged: 
 Data sizes:     COMMON   BANK0   BANK1   BANK2   BANK3   BANK4   BANK5   BANK6
      Params:         0       0       0       0       0       0       0       0
      Locals:         0       0       0       0       0       0       0       0
      Temps:          0       0       0       0       0       0       0       0
      Totals:         0       0       0       0       0       0       0       0
Total ram usage:        0 bytes
 Hardware stack levels used:    1
 This function calls:
		Nothing
 This function is called by:
		_EXT_INT_Initialize
		_INT_CallBack
 This function uses a non-reentrant model


 *************** function _EncINX_PulseRisingEvent *****************
 Defined at:
		line 592 in file "main.c"
 Parameters:    Size  Location     Type
		None
 Auto vars:     Size  Location     Type
		None
 Return value:  Size  Location     Type
                  1    wreg      void 
 Registers used:
		wreg, status,2, status,0
 Tracked objects:
		On entry : 
		On exit  : 
		Unchanged: 
 Data sizes:     COMMON   BANK0   BANK1   BANK2   BANK3   BANK4   BANK5   BANK6
      Params:         0       0       0       0       0       0       0       0
      Locals:         0       0       0       0       0       0       0       0
      Temps:          1       0       0       0       0       0       0       0
      Totals:         1       0       0       0       0       0       0       0
Total ram usage:        1 bytes
 Hardware stack levels used:    1
 This function calls:
		Nothing
 This function is called by:
		_INT_CallBack
 This function uses a non-reentrant model


 *************** function _CCP1_CaptureISR *****************
 Defined at:
		line 84 in file "mcc_generated_files/ccp1.c"
 Parameters:    Size  Location     Type
		None
 Auto vars:     Size  Location     Type
  module          2    5[COMMON] struct CCPR1Reg_tag
 Return value:  Size  Location     Type
                  1    wreg      void 
 Registers used:
		wreg, status,2, status,0, pclath, cstack
 Tracked objects:
		On entry : 
		On exit  : 
		Unchanged: 
 Data sizes:     COMMON   BANK0   BANK1   BANK2   BANK3   BANK4   BANK5   BANK6
      Params:         0       0       0       0       0       0       0       0
      Locals:         2       0       0       0       0       0       0       0
      Temps:          1       0       0       0       0       0       0       0
      Totals:         3       0       0       0       0       0       0       0
Total ram usage:        3 bytes
 Hardware stack levels used:    1
 Hardware stack levels required when called:    2
 This function calls:
		_CCP1_CallBack
 This function is called by:
		_INTERRUPT_InterruptManager
 This function uses a non-reentrant model


 *************** function _CCP1_CallBack *****************
 Defined at:
		line 99 in file "mcc_generated_files/ccp1.c"
 Parameters:    Size  Location     Type
  capturedValu    2    2[COMMON] unsigned int 
 Auto vars:     Size  Location     Type
		None
 Return value:  Size  Location     Type
                  1    wreg      void 
 Registers used:
		wreg, status,2, status,0, pclath, cstack
 Tracked objects:
		On entry : 
		On exit  : 
		Unchanged: 
 Data sizes:     COMMON   BANK0   BANK1   BANK2   BANK3   BANK4   BANK5   BANK6
      Params:         2       0       0       0       0       0       0       0
      Locals:         0       0       0       0       0       0       0       0
      Temps:          0       0       0       0       0       0       0       0
      Totals:         2       0       0       0       0       0       0       0
Total ram usage:        2 bytes
 Hardware stack levels used:    1
 Hardware stack levels required when called:    1
 This function calls:
		_EncA_PulseEdgeEvent
 This function is called by:
		_CCP1_CaptureISR
 This function uses a non-reentrant model


 *************** function _EncA_PulseEdgeEvent *****************
 Defined at:
		line 267 in file "main.c"
 Parameters:    Size  Location     Type
  capturedValu    2    0[COMMON] unsigned int 
 Auto vars:     Size  Location     Type
		None
 Return value:  Size  Location     Type
                  1    wreg      void 
 Registers used:
		None
 Tracked objects:
		On entry : 
		On exit  : 
		Unchanged: 
 Data sizes:     COMMON   BANK0   BANK1   BANK2   BANK3   BANK4   BANK5   BANK6
      Params:         2       0       0       0       0       0       0       0
      Locals:         0       0       0       0       0       0       0       0
      Temps:          0       0       0       0       0       0       0       0
      Totals:         2       0       0       0       0       0       0       0
Total ram usage:        2 bytes
 Hardware stack levels used:    1
 This function calls:
		Nothing
 This function is called by:
		_CCP1_CallBack
 This function uses a non-reentrant model



MODULE INFORMATION

Module		Function		Class		Link	Load	Size
C:\Program Files (x86)\Microchip\xc8\v1.41\sources\common\lwdiv.c
		___lwdiv       		CODE           	0F4A	0000	54

C:\Program Files (x86)\Microchip\xc8\v1.41\sources\common\lwdiv.c estimated size: 54

mcc_generated_files/ccp1.c
		_CCP1_CallBack 		CODE           	0C1C	0000	8
		_CCP1_CaptureISR		CODE           	0D4D	0000	19
		_CCP1_Initialize		CODE           	0D3E	0000	16

mcc_generated_files/ccp1.c estimated size: 43

ModbusManager.c
		_postTransmission_App		CODE           	0C06	0000	6
		_ModbusMasterSetup		CODE           	0DF9	0000	26
		_MB_UpdateEPCParameter		CODE           	07E2	0000	31
		_preTransmission_App		CODE           	0BE2	0000	4

ModbusManager.c estimated size: 67

LED_Ctrl.c
		_LedONStartConfig		CODE           	071F	0000	99
		_LedON_Control_10msec		CODE           	06B4	0000	108
		_LedONStatusBusy		CODE           	0BD9	0000	4

LED_Ctrl.c estimated size: 211

C:\Program Files (x86)\Microchip\xc8\v1.41\sources\common\Umul16.c
		___wmul        		CODE           	0E48	0000	29

C:\Program Files (x86)\Microchip\xc8\v1.41\sources\common\Umul16.c estimated size: 29

mcc_generated_files/interrupt_manager.c
		_INTERRUPT_InterruptManager		CODE           	0004	0000	75

mcc_generated_files/interrupt_manager.c estimated size: 75

mcc_generated_files/tmr0.c
		_TMR0_SetInterruptHandler		CODE           	0C69	0000	10
		_TMR0_DefaultInterruptHandler		CODE           	0BD2	0000	2
		_TMR0_CallBack 		CODE           	0D12	0000	15
		_TMR0_StartTimer		CODE           	0BE8	0000	4
		_TMR0_ISR      		CODE           	0C01	0000	6
		_TMR0_Initialize		CODE           	0D87	0000	22

mcc_generated_files/tmr0.c estimated size: 59

mcc_generated_files/pin_manager.c
		_PIN_MANAGER_Initialize		CODE           	0781	0000	98
		_IOCCF5_SetInterruptHandler		CODE           	0C60	0000	10
		_IOCCF4_DefaultInterruptHandler		CODE           	0BD0	0000	2
		_IOCCF4_ISR    		CODE           	0CDD	0000	14
		_PIN_MANAGER_IOC		CODE           	0CAD	0000	13
		_IOCCF5_DefaultInterruptHandler		CODE           	0BD1	0000	2
		_IOCCF5_ISR    		CODE           	0CEA	0000	14
		_IOCCF4_SetInterruptHandler		CODE           	0C57	0000	10

mcc_generated_files/pin_manager.c estimated size: 163

ModbusMaster.c
		_postTransmission		CODE           	0C10	0000	7
		_ModbusMasterTransaction		CODE           	009C	0000	1561
		_readHoldingRegisters		CODE           	0CF7	0000	14
		_preTransmission		CODE           	0C16	0000	7
		_getResponseBuffer		CODE           	0E64	0000	32
		_ModbusMasterInit		CODE           	0D20	0000	16

ModbusMaster.c estimated size: 1637

mcc_generated_files/adc.c
		_ADC_Initialize		CODE           	0C3C	0000	10

mcc_generated_files/adc.c estimated size: 10

mcc_generated_files/ccp2.c
		_CCP2_Initialize		CODE           	0C45	0000	10

mcc_generated_files/ccp2.c estimated size: 10

crc16.h
		_crc16_update  		CODE           	0F18	0000	51

crc16.h estimated size: 51

mcc_generated_files/ext_int.c
		_INT_DefaultInterruptHandler		CODE           	0BCF	0000	2
		_EXT_INT_Initialize		CODE           	0CC5	0000	13
		_INT_SetInterruptHandler		CODE           	0C4E	0000	10
		_INT_CallBack  		CODE           	0D04	0000	15
		_INT_ISR       		CODE           	0BFC	0000	6

mcc_generated_files/ext_int.c estimated size: 46

mcc_generated_files/tmr5.c
		_TMR5_ISR      		CODE           	0D73	0000	21
		_TMR5_Initialize		CODE           	0E2D	0000	28
		_TMR5_SetInterruptHandler		CODE           	0C7B	0000	10
		_TMR5_StopTimer		CODE           	0BF1	0000	4
		_TMR5_DefaultInterruptHandler		CODE           	0BD6	0000	4
		_TMR5_WriteTimer		CODE           	0DCA	0000	24
		_TMR5_StartTimer		CODE           	0BEB	0000	4

mcc_generated_files/tmr5.c estimated size: 95

shared
		__initialization		CODE           	0050	0000	73

shared estimated size: 73

mcc_generated_files/mcc.c
		_WDT_Initialize		CODE           	0BF4	0000	5
		_OSCILLATOR_Initialize		CODE           	0C2B	0000	9
		_SYSTEM_Initialize		CODE           	0E83	0000	34

mcc_generated_files/mcc.c estimated size: 48

mcc_generated_files/tmr3.c
		_TMR3_ISR      		CODE           	0D5F	0000	21
		_TMR3_Initialize		CODE           	0E12	0000	28
		_TMR3_SetInterruptHandler		CODE           	0C72	0000	10
		_TMR3_StopTimer		CODE           	0BEE	0000	4
		_TMR3_DefaultInterruptHandler		CODE           	0BD3	0000	4
		_TMR3_WriteTimer		CODE           	0DB3	0000	24
		_TMR3_StartTimer		CODE           	0BE5	0000	4

mcc_generated_files/tmr3.c estimated size: 95

word.h
		_word          		CODE           	0DE1	0000	25
		_highByte      		CODE           	0BDC	0000	4
		_lowByte       		CODE           	0BDF	0000	4

word.h estimated size: 33

mcc_generated_files/eusart.c
		_EUSART_Read   		CODE           	0C84	0000	11
		_EUSART_Write  		CODE           	0C23	0000	9
		_EUSART_Initialize		CODE           	0CB9	0000	13

mcc_generated_files/eusart.c estimated size: 33

main.c
		_millis        		CODE           	0C8E	0000	11
		_getEncoderState		CODE           	0CA2	0000	12
		_Timer0_tick10msecFunc		CODE           	0EA4	0000	37
		_main          		CODE           	0FB9	0000	72
		_Timer5_Overflow		CODE           	0003	0000	2
		_EncINX_PulseRisingEvent		CODE           	0EEE	0000	43
		_millisReset   		CODE           	0C98	0000	11
		_EPC_StateMachineControlLoop		CODE           	0F7F	0000	59
		_NutRunCycleReset		CODE           	0D9C	0000	24
		_NutRunCycleStart		CODE           	0D2F	0000	16
		_Timer3_Overflow		CODE           	0EC8	0000	39
		_EncA_PulseEdgeEvent		CODE           	0C33	0000	10

main.c estimated size: 336

