Microchip MPLAB XC8 Compiler V1.41 ()

Linker command line:

-W-3 --edf=C:\Program Files (x86)\Microchip\xc8\v1.41\dat\en_msgs.txt -cs \
  -h+dist/default/production\EncoderSenseNutControl.production.sym \
  --cmf=dist/default/production\EncoderSenseNutControl.production.cmf -z \
  -Q16F18344 -oC:\Users\paull\AppData\Local\Temp\s65o.2 \
  -Mdist/default/production/EncoderSenseNutControl.production.map -E1 \
  -ver=XC8 -ASTACK=02084h-0209fh -pstack=STACK -ACODE=00h-07FFhx2 \
  -ASTRCODE=00h-0FFFh -ASTRING=00h-0FFhx16 -ACONST=00h-0FFhx16 \
  -AENTRY=00h-0FFhx16 -ACOMMON=070h-07Fh -ABANK0=020h-06Fh \
  -ABANK1=0A0h-0EFh -ABANK2=0120h-016Fh -ABANK3=01A0h-01EFh \
  -ABANK4=0220h-026Fh -ABANK5=02A0h-02EFh -ABANK6=0320h-032Fh \
  -ABIGRAM=02000h-021EFh \
  -ARAM=020h-06Fh,0A0h-0EFh,0120h-016Fh,01A0h-01EFh,0220h-026Fh,02A0h-02EFh,0320h-032Fh \
  -AABS1=020h-07Fh,0A0h-0EFh,0120h-016Fh,01A0h-01EFh,0220h-026Fh,02A0h-02EFh,0320h-032Fh \
  -ASFR0=00h-01Fh -ASFR1=080h-09Fh -ASFR2=0100h-011Fh -ASFR3=0180h-019Fh \
  -ASFR4=0200h-021Fh -ASFR5=0280h-029Fh -ASFR6=0300h-031Fh \
  -ASFR7=0380h-03EFh -ASFR8=0400h-046Fh -ASFR9=0480h-04EFh \
  -ASFR10=0500h-056Fh -ASFR11=0580h-05EFh -ASFR12=0600h-066Fh \
  -ASFR13=0680h-06EFh -ASFR14=0700h-076Fh -ASFR15=0780h-07EFh \
  -ASFR16=0800h-086Fh -ASFR17=0880h-08EFh -ASFR18=0900h-096Fh \
  -ASFR19=0980h-09EFh -ASFR20=0A00h-0A6Fh -ASFR21=0A80h-0AEFh \
  -ASFR22=0B00h-0B6Fh -ASFR23=0B80h-0BEFh -ASFR24=0C00h-0C6Fh \
  -ASFR25=0C80h-0CEFh -ASFR26=0D00h-0D6Fh -ASFR27=0D80h-0DEFh \
  -ASFR28=0E00h-0E6Fh -ASFR29=0E80h-0EEFh -ASFR30=0F00h-0F6Fh \
  -ASFR31=0F80h-0FEFh -preset_vec=00h,intentry=04h,init,end_init \
  -ppowerup=CODE -pcinit=CODE -pfunctab=CODE -ACONFIG=08007h-0800Ah \
  -pconfig=CONFIG -DCONFIG=2 -AIDLOC=08000h-08003h -pidloc=IDLOC -DIDLOC=2 \
  -AEEDATA=00h-0FFh/0F000h -peeprom_data=EEDATA -DEEDATA=2 -DCODE=2 \
  -DSTRCODE=2 -DSTRING=2 -DCONST=2 -DENTRY=2 -k \
  C:\Users\paull\AppData\Local\Temp\s65o.obj \
  dist/default/production\EncoderSenseNutControl.production.obj 

Object code version is 3.11

Machine type is 16F18344



                Name                               Link     Load   Length Selector   Space Scale
C:\Users\paull\AppData\Local\Temp\s65o.obj
                end_init                             4E       4E        2        8       0
                reset_vec                             0        0        2        0       0
                config                             8007     8007        4    1000E       0
dist/default/production\EncoderSenseNutControl.production.obj
                cinit                                50       50       4D        8       0
                intentry                              4        4       4A        8       0
                text75                              D19      D19        9     1A32       0
                text74                              CFA      CFA        7     19F4       0
                text73                              E3A      E3A       12     1C74       0
                text72                              7B4      7B4       2A        8       0
                text71                              CB6      CB6        1     196C       0
                text70                              DE0      DE0        E     1BC0       0
                text69                              CDF      CDF        5     19BE       0
                text68                              CB7      CB7        1     196E       0
                text67                              DB9      DB9        D     1B72       0
                text66                              CB8      CB8        1     1970       0
                text65                              DC6      DC6        D     1B8C       0
                text64                              D89      D89        C     1B12       0
                text63                              CB9      CB9        1     1972       0
                text62                              5C1      5C1       70        8       0
                text61                              FB4      FB4       26     1F68       0
                text60                              DEE      DEE        E     1BDC       0
                text59                              CE4      CE4        5     19C8       0
                text58                              FDA      FDA       26     1FB4       0
                text57                              CBA      CBA        3     1974       0
                text56                              E4C      E4C       14     1C98       0
                text55                                2        2        1        0       0
                text54                              CBD      CBD        3     197A       0
                text53                              E60      E60       14     1CC0       0
                text51                              74D      74D       35        8       0
                text50                              F36      F36       1C     1E6C       0
                text49                              631      631       68        8       0
                text48                              CC0      CC0        3     1980       0
                text47                              F52      F52       1F     1EA4       0
                text46                              D6A      D6A        A     1AD4       0
                text45                              D01      D01        8     1A02       0
                text44                              782      782       32        8       0
                text43                              CC3      CC3        3     1986       0
                text42                              CC6      CC6        3     198C       0
                text41                              E29      E29       11     1C52       0
                text40                              D74      D74        A     1AE8       0
                text39                              CE9      CE9        5     19D2       0
                text38                              CC9      CC9        3     1992       0
                text37                              EB7      EB7       18     1D6E       0
                text36                               9D       9D      524        8       0
                text35                              DD3      DD3        D     1BA6       0
                text34                              F92      F92       22     1F24       0
                text33                              D95      D95        C     1B2A       0
                text32                              DFC      DFC        F     1BF8       0
                text31                              CEE      CEE        6     19DC       0
                text30                              CF4      CF4        6     19E8       0
                text29                              EE7      EE7       19     1DCE       0
                text28                              ECF      ECF       18     1D9E       0
                text27                              CCC      CCC        3     1998       0
                text26                              E89      E89       17     1D12       0
                text25                              E0B      E0B        F     1C16       0
                text24                              D22      D22        9     1A44       0
                text23                              E1A      E1A        F     1C34       0
                text22                              D2B      D2B        9     1A56       0
                text21                              D34      D34        9     1A68       0
                text20                              DA1      DA1        C     1B42       0
                text19                              D09      D09        8     1A12       0
                text18                              D3D      D3D        9     1A7A       0
                text17                              D46      D46        9     1A8C       0
                text16                              699      699       61        8       0
                text15                              D4F      D4F        9     1A9E       0
                text14                              CCF      CCF        3     199E       0
                text13                              E74      E74       15     1CE8       0
                text12                              D58      D58        9     1AB0       0
                text11                              F00      F00       1B     1E00       0
                text10                              D61      D61        9     1AC2       0
                text9                               CD2      CD2        3     19A4       0
                text8                               F1B      F1B       1B     1E36       0
                text7                               CDB      CDB        4     19B6       0
                text6                               F71      F71       21     1EE2       0
                text5                               CD5      CD5        3     19AA       0
                text4                               CD8      CD8        3     19B0       0
                text3                               EA0      EA0       17     1D40       0
                text2                               7DE      7DE       22        8       0
                text1                               D7E      D7E        B     1AFC       0
                maintext                            6FA      6FA       53        8       0
                cstackBANK0                          48       48       23       20       1
                cstackCOMMON                         70       70        8       70       1
                clrtext                             DAD      DAD        C     1B5A       0
                bssBANK2                            120      120       40      120       1
                dataBANK1                            CC       CC        8       A0       1
                bssBANK1                             A0       A0       20       A0       1
                dataBANK0                            6F       6F        1       20       1
                bssBANK0                             20       20       28       20       1
                bssCOMMON                            78       78        5       70       1
                nvBANK1                              C0       C0        C       A0       1
                nvBANK0                              6B       6B        4       20       1
                idataBANK1                          D11      D11        8     1A22       0
                idataBANK0                            3        3        1        6       0

TOTAL           Name                               Link     Load   Length     Space
        CLASS   STACK          

        CLASS   CODE           
                end_init                             4E       4E        2         0
                cinit                                50       50       4D         0
                intentry                              4        4       4A         0
                reset_vec                             0        0        2         0
                text75                              D19      D19        9         0
                text74                              CFA      CFA        7         0
                text73                              E3A      E3A       12         0
                text72                              7B4      7B4       2A         0
                text71                              CB6      CB6        1         0
                text70                              DE0      DE0        E         0
                text69                              CDF      CDF        5         0
                text68                              CB7      CB7        1         0
                text67                              DB9      DB9        D         0
                text66                              CB8      CB8        1         0
                text65                              DC6      DC6        D         0
                text64                              D89      D89        C         0
                text63                              CB9      CB9        1         0
                text62                              5C1      5C1       70         0
                text61                              FB4      FB4       26         0
                text60                              DEE      DEE        E         0
                text59                              CE4      CE4        5         0
                text58                              FDA      FDA       26         0
                text57                              CBA      CBA        3         0
                text56                              E4C      E4C       14         0
                text55                                2        2        1         0
                text54                              CBD      CBD        3         0
                text53                              E60      E60       14         0
                text51                              74D      74D       35         0
                text50                              F36      F36       1C         0
                text49                              631      631       68         0
                text48                              CC0      CC0        3         0
                text47                              F52      F52       1F         0
                text46                              D6A      D6A        A         0
                text45                              D01      D01        8         0
                text44                              782      782       32         0
                text43                              CC3      CC3        3         0
                text42                              CC6      CC6        3         0
                text41                              E29      E29       11         0
                text40                              D74      D74        A         0
                text39                              CE9      CE9        5         0
                text38                              CC9      CC9        3         0
                text37                              EB7      EB7       18         0
                text36                               9D       9D      524         0
                text35                              DD3      DD3        D         0
                text34                              F92      F92       22         0
                text33                              D95      D95        C         0
                text32                              DFC      DFC        F         0
                text31                              CEE      CEE        6         0
                text30                              CF4      CF4        6         0
                text29                              EE7      EE7       19         0
                text28                              ECF      ECF       18         0
                text27                              CCC      CCC        3         0
                text26                              E89      E89       17         0
                text25                              E0B      E0B        F         0
                text24                              D22      D22        9         0
                text23                              E1A      E1A        F         0
                text22                              D2B      D2B        9         0
                text21                              D34      D34        9         0
                text20                              DA1      DA1        C         0
                text19                              D09      D09        8         0
                text18                              D3D      D3D        9         0
                text17                              D46      D46        9         0
                text16                              699      699       61         0
                text15                              D4F      D4F        9         0
                text14                              CCF      CCF        3         0
                text13                              E74      E74       15         0
                text12                              D58      D58        9         0
                text11                              F00      F00       1B         0
                text10                              D61      D61        9         0
                text9                               CD2      CD2        3         0
                text8                               F1B      F1B       1B         0
                text7                               CDB      CDB        4         0
                text6                               F71      F71       21         0
                text5                               CD5      CD5        3         0
                text4                               CD8      CD8        3         0
                text3                               EA0      EA0       17         0
                text2                               7DE      7DE       22         0
                text1                               D7E      D7E        B         0
                maintext                            6FA      6FA       53         0
                clrtext                             DAD      DAD        C         0
                idataBANK1                          D11      D11        8         0
                idataBANK0                            3        3        1         0

        CLASS   STRCODE        

        CLASS   STRING         

        CLASS   CONST          

        CLASS   ENTRY          

        CLASS   COMMON         
                cstackCOMMON                         70       70        8         1
                bssCOMMON                            78       78        5         1

        CLASS   BANK0          
                cstackBANK0                          48       48       23         1
                dataBANK0                            6F       6F        1         1
                bssBANK0                             20       20       28         1
                nvBANK0                              6B       6B        4         1

        CLASS   BANK1          
                dataBANK1                            CC       CC        8         1
                bssBANK1                             A0       A0       20         1
                nvBANK1                              C0       C0        C         1

        CLASS   BANK2          
                bssBANK2                            120      120       40         1

        CLASS   BANK3          

        CLASS   BANK4          

        CLASS   BANK5          

        CLASS   BANK6          

        CLASS   BIGRAM         

        CLASS   RAM            

        CLASS   ABS1           
                abs_s1                               7E       7E        2         1
                abs_s1                              1A0      1A0       50         1
                abs_s1                              220      220       50         1
                abs_s1                              2A0      2A0       50         1
                abs_s1                              320      320       10         1
                abs_s1                             20F0     20F0        0         1
                abs_s1                             2170     2170        0         1

        CLASS   SFR0           

        CLASS   SFR1           

        CLASS   SFR2           

        CLASS   SFR3           

        CLASS   SFR4           

        CLASS   SFR5           

        CLASS   SFR6           

        CLASS   SFR7           

        CLASS   SFR8           

        CLASS   SFR9           

        CLASS   SFR10          

        CLASS   SFR11          

        CLASS   SFR12          

        CLASS   SFR13          

        CLASS   SFR14          

        CLASS   SFR15          

        CLASS   SFR16          

        CLASS   SFR17          

        CLASS   SFR18          

        CLASS   SFR19          

        CLASS   SFR20          

        CLASS   SFR21          

        CLASS   SFR22          

        CLASS   SFR23          

        CLASS   SFR24          

        CLASS   SFR25          

        CLASS   SFR26          

        CLASS   SFR27          

        CLASS   SFR28          

        CLASS   SFR29          

        CLASS   SFR30          

        CLASS   SFR31          

        CLASS   CONFIG         
                config                             8007     8007        4         0

        CLASS   IDLOC          

        CLASS   EEDATA         

        CLASS   BANK31         

        CLASS   BANK30         

        CLASS   BANK29         

        CLASS   BANK28         

        CLASS   BANK27         

        CLASS   BANK26         

        CLASS   BANK25         

        CLASS   BANK24         

        CLASS   BANK23         

        CLASS   BANK22         

        CLASS   BANK21         

        CLASS   BANK20         

        CLASS   BANK19         

        CLASS   BANK18         

        CLASS   BANK17         

        CLASS   BANK16         

        CLASS   BANK15         

        CLASS   BANK14         

        CLASS   BANK13         

        CLASS   BANK12         

        CLASS   BANK11         

        CLASS   BANK10         

        CLASS   BANK9          

        CLASS   BANK8          

        CLASS   BANK7          



SEGMENTS        Name                           Load    Length   Top    Selector   Space  Class     Delta

                reset_vec                      000000  000003  000003         0       0  CODE        2
                idataBANK0                     000003  000001  000004         6       0  CODE        2
                intentry                       000004  0007FC  000800         8       0  CODE        2
                bssBANK0                       000020  000050  000070        20       1  BANK0       1
                cstackCOMMON                   000070  00000D  00007D        70       1  COMMON      1
                bssBANK1                       0000A0  000034  0000D4        A0       1  BANK1       1
                bssBANK2                       000120  000040  000160       120       1  BANK2       1
                text71                         000CB6  000001  000CB7      196C       0  CODE        2
                text68                         000CB7  000001  000CB8      196E       0  CODE        2
                text66                         000CB8  000001  000CB9      1970       0  CODE        2
                text63                         000CB9  000001  000CBA      1972       0  CODE        2
                text57                         000CBA  000003  000CBD      1974       0  CODE        2
                text54                         000CBD  000003  000CC0      197A       0  CODE        2
                text48                         000CC0  000003  000CC3      1980       0  CODE        2
                text43                         000CC3  000003  000CC6      1986       0  CODE        2
                text42                         000CC6  000003  000CC9      198C       0  CODE        2
                text38                         000CC9  000003  000CCC      1992       0  CODE        2
                text27                         000CCC  000003  000CCF      1998       0  CODE        2
                text14                         000CCF  000003  000CD2      199E       0  CODE        2
                text9                          000CD2  000003  000CD5      19A4       0  CODE        2
                text5                          000CD5  000003  000CD8      19AA       0  CODE        2
                text4                          000CD8  000003  000CDB      19B0       0  CODE        2
                text7                          000CDB  000004  000CDF      19B6       0  CODE        2
                text69                         000CDF  000005  000CE4      19BE       0  CODE        2
                text59                         000CE4  000005  000CE9      19C8       0  CODE        2
                text39                         000CE9  000005  000CEE      19D2       0  CODE        2
                text31                         000CEE  000006  000CF4      19DC       0  CODE        2
                text30                         000CF4  000006  000CFA      19E8       0  CODE        2
                text74                         000CFA  000007  000D01      19F4       0  CODE        2
                text45                         000D01  000008  000D09      1A02       0  CODE        2
                text19                         000D09  000008  000D11      1A12       0  CODE        2
                idataBANK1                     000D11  000008  000D19      1A22       0  CODE        2
                text75                         000D19  000009  000D22      1A32       0  CODE        2
                text24                         000D22  000009  000D2B      1A44       0  CODE        2
                text22                         000D2B  000009  000D34      1A56       0  CODE        2
                text21                         000D34  000009  000D3D      1A68       0  CODE        2
                text18                         000D3D  000009  000D46      1A7A       0  CODE        2
                text17                         000D46  000009  000D4F      1A8C       0  CODE        2
                text15                         000D4F  000009  000D58      1A9E       0  CODE        2
                text12                         000D58  000009  000D61      1AB0       0  CODE        2
                text10                         000D61  000009  000D6A      1AC2       0  CODE        2
                text46                         000D6A  00000A  000D74      1AD4       0  CODE        2
                text40                         000D74  00000A  000D7E      1AE8       0  CODE        2
                text1                          000D7E  00000B  000D89      1AFC       0  CODE        2
                text64                         000D89  00000C  000D95      1B12       0  CODE        2
                text33                         000D95  00000C  000DA1      1B2A       0  CODE        2
                text20                         000DA1  00000C  000DAD      1B42       0  CODE        2
                clrtext                        000DAD  00000C  000DB9      1B5A       0  CODE        2
                text67                         000DB9  00000D  000DC6      1B72       0  CODE        2
                text65                         000DC6  00000D  000DD3      1B8C       0  CODE        2
                text35                         000DD3  00000D  000DE0      1BA6       0  CODE        2
                text70                         000DE0  00000E  000DEE      1BC0       0  CODE        2
                text60                         000DEE  00000E  000DFC      1BDC       0  CODE        2
                text32                         000DFC  00000F  000E0B      1BF8       0  CODE        2
                text25                         000E0B  00000F  000E1A      1C16       0  CODE        2
                text23                         000E1A  00000F  000E29      1C34       0  CODE        2
                text41                         000E29  000011  000E3A      1C52       0  CODE        2
                text73                         000E3A  000012  000E4C      1C74       0  CODE        2
                text56                         000E4C  000014  000E60      1C98       0  CODE        2
                text53                         000E60  000014  000E74      1CC0       0  CODE        2
                text13                         000E74  000015  000E89      1CE8       0  CODE        2
                text26                         000E89  000017  000EA0      1D12       0  CODE        2
                text3                          000EA0  000017  000EB7      1D40       0  CODE        2
                text37                         000EB7  000018  000ECF      1D6E       0  CODE        2
                text28                         000ECF  000018  000EE7      1D9E       0  CODE        2
                text29                         000EE7  000019  000F00      1DCE       0  CODE        2
                text11                         000F00  00001B  000F1B      1E00       0  CODE        2
                text8                          000F1B  00001B  000F36      1E36       0  CODE        2
                text50                         000F36  00001C  000F52      1E6C       0  CODE        2
                text47                         000F52  00001F  000F71      1EA4       0  CODE        2
                text6                          000F71  000021  000F92      1EE2       0  CODE        2
                text34                         000F92  000022  000FB4      1F24       0  CODE        2
                text61                         000FB4  000026  000FDA      1F68       0  CODE        2
                text58                         000FDA  000026  001000      1FB4       0  CODE        2
                config                         008007  000004  00800B     1000E       0  CONFIG      2


UNUSED ADDRESS RANGES

        Name                Unused          Largest block    Delta
        BANK1            000D4-000EF              1C           1
        BANK2            00160-0016F              10           1
        BIGRAM           02000-021EF             1F0           1
        CODE             00800-00CB5             4B6           2
        COMMON           0007D-0007D               1           1
        CONST            00800-00CB5             100           2
        EEDATA           0F000-0F0FF             100           2
        ENTRY            00800-00CB5             100           2
        IDLOC            08000-08003               4           2
        RAM              000D4-000EF              1C           1
                         00160-0016F              10
        SFR0             00000-0001F              20           1
        SFR1             00080-0009F              20           1
        SFR10            00500-0056F              70           1
        SFR11            00580-005EF              70           1
        SFR12            00600-0066F              70           1
        SFR13            00680-006EF              70           1
        SFR14            00700-0076F              70           1
        SFR15            00780-007EF              70           1
        SFR16            00800-0086F              70           1
        SFR17            00880-008EF              70           1
        SFR18            00900-0096F              70           1
        SFR19            00980-009EF              70           1
        SFR2             00100-0011F              20           1
        SFR20            00A00-00A6F              70           1
        SFR21            00A80-00AEF              70           1
        SFR22            00B00-00B6F              70           1
        SFR23            00B80-00BEF              70           1
        SFR24            00C00-00C6F              70           1
        SFR25            00C80-00CEF              70           1
        SFR26            00D00-00D6F              70           1
        SFR27            00D80-00DEF              70           1
        SFR28            00E00-00E6F              70           1
        SFR29            00E80-00EEF              70           1
        SFR3             00180-0019F              20           1
        SFR30            00F00-00F6F              70           1
        SFR31            00F80-00FEF              70           1
        SFR4             00200-0021F              20           1
        SFR5             00280-0029F              20           1
        SFR6             00300-0031F              20           1
        SFR7             00380-003EF              70           1
        SFR8             00400-0046F              70           1
        SFR9             00480-004EF              70           1
        STACK            02084-0209F              1C           1
        STRCODE          00800-00CB5             4B6           2
        STRING           00800-00CB5             100           2

                                  Symbol Table

?___lwdiv                                   cstackBANK0  00048
?___wmul                                    cstackBANK0  00048
?_crc16_update                              cstackBANK0  00048
?_getResponseBuffer                         cstackBANK0  00048
?_millis                                    cstackBANK0  00048
?_word                                      cstackBANK0  00048
CCP1_CallBack@capturedValue                 cstackCOMMON 00072
CCP1_CaptureISR@module                      cstackCOMMON 00075
EUSART_Write@txData                         cstackBANK0  00048
EncA_PulseEdgeEvent@capturedValue           cstackCOMMON 00070
INT_SetInterruptHandler@InterruptHandler    cstackBANK0  00048
IOCCF4_SetInterruptHandler@InterruptHandler cstackBANK0  00048
IOCCF5_SetInterruptHandler@InterruptHandler cstackBANK0  00048
LedONStartConfig@LEDcolor                   cstackBANK0  00054
LedONStartConfig@LedONDurationSec           cstackBANK0  00050
LedONStartConfig@LedONNumBlink              cstackBANK0  00051
MB_UpdateEPCParameter@result                cstackBANK0  0006A
ModbusMasterInit@slave                      cstackBANK0  00049
ModbusMasterTransaction@i                   cstackBANK0  00063
ModbusMasterTransaction@u16CRC              cstackBANK0  00061
ModbusMasterTransaction@u32StartTime        cstackBANK0  00057
ModbusMasterTransaction@u8BytesLeft         cstackBANK0  0005E
ModbusMasterTransaction@u8MBFunction        cstackBANK0  0005F
ModbusMasterTransaction@u8MBStatus          cstackBANK0  00060
ModbusMasterTransaction@u8ModbusADUSize     cstackBANK0  00064
ModbusMasterTransaction@u8Qty               cstackBANK0  0005D
PIN_MANAGER_Initialize@state                cstackBANK0  0004A
TMR0_SetInterruptHandler@InterruptHandler   cstackBANK0  00048
TMR3_SetInterruptHandler@InterruptHandler   cstackBANK0  00048
TMR3_WriteTimer@timerVal                    cstackBANK0  00048
TMR5_SetInterruptHandler@InterruptHandler   cstackBANK0  00048
TMR5_WriteTimer@timerVal                    cstackBANK0  00048
_ADACT                                      (abs)        0009F
_ADCON0                                     (abs)        0009D
_ADCON0bits                                 (abs)        0009D
_ADCON1                                     (abs)        0009E
_ADC_Initialize                             text24       00D22
_ADRESH                                     (abs)        0009C
_ADRESL                                     (abs)        0009B
_ANSELA                                     (abs)        0018C
_ANSELB                                     (abs)        0018D
_ANSELC                                     (abs)        0018E
_BAUD1CON                                   (abs)        0019F
_Blick_tickPoint                            bssBANK1     000B0
_Blick_tickPointMsec                        bssBANK1     000B2
_CCP1CAP                                    (abs)        00294
_CCP1CON                                    (abs)        00293
_CCP1PPSbits                                (abs)        00E14
_CCP1_CallBack                              text74       00CFA
_CCP1_CaptureISR                            text73       00E3A
_CCP1_Initialize                            text23       00E1A
_CCP2CAP                                    (abs)        00298
_CCP2CON                                    (abs)        00297
_CCP2PPSbits                                (abs)        00E15
_CCP2_Initialize                            text22       00D2B
_CCPR1H                                     (abs)        00292
_CCPR1L                                     (abs)        00291
_CCPR2H                                     (abs)        00296
_CCPR2L                                     (abs)        00295
_CCPTMRSbits                                (abs)        0029F
_EUSART_Initialize                          text33       00D95
_EUSART_Read                                text46       00D6A
_EUSART_Write                               text45       00D01
_EXT_INT_Initialize                         text20       00DA1
_EncA_PulseEdgeEvent                        text75       00D19
_EncEdgeGotFlag                             bssBANK0     00044
_EncEdgeMinTimeIntSumAvg                    bssBANK1     000A8
_EncEdgeMinTimeInterval                     dataBANK1    000D0
_EncEdgeTimeInterval                        bssBANK0     00020
_EncEdgeTimeIntervalOld                     bssBANK1     000AC
_EncINX_PulseRisingEvent                    text72       007B4
_EncPulseError                              bssCOMMON    0007B
_EncPulseOpState                            bssBANK0     00038
_EncSpdredFact                              dataBANK1    000CC
_EncoderPosition                            bssBANK0     00036
_EncoderPositionAtIndex                     bssBANK1     000B8
_EncoderPositionOneCycle                    bssBANK0     00045
_GIE                                        (abs)        0005F
_INLVLA                                     (abs)        0038C
_INLVLC                                     (abs)        0038E
_INTCONbits                                 (abs)        0000B
_INTERRUPT_InterruptManager                 intentry     00004
_INTPPSbits                                 (abs)        00E10
_INT_CallBack                               text70       00DE0
_INT_DefaultInterruptHandler                text71       00CB6
_INT_ISR                                    text69       00CDF
_INT_InterruptHandler                       nvBANK1      000C0
_INT_SetInterruptHandler                    text21       00D34
_IOCCF4_DefaultInterruptHandler             text68       00CB7
_IOCCF4_ISR                                 text67       00DB9
_IOCCF4_InterruptHandler                    nvBANK1      000C4
_IOCCF4_SetInterruptHandler                 text18       00D3D
_IOCCF5_DefaultInterruptHandler             text66       00CB8
_IOCCF5_ISR                                 text65       00DC6
_IOCCF5_InterruptHandler                    nvBANK1      000C2
_IOCCF5_SetInterruptHandler                 text17       00D46
_IOCCFbits                                  (abs)        00399
_IOCCNbits                                  (abs)        00398
_IOCCPbits                                  (abs)        00397
_IdleTimeOnShutOff                          bssBANK1     000A4
_LATA                                       (abs)        0010C
_LATB                                       (abs)        0010D
_LATBbits                                   (abs)        0010D
_LATC                                       (abs)        0010E
_LATCbits                                   (abs)        0010E
_LED_Color                                  dataBANK0    0006F
_LED_msec_Cnt                               bssBANK0     00026
_LedONStartConfig                           text49       00631
_LedONStatusBusy                            text48       00CC0
_LedON_Control_10msec                       text62       005C1
_LedON_Duration_msec                        bssBANK0     00024
_Led_ON                                     bssBANK0     0003C
_MB_UpdateEPCParameter                      text34       00F92
_MBreadSetNoOfPulse                         bssBANK1     000BE
_ModbusMasterInit                           text32       00DFC
_ModbusMasterSetup                          text29       00EE7
_ModbusMasterTransaction                    text36       0009D
_ModbusMasterTransaction$1565               cstackBANK0  0005B
_NutRunCycleReset                           text28       00ECF
_NutRunCycleStart                           text25       00E0B
_NutRunLength                               bssBANK1     000BA
_NutRunstate                                bssBANK0     00042
_ODCONA                                     (abs)        0028C
_ODCONB                                     (abs)        0028D
_ODCONC                                     (abs)        0028E
_OSCCON1                                    (abs)        00919
_OSCCON3                                    (abs)        0091B
_OSCEN                                      (abs)        0091D
_OSCFRQ                                     (abs)        0091F
_OSCILLATOR_Initialize                      text19       00D09
_OSCTUNE                                    (abs)        0091E
_OldEncPos                                  bssBANK0     00034
_OldEncPulseOpState                         bssBANK0     0003A
_PIE0bits                                   (abs)        00090
_PIE3bits                                   (abs)        00093
_PIE4bits                                   (abs)        00094
_PIN_MANAGER_IOC                            text64       00D89
_PIN_MANAGER_Initialize                     text16       00699
_PIR0bits                                   (abs)        00010
_PIR1bits                                   (abs)        00011
_PIR3bits                                   (abs)        00013
_PIR4bits                                   (abs)        00014
_PORTCbits                                  (abs)        0000E
_PPSLOCK                                    (abs)        00E0F
_PPSLOCKbits                                (abs)        00E0F
_RB5PPSbits                                 (abs)        00E9D
_RC1REG                                     (abs)        00199
_RC1STA                                     (abs)        0019D
_RC1STAbits                                 (abs)        0019D
_RXPPSbits                                  (abs)        00E24
_SP1BRGH                                    (abs)        0019C
_SP1BRGL                                    (abs)        0019B
_SYSTEM_Initialize                          text6        00F71
_ShutdownDetected                           bssBANK0     00043
_T0CON0                                     (abs)        00017
_T0CON0bits                                 (abs)        00017
_T0CON1                                     (abs)        00018
_T3CON                                      (abs)        00413
_T3CONbits                                  (abs)        00413
_T3GCON                                     (abs)        00414
_T3GCONbits                                 (abs)        00414
_T5CON                                      (abs)        0041A
_T5CONbits                                  (abs)        0041A
_T5GCON                                     (abs)        0041B
_T5GCONbits                                 (abs)        0041B
_TMR0H                                      (abs)        00016
_TMR0L                                      (abs)        00015
_TMR0_CallBack                              text60       00DEE
_TMR0_DefaultInterruptHandler               text63       00CB9
_TMR0_ISR                                   text59       00CE4
_TMR0_Initialize                            text13       00E74
_TMR0_InterruptHandler                      nvBANK1      000C6
_TMR0_SetInterruptHandler                   text15       00D4F
_TMR0_StartTimer                            text14       00CCF
_TMR3H                                      (abs)        00412
_TMR3L                                      (abs)        00411
_TMR3_DefaultInterruptHandler               text57       00CBA
_TMR3_ISR                                   text56       00E4C
_TMR3_Initialize                            text11       00F00
_TMR3_InterruptHandler                      nvBANK1      000C8
_TMR3_SetInterruptHandler                   text12       00D58
_TMR3_StartTimer                            text27       00CCC
_TMR3_StopTimer                             text5        00CD5
_TMR3_WriteTimer                            text26       00E89
_TMR5H                                      (abs)        00419
_TMR5L                                      (abs)        00418
_TMR5_DefaultInterruptHandler               text54       00CBD
_TMR5_ISR                                   text53       00E60
_TMR5_Initialize                            text8        00F1B
_TMR5_InterruptHandler                      nvBANK1      000CA
_TMR5_SetInterruptHandler                   text10       00D61
_TMR5_StartTimer                            text9        00CD2
_TMR5_StopTimer                             text4        00CD8
_TMR5_WriteTimer                            text3        00EA0
_TRISA                                      (abs)        0008C
_TRISB                                      (abs)        0008D
_TRISC                                      (abs)        0008E
_TX1REG                                     (abs)        0019A
_TX1STA                                     (abs)        0019E
_Timer0_tick10msecFunc                      text61       00FB4
_Timer3_Overflow                            text58       00FDA
_Timer5_Overflow                            text55       00002
_TimertickMsec                              bssBANK1     000A0
_WDTCON                                     (abs)        00097
_WDT_Initialize                             text7        00CDB
_WPUA                                       (abs)        0020C
_WPUB                                       (abs)        0020D
_WPUC                                       (abs)        0020E
__CFG_BOREN$ON                              (abs)        00000
__CFG_BORV$LOW                              (abs)        00000
__CFG_CLKOUTEN$OFF                          (abs)        00000
__CFG_CP$OFF                                (abs)        00000
__CFG_CPD$OFF                               (abs)        00000
__CFG_CSWEN$ON                              (abs)        00000
__CFG_DEBUG$OFF                             (abs)        00000
__CFG_FCMEN$ON                              (abs)        00000
__CFG_FEXTOSC$OFF                           (abs)        00000
__CFG_LPBOREN$OFF                           (abs)        00000
__CFG_LVP$ON                                (abs)        00000
__CFG_MCLRE$ON                              (abs)        00000
__CFG_PPS1WAY$ON                            (abs)        00000
__CFG_PWRTE$OFF                             (abs)        00000
__CFG_RSTOSC$HFINT1                         (abs)        00000
__CFG_STVREN$ON                             (abs)        00000
__CFG_WDTE$OFF                              (abs)        00000
__CFG_WRT$OFF                               (abs)        00000
__Habs1                                     abs1         00000
__Hbank0                                    bank0        00000
__Hbank1                                    bank1        00000
__Hbank10                                   bank10       00000
__Hbank11                                   bank11       00000
__Hbank12                                   bank12       00000
__Hbank13                                   bank13       00000
__Hbank14                                   bank14       00000
__Hbank15                                   bank15       00000
__Hbank16                                   bank16       00000
__Hbank17                                   bank17       00000
__Hbank18                                   bank18       00000
__Hbank19                                   bank19       00000
__Hbank2                                    bank2        00000
__Hbank20                                   bank20       00000
__Hbank21                                   bank21       00000
__Hbank22                                   bank22       00000
__Hbank23                                   bank23       00000
__Hbank24                                   bank24       00000
__Hbank25                                   bank25       00000
__Hbank26                                   bank26       00000
__Hbank27                                   bank27       00000
__Hbank28                                   bank28       00000
__Hbank29                                   bank29       00000
__Hbank3                                    bank3        00000
__Hbank30                                   bank30       00000
__Hbank31                                   bank31       00000
__Hbank4                                    bank4        00000
__Hbank5                                    bank5        00000
__Hbank6                                    bank6        00000
__Hbank7                                    bank7        00000
__Hbank8                                    bank8        00000
__Hbank9                                    bank9        00000
__Hbigram                                   bigram       00000
__HbssBANK0                                 bssBANK0     00000
__HbssBANK1                                 bssBANK1     00000
__HbssBANK2                                 bssBANK2     00000
__HbssCOMMON                                bssCOMMON    00000
__Hcinit                                    cinit        0009D
__Hclrtext                                  clrtext      00000
__Hcode                                     code         00000
__Hcommon                                   common       00000
__Hconfig                                   config       0800B
__HcstackBANK0                              cstackBANK0  00000
__HcstackCOMMON                             cstackCOMMON 00000
__HdataBANK0                                dataBANK0    00000
__HdataBANK1                                dataBANK1    00000
__Heeprom_data                              eeprom_data  00000
__Hend_init                                 end_init     00050
__Hfunctab                                  functab      00000
__HidataBANK0                               idataBANK0   00000
__HidataBANK1                               idataBANK1   00000
__Hidloc                                    idloc        00000
__Hinit                                     init         0004E
__Hintentry                                 intentry     0004E
__Hmaintext                                 maintext     00000
__HnvBANK0                                  nvBANK0      00000
__HnvBANK1                                  nvBANK1      00000
__Hpowerup                                  powerup      00000
__Hram                                      ram          00000
__Hreset_vec                                reset_vec    00002
__Hsfr0                                     sfr0         00000
__Hsfr1                                     sfr1         00000
__Hsfr10                                    sfr10        00000
__Hsfr11                                    sfr11        00000
__Hsfr12                                    sfr12        00000
__Hsfr13                                    sfr13        00000
__Hsfr14                                    sfr14        00000
__Hsfr15                                    sfr15        00000
__Hsfr16                                    sfr16        00000
__Hsfr17                                    sfr17        00000
__Hsfr18                                    sfr18        00000
__Hsfr19                                    sfr19        00000
__Hsfr2                                     sfr2         00000
__Hsfr20                                    sfr20        00000
__Hsfr21                                    sfr21        00000
__Hsfr22                                    sfr22        00000
__Hsfr23                                    sfr23        00000
__Hsfr24                                    sfr24        00000
__Hsfr25                                    sfr25        00000
__Hsfr26                                    sfr26        00000
__Hsfr27                                    sfr27        00000
__Hsfr28                                    sfr28        00000
__Hsfr29                                    sfr29        00000
__Hsfr3                                     sfr3         00000
__Hsfr30                                    sfr30        00000
__Hsfr31                                    sfr31        00000
__Hsfr4                                     sfr4         00000
__Hsfr5                                     sfr5         00000
__Hsfr6                                     sfr6         00000
__Hsfr7                                     sfr7         00000
__Hsfr8                                     sfr8         00000
__Hsfr9                                     sfr9         00000
__Hspace_0                                  (abs)        0800B
__Hspace_1                                  (abs)        00160
__Hspace_2                                  (abs)        00000
__Hspace_3                                  (abs)        00000
__Hstack                                    stack        00000
__Hstrings                                  strings      00000
__Htext                                     text         00000
__Labs1                                     abs1         00000
__Lbank0                                    bank0        00000
__Lbank1                                    bank1        00000
__Lbank10                                   bank10       00000
__Lbank11                                   bank11       00000
__Lbank12                                   bank12       00000
__Lbank13                                   bank13       00000
__Lbank14                                   bank14       00000
__Lbank15                                   bank15       00000
__Lbank16                                   bank16       00000
__Lbank17                                   bank17       00000
__Lbank18                                   bank18       00000
__Lbank19                                   bank19       00000
__Lbank2                                    bank2        00000
__Lbank20                                   bank20       00000
__Lbank21                                   bank21       00000
__Lbank22                                   bank22       00000
__Lbank23                                   bank23       00000
__Lbank24                                   bank24       00000
__Lbank25                                   bank25       00000
__Lbank26                                   bank26       00000
__Lbank27                                   bank27       00000
__Lbank28                                   bank28       00000
__Lbank29                                   bank29       00000
__Lbank3                                    bank3        00000
__Lbank30                                   bank30       00000
__Lbank31                                   bank31       00000
__Lbank4                                    bank4        00000
__Lbank5                                    bank5        00000
__Lbank6                                    bank6        00000
__Lbank7                                    bank7        00000
__Lbank8                                    bank8        00000
__Lbank9                                    bank9        00000
__Lbigram                                   bigram       00000
__LbssBANK0                                 bssBANK0     00000
__LbssBANK1                                 bssBANK1     00000
__LbssBANK2                                 bssBANK2     00000
__LbssCOMMON                                bssCOMMON    00000
__Lcinit                                    cinit        00050
__Lclrtext                                  clrtext      00000
__Lcode                                     code         00000
__Lcommon                                   common       00000
__Lconfig                                   config       08007
__LcstackBANK0                              cstackBANK0  00000
__LcstackCOMMON                             cstackCOMMON 00000
__LdataBANK0                                dataBANK0    00000
__LdataBANK1                                dataBANK1    00000
__Leeprom_data                              eeprom_data  00000
__Lend_init                                 end_init     0004E
__Lfunctab                                  functab      00000
__LidataBANK0                               idataBANK0   00000
__LidataBANK1                               idataBANK1   00000
__Lidloc                                    idloc        00000
__Linit                                     init         0004E
__Lintentry                                 intentry     00004
__Lmaintext                                 maintext     00000
__LnvBANK0                                  nvBANK0      00000
__LnvBANK1                                  nvBANK1      00000
__Lpowerup                                  powerup      00000
__Lram                                      ram          00000
__Lreset_vec                                reset_vec    00000
__Lsfr0                                     sfr0         00000
__Lsfr1                                     sfr1         00000
__Lsfr10                                    sfr10        00000
__Lsfr11                                    sfr11        00000
__Lsfr12                                    sfr12        00000
__Lsfr13                                    sfr13        00000
__Lsfr14                                    sfr14        00000
__Lsfr15                                    sfr15        00000
__Lsfr16                                    sfr16        00000
__Lsfr17                                    sfr17        00000
__Lsfr18                                    sfr18        00000
__Lsfr19                                    sfr19        00000
__Lsfr2                                     sfr2         00000
__Lsfr20                                    sfr20        00000
__Lsfr21                                    sfr21        00000
__Lsfr22                                    sfr22        00000
__Lsfr23                                    sfr23        00000
__Lsfr24                                    sfr24        00000
__Lsfr25                                    sfr25        00000
__Lsfr26                                    sfr26        00000
__Lsfr27                                    sfr27        00000
__Lsfr28                                    sfr28        00000
__Lsfr29                                    sfr29        00000
__Lsfr3                                     sfr3         00000
__Lsfr30                                    sfr30        00000
__Lsfr31                                    sfr31        00000
__Lsfr4                                     sfr4         00000
__Lsfr5                                     sfr5         00000
__Lsfr6                                     sfr6         00000
__Lsfr7                                     sfr7         00000
__Lsfr8                                     sfr8         00000
__Lsfr9                                     sfr9         00000
__Lspace_0                                  (abs)        00000
__Lspace_1                                  (abs)        00000
__Lspace_2                                  (abs)        00000
__Lspace_3                                  (abs)        00000
__Lstack                                    stack        00000
__Lstrings                                  strings      00000
__Ltext                                     text         00000
__S0                                        (abs)        0800B
__S1                                        (abs)        00160
__S2                                        (abs)        00000
__S3                                        (abs)        00000
___int_sp                                   stack        00000
___latbits                                  (abs)        00001
___lwdiv                                    text51       0074D
___lwdiv@counter                            cstackBANK0  0004F
___lwdiv@dividend                           cstackBANK0  0004A
___lwdiv@divisor                            cstackBANK0  00048
___lwdiv@quotient                           cstackBANK0  0004D
___sp                                       stack        00000
___wmul                                     text50       00F36
___wmul@multiplicand                        cstackBANK0  0004A
___wmul@multiplier                          cstackBANK0  00048
___wmul@product                             cstackBANK0  0004C
__end_of_ADC_Initialize                     text24       00D2B
__end_of_CCP1_CallBack                      text74       00D01
__end_of_CCP1_CaptureISR                    text73       00E4C
__end_of_CCP1_Initialize                    text23       00E29
__end_of_CCP2_Initialize                    text22       00D34
__end_of_EUSART_Initialize                  text33       00DA1
__end_of_EUSART_Read                        text46       00D74
__end_of_EUSART_Write                       text45       00D09
__end_of_EXT_INT_Initialize                 text20       00DAD
__end_of_EncA_PulseEdgeEvent                text75       00D22
__end_of_EncINX_PulseRisingEvent            text72       007DE
__end_of_INTERRUPT_InterruptManager         intentry     0004E
__end_of_INT_CallBack                       text70       00DEE
__end_of_INT_DefaultInterruptHandler        text71       00CB7
__end_of_INT_ISR                            text69       00CE4
__end_of_INT_SetInterruptHandler            text21       00D3D
__end_of_IOCCF4_DefaultInterruptHandler     text68       00CB8
__end_of_IOCCF4_ISR                         text67       00DC6
__end_of_IOCCF4_SetInterruptHandler         text18       00D46
__end_of_IOCCF5_DefaultInterruptHandler     text66       00CB9
__end_of_IOCCF5_ISR                         text65       00DD3
__end_of_IOCCF5_SetInterruptHandler         text17       00D4F
__end_of_LedONStartConfig                   text49       00699
__end_of_LedONStatusBusy                    text48       00CC3
__end_of_LedON_Control_10msec               text62       00631
__end_of_MB_UpdateEPCParameter              text34       00FB4
__end_of_ModbusMasterInit                   text32       00E0B
__end_of_ModbusMasterSetup                  text29       00F00
__end_of_ModbusMasterTransaction            text36       005C1
__end_of_NutRunCycleReset                   text28       00EE7
__end_of_NutRunCycleStart                   text25       00E1A
__end_of_OSCILLATOR_Initialize              text19       00D11
__end_of_PIN_MANAGER_IOC                    text64       00D95
__end_of_PIN_MANAGER_Initialize             text16       006FA
__end_of_SYSTEM_Initialize                  text6        00F92
__end_of_TMR0_CallBack                      text60       00DFC
__end_of_TMR0_DefaultInterruptHandler       text63       00CBA
__end_of_TMR0_ISR                           text59       00CE9
__end_of_TMR0_Initialize                    text13       00E89
__end_of_TMR0_SetInterruptHandler           text15       00D58
__end_of_TMR0_StartTimer                    text14       00CD2
__end_of_TMR3_DefaultInterruptHandler       text57       00CBD
__end_of_TMR3_ISR                           text56       00E60
__end_of_TMR3_Initialize                    text11       00F1B
__end_of_TMR3_SetInterruptHandler           text12       00D61
__end_of_TMR3_StartTimer                    text27       00CCF
__end_of_TMR3_StopTimer                     text5        00CD8
__end_of_TMR3_WriteTimer                    text26       00EA0
__end_of_TMR5_DefaultInterruptHandler       text54       00CC0
__end_of_TMR5_ISR                           text53       00E74
__end_of_TMR5_Initialize                    text8        00F36
__end_of_TMR5_SetInterruptHandler           text10       00D6A
__end_of_TMR5_StartTimer                    text9        00CD5
__end_of_TMR5_StopTimer                     text4        00CDB
__end_of_TMR5_WriteTimer                    text3        00EB7
__end_of_Timer0_tick10msecFunc              text61       00FDA
__end_of_Timer3_Overflow                    text58       01000
__end_of_Timer5_Overflow                    text55       00003
__end_of_WDT_Initialize                     text7        00CDF
__end_of___lwdiv                            text51       00782
__end_of___wmul                             text50       00F52
__end_of__initialization                    cinit        00099
__end_of_crc16_update                       text44       007B4
__end_of_delayMsec                          text2        00800
__end_of_getEncoderState                    text1        00D89
__end_of_getResponseBuffer                  text47       00F71
__end_of_highByte                           text43       00CC6
__end_of_lowByte                            text42       00CC9
__end_of_main                               maintext     0074D
__end_of_millis                             text41       00E3A
__end_of_millisReset                        text40       00D7E
__end_of_postTransmission                   text31       00CF4
__end_of_postTransmission_App               text39       00CEE
__end_of_preTransmission                    text30       00CFA
__end_of_preTransmission_App                text38       00CCC
__end_of_readHoldingRegisters               text35       00DE0
__end_of_word                               text37       00ECF
__initialization                            cinit        00050
__pbssBANK0                                 bssBANK0     00020
__pbssBANK1                                 bssBANK1     000A0
__pbssBANK2                                 bssBANK2     00120
__pbssBIGRAM                                (abs)        020F0
__pbssCOMMON                                bssCOMMON    00078
__pcstackBANK0                              cstackBANK0  00048
__pcstackCOMMON                             cstackCOMMON 00070
__pdataBANK0                                dataBANK0    0006F
__pdataBANK1                                dataBANK1    000CC
__pidataBANK0                               idataBANK0   00003
__pidataBANK1                               idataBANK1   00D11
__pintentry                                 intentry     00004
__pmaintext                                 maintext     006FA
__pnvBANK0                                  nvBANK0      0006B
__pnvBANK1                                  nvBANK1      000C0
__postTransmission                          bssBANK0     00028
__preTransmission                           bssBANK0     0002A
__ptext1                                    text1        00D7E
__ptext10                                   text10       00D61
__ptext11                                   text11       00F00
__ptext12                                   text12       00D58
__ptext13                                   text13       00E74
__ptext14                                   text14       00CCF
__ptext15                                   text15       00D4F
__ptext16                                   text16       00699
__ptext17                                   text17       00D46
__ptext18                                   text18       00D3D
__ptext19                                   text19       00D09
__ptext2                                    text2        007DE
__ptext20                                   text20       00DA1
__ptext21                                   text21       00D34
__ptext22                                   text22       00D2B
__ptext23                                   text23       00E1A
__ptext24                                   text24       00D22
__ptext25                                   text25       00E0B
__ptext26                                   text26       00E89
__ptext27                                   text27       00CCC
__ptext28                                   text28       00ECF
__ptext29                                   text29       00EE7
__ptext3                                    text3        00EA0
__ptext30                                   text30       00CF4
__ptext31                                   text31       00CEE
__ptext32                                   text32       00DFC
__ptext33                                   text33       00D95
__ptext34                                   text34       00F92
__ptext35                                   text35       00DD3
__ptext36                                   text36       0009D
__ptext37                                   text37       00EB7
__ptext38                                   text38       00CC9
__ptext39                                   text39       00CE9
__ptext4                                    text4        00CD8
__ptext40                                   text40       00D74
__ptext41                                   text41       00E29
__ptext42                                   text42       00CC6
__ptext43                                   text43       00CC3
__ptext44                                   text44       00782
__ptext45                                   text45       00D01
__ptext46                                   text46       00D6A
__ptext47                                   text47       00F52
__ptext48                                   text48       00CC0
__ptext49                                   text49       00631
__ptext5                                    text5        00CD5
__ptext50                                   text50       00F36
__ptext51                                   text51       0074D
__ptext53                                   text53       00E60
__ptext54                                   text54       00CBD
__ptext55                                   text55       00002
__ptext56                                   text56       00E4C
__ptext57                                   text57       00CBA
__ptext58                                   text58       00FDA
__ptext59                                   text59       00CE4
__ptext6                                    text6        00F71
__ptext60                                   text60       00DEE
__ptext61                                   text61       00FB4
__ptext62                                   text62       005C1
__ptext63                                   text63       00CB9
__ptext64                                   text64       00D89
__ptext65                                   text65       00DC6
__ptext66                                   text66       00CB8
__ptext67                                   text67       00DB9
__ptext68                                   text68       00CB7
__ptext69                                   text69       00CDF
__ptext7                                    text7        00CDB
__ptext70                                   text70       00DE0
__ptext71                                   text71       00CB6
__ptext72                                   text72       007B4
__ptext73                                   text73       00E3A
__ptext74                                   text74       00CFA
__ptext75                                   text75       00D19
__ptext8                                    text8        00F1B
__ptext9                                    text9        00CD2
__size_of_ADC_Initialize                    (abs)        00000
__size_of_CCP1_CallBack                     (abs)        00000
__size_of_CCP1_CaptureISR                   (abs)        00000
__size_of_CCP1_Initialize                   (abs)        00000
__size_of_CCP2_Initialize                   (abs)        00000
__size_of_EUSART_Initialize                 (abs)        00000
__size_of_EUSART_Read                       (abs)        00000
__size_of_EUSART_Write                      (abs)        00000
__size_of_EXT_INT_Initialize                (abs)        00000
__size_of_EncA_PulseEdgeEvent               (abs)        00000
__size_of_EncINX_PulseRisingEvent           (abs)        00000
__size_of_INTERRUPT_InterruptManager        (abs)        00000
__size_of_INT_CallBack                      (abs)        00000
__size_of_INT_DefaultInterruptHandler       (abs)        00000
__size_of_INT_ISR                           (abs)        00000
__size_of_INT_SetInterruptHandler           (abs)        00000
__size_of_IOCCF4_DefaultInterruptHandler    (abs)        00000
__size_of_IOCCF4_ISR                        (abs)        00000
__size_of_IOCCF4_SetInterruptHandler        (abs)        00000
__size_of_IOCCF5_DefaultInterruptHandler    (abs)        00000
__size_of_IOCCF5_ISR                        (abs)        00000
__size_of_IOCCF5_SetInterruptHandler        (abs)        00000
__size_of_LedONStartConfig                  (abs)        00000
__size_of_LedONStatusBusy                   (abs)        00000
__size_of_LedON_Control_10msec              (abs)        00000
__size_of_MB_UpdateEPCParameter             (abs)        00000
__size_of_ModbusMasterInit                  (abs)        00000
__size_of_ModbusMasterSetup                 (abs)        00000
__size_of_ModbusMasterTransaction           (abs)        00000
__size_of_NutRunCycleReset                  (abs)        00000
__size_of_NutRunCycleStart                  (abs)        00000
__size_of_OSCILLATOR_Initialize             (abs)        00000
__size_of_PIN_MANAGER_IOC                   (abs)        00000
__size_of_PIN_MANAGER_Initialize            (abs)        00000
__size_of_SYSTEM_Initialize                 (abs)        00000
__size_of_TMR0_CallBack                     (abs)        00000
__size_of_TMR0_DefaultInterruptHandler      (abs)        00000
__size_of_TMR0_ISR                          (abs)        00000
__size_of_TMR0_Initialize                   (abs)        00000
__size_of_TMR0_SetInterruptHandler          (abs)        00000
__size_of_TMR0_StartTimer                   (abs)        00000
__size_of_TMR3_DefaultInterruptHandler      (abs)        00000
__size_of_TMR3_ISR                          (abs)        00000
__size_of_TMR3_Initialize                   (abs)        00000
__size_of_TMR3_SetInterruptHandler          (abs)        00000
__size_of_TMR3_StartTimer                   (abs)        00000
__size_of_TMR3_StopTimer                    (abs)        00000
__size_of_TMR3_WriteTimer                   (abs)        00000
__size_of_TMR5_DefaultInterruptHandler      (abs)        00000
__size_of_TMR5_ISR                          (abs)        00000
__size_of_TMR5_Initialize                   (abs)        00000
__size_of_TMR5_SetInterruptHandler          (abs)        00000
__size_of_TMR5_StartTimer                   (abs)        00000
__size_of_TMR5_StopTimer                    (abs)        00000
__size_of_TMR5_WriteTimer                   (abs)        00000
__size_of_Timer0_tick10msecFunc             (abs)        00000
__size_of_Timer3_Overflow                   (abs)        00000
__size_of_Timer5_Overflow                   (abs)        00000
__size_of_WDT_Initialize                    (abs)        00000
__size_of___lwdiv                           (abs)        00000
__size_of___wmul                            (abs)        00000
__size_of_crc16_update                      (abs)        00000
__size_of_delayMsec                         (abs)        00000
__size_of_getEncoderState                   (abs)        00000
__size_of_getResponseBuffer                 (abs)        00000
__size_of_highByte                          (abs)        00000
__size_of_lowByte                           (abs)        00000
__size_of_main                              (abs)        00000
__size_of_millis                            (abs)        00000
__size_of_millisReset                       (abs)        00000
__size_of_postTransmission                  (abs)        00000
__size_of_postTransmission_App              (abs)        00000
__size_of_preTransmission                   (abs)        00000
__size_of_preTransmission_App               (abs)        00000
__size_of_readHoldingRegisters              (abs)        00000
__size_of_word                              (abs)        00000
__u16ReadAddress                            bssBANK0     00032
__u16ReadQty                                bssBANK0     00030
__u16ResponseBuffer                         (abs)        020F0
__u16TransmitBuffer                         (abs)        02170
__u16WriteAddress                           bssBANK0     0002E
__u16WriteQty                               bssBANK0     0002C
__u8MBSlave                                 bssBANK0     00040
__u8ResponseBufferIndex                     bssBANK0     0003E
__u8ResponseBufferLength                    bssBANK0     0003D
__u8TransmitBufferIndex                     bssBANK0     0003F
_crc16_update                               text44       00782
_delayCount                                 bssBANK1     000B6
_delayFlag                                  bssBANK0     00041
_delayMsec                                  text2        007DE
_flagForFirstRevolution                     bssCOMMON    0007A
_getEncoderState                            text1        00D7E
_getResponseBuffer                          text47       00F52
_highByte                                   text43       00CC3
_lowByte                                    text42       00CC6
_main                                       maintext     006FA
_millis                                     text41       00E29
_millisReset                                text40       00D74
_multipleTimecheck0                         bssBANK0     00047
_multipleTimecheck1                         bssBANK0     00046
_postTransmission                           text31       00CEE
_postTransmission_App                       text39       00CE9
_preTransmission                            text30       00CF4
_preTransmission_App                        text38       00CC9
_readHoldingRegisters                       text35       00DD3
_timer3ReloadVal                            nvBANK0      0006B
_timer5ReloadVal                            nvBANK0      0006D
_u16TransmitBufferLength                    bssBANK1     000B4
_u8ModbusADU                                bssBANK2     00120
_word                                       text37       00EB7
btemp                                       (abs)        0007E
clear_ram0                                  clrtext      00DAD
crc16_update@a                              cstackBANK0  0004A
crc16_update@crc                            cstackBANK0  00048
crc16_update@i                              cstackBANK0  0004D
delayMsec@timems                            cstackBANK0  00048
end_of_initialization                       cinit        00099
getResponseBuffer@u8Index                   cstackBANK0  0004E
highByte@ww                                 cstackBANK0  00048
[...]
Total ram usage:        0 bytes
 Hardware stack levels used:    1
 This function calls:
		Nothing
 This function is called by:
		_Timer0_tick10msecFunc
 This function uses a non-reentrant model


 *************** function _TMR0_DefaultInterruptHandler *****************
 Defined at:
		line 149 in file "mcc_generated_files/tmr0.c"
 Parameters:    Size  Location     Type
		None
 Auto vars:     Size  Location     Type
		None
 Return value:  Size  Location     Type
                  1    wreg      void 
 Registers used:
		None
 Tracked objects:
		On entry : 
		On exit  : 
		Unchanged: 
 Data sizes:     COMMON   BANK0   BANK1   BANK2   BANK3   BANK4   BANK5   BANK6
      Params:         0       0       0       0       0       0       0       0
      Locals:         0       0       0       0       0       0       0       0
      Temps:          0       0       0       0       0       0       0       0
      Totals:         0       0       0       0       0       0       0       0
Total ram usage:        0 bytes
 Hardware stack levels used:    1
 This function calls:
		Nothing
 This function is called by:
		_TMR0_Initialize
		_TMR0_CallBack
 This function uses a non-reentrant model


 *************** function _PIN_MANAGER_IOC *****************
 Defined at:
		line 132 in file "mcc_generated_files/pin_manager.c"
 Parameters:    Size  Location     Type
		None
 Auto vars:     Size  Location     Type
		None
 Return value:  Size  Location     Type
                  1    wreg      void 
 Registers used:
		wreg, status,2, status,0, pclath, cstack
 Tracked objects:
		On entry : 
		On exit  : 
		Unchanged: 
 Data sizes:     COMMON   BANK0   BANK1   BANK2   BANK3   BANK4   BANK5   BANK6
      Params:         0       0       0       0       0       0       0       0
      Locals:         0       0       0       0       0       0       0       0
      Temps:          0       0       0       0       0       0       0       0
      Totals:         0       0       0       0       0       0       0       0
Total ram usage:        0 bytes
 Hardware stack levels used:    1
 Hardware stack levels required when called:    2
 This function calls:
		_IOCCF4_ISR
		_IOCCF5_ISR
 This function is called by:
		_INTERRUPT_InterruptManager
 This function uses a non-reentrant model


 *************** function _IOCCF5_ISR *****************
 Defined at:
		line 182 in file "mcc_generated_files/pin_manager.c"
 Parameters:    Size  Location     Type
		None
 Auto vars:     Size  Location     Type
		None
 Return value:  Size  Location     Type
                  1    wreg      void 
 Registers used:
		wreg, status,2, status,0, pclath, cstack
 Tracked objects:
		On entry : 
		On exit  : 
		Unchanged: 
 Data sizes:     COMMON   BANK0   BANK1   BANK2   BANK3   BANK4   BANK5   BANK6
      Params:         0       0       0       0       0       0       0       0
      Locals:         0       0       0       0       0       0       0       0
      Temps:          0       0       0       0       0       0       0       0
      Totals:         0       0       0       0       0       0       0       0
Total ram usage:        0 bytes
 Hardware stack levels used:    1
 Hardware stack levels required when called:    1
 This function calls:
		Absolute function
		_IOCCF5_DefaultInterruptHandler
 This function is called by:
		_PIN_MANAGER_IOC
 This function uses a non-reentrant model


 *************** function _IOCCF5_DefaultInterruptHandler *****************
 Defined at:
		line 204 in file "mcc_generated_files/pin_manager.c"
 Parameters:    Size  Location     Type
		None
 Auto vars:     Size  Location     Type
		None
 Return value:  Size  Location     Type
                  1    wreg      void 
 Registers used:
		None
 Tracked objects:
		On entry : 
		On exit  : 
		Unchanged: 
 Data sizes:     COMMON   BANK0   BANK1   BANK2   BANK3   BANK4   BANK5   BANK6
      Params:         0       0       0       0       0       0       0       0
      Locals:         0       0       0       0       0       0       0       0
      Temps:          0       0       0       0       0       0       0       0
      Totals:         0       0       0       0       0       0       0       0
Total ram usage:        0 bytes
 Hardware stack levels used:    1
 This function calls:
		Nothing
 This function is called by:
		_PIN_MANAGER_Initialize
		_IOCCF5_ISR
 This function uses a non-reentrant model


 *************** function _IOCCF4_ISR *****************
 Defined at:
		line 152 in file "mcc_generated_files/pin_manager.c"
 Parameters:    Size  Location     Type
		None
 Auto vars:     Size  Location     Type
		None
 Return value:  Size  Location     Type
                  1    wreg      void 
 Registers used:
		wreg, status,2, status,0, pclath, cstack
 Tracked objects:
		On entry : 
		On exit  : 
		Unchanged: 
 Data sizes:     COMMON   BANK0   BANK1   BANK2   BANK3   BANK4   BANK5   BANK6
      Params:         0       0       0       0       0       0       0       0
      Locals:         0       0       0       0       0       0       0       0
      Temps:          0       0       0       0       0       0       0       0
      Totals:         0       0       0       0       0       0       0       0
Total ram usage:        0 bytes
 Hardware stack levels used:    1
 Hardware stack levels required when called:    1
 This function calls:
		Absolute function
		_IOCCF4_DefaultInterruptHandler
 This function is called by:
		_PIN_MANAGER_IOC
 This function uses a non-reentrant model


 *************** function _IOCCF4_DefaultInterruptHandler *****************
 Defined at:
		line 174 in file "mcc_generated_files/pin_manager.c"
 Parameters:    Size  Location     Type
		None
 Auto vars:     Size  Location     Type
		None
 Return value:  Size  Location     Type
                  1    wreg      void 
 Registers used:
		None
 Tracked objects:
		On entry : 
		On exit  : 
		Unchanged: 
 Data sizes:     COMMON   BANK0   BANK1   BANK2   BANK3   BANK4   BANK5   BANK6
      Params:         0       0       0       0       0       0       0       0
      Locals:         0       0       0       0       0       0       0       0
      Temps:          0       0       0       0       0       0       0       0
      Totals:         0       0       0       0       0       0       0       0
Total ram usage:        0 bytes
 Hardware stack levels used:    1
 This function calls:
		Nothing
 This function is called by:
		_PIN_MANAGER_Initialize
		_IOCCF4_ISR
 This function uses a non-reentrant model


 *************** function _INT_ISR *****************
 Defined at:
		line 44 in file "mcc_generated_files/ext_int.c"
 Parameters:    Size  Location     Type
		None
 Auto vars:     Size  Location     Type
		None
 Return value:  Size  Location     Type
                  1    wreg      void 
 Registers used:
		wreg, status,2, status,0, pclath, cstack
 Tracked objects:
		On entry : 
		On exit  : 
		Unchanged: 
 Data sizes:     COMMON   BANK0   BANK1   BANK2   BANK3   BANK4   BANK5   BANK6
      Params:         0       0       0       0       0       0       0       0
      Locals:         0       0       0       0       0       0       0       0
      Temps:          0       0       0       0       0       0       0       0
      Totals:         0       0       0       0       0       0       0       0
Total ram usage:        0 bytes
 Hardware stack levels used:    1
 Hardware stack levels required when called:    2
 This function calls:
		_INT_CallBack
 This function is called by:
		_INTERRUPT_InterruptManager
 This function uses a non-reentrant model


 *************** function _INT_CallBack *****************
 Defined at:
		line 59 in file "mcc_generated_files/ext_int.c"
 Parameters:    Size  Location     Type
		None
 Auto vars:     Size  Location     Type
		None
 Return value:  Size  Location     Type
                  1    wreg      void 
 Registers used:
		wreg, status,2, status,0, pclath, cstack
 Tracked objects:
		On entry : 
		On exit  : 
		Unchanged: 
 Data sizes:     COMMON   BANK0   BANK1   BANK2   BANK3   BANK4   BANK5   BANK6
      Params:         0       0       0       0       0       0       0       0
      Locals:         0       0       0       0       0       0       0       0
      Temps:          0       0       0       0       0       0       0       0
      Totals:         0       0       0       0       0       0       0       0
Total ram usage:        0 bytes
 Hardware stack levels used:    1
 Hardware stack levels required when called:    1
 This function calls:
		Absolute function
		_EncINX_PulseRisingEvent
		_INT_DefaultInterruptHandler
 This function is called by:
		_INT_ISR
 This function uses a non-reentrant model


 *************** function _INT_DefaultInterruptHandler *****************
 Defined at:
		line 80 in file "mcc_generated_files/ext_int.c"
 Parameters:    Size  Location     Type
		None
 Auto vars:     Size  Location     Type
		None
 Return value:  Size  Location     Type
                  1    wreg      void 
 Registers used:
		None
 Tracked objects:
		On entry : 
		On exit  : 
		Unchanged: 
 Data sizes:     COMMON   BANK0   BANK1   BANK2   BANK3   BANK4   BANK5   BANK6
      Params:         0       0       0       0       0       0       0       0
      Locals:         0       0       0       0       0       0       0       0
      Temps:          0       0       0       0       0       0       0       0
      Totals:         0       0       0       0       0       0       0       0
Total ram usage:        0 bytes
 Hardware stack levels used:    1
 This function calls:
		Nothing
 This function is called by:
		_EXT_INT_Initialize
		_INT_CallBack
 This function uses a non-reentrant model


 *************** function _EncINX_PulseRisingEvent *****************
 Defined at:
		line 594 in file "main.c"
 Parameters:    Size  Location     Type
		None
 Auto vars:     Size  Location     Type
		None
 Return value:  Size  Location     Type
                  1    wreg      void 
 Registers used:
		wreg, status,2, status,0
 Tracked objects:
		On entry : 
		On exit  : 
		Unchanged: 
 Data sizes:     COMMON   BANK0   BANK1   BANK2   BANK3   BANK4   BANK5   BANK6
      Params:         0       0       0       0       0       0       0       0
      Locals:         0       0       0       0       0       0       0       0
      Temps:          1       0       0       0       0       0       0       0
      Totals:         1       0       0       0       0       0       0       0
Total ram usage:        1 bytes
 Hardware stack levels used:    1
 This function calls:
		Nothing
 This function is called by:
		_INT_CallBack
 This function uses a non-reentrant model


 *************** function _CCP1_CaptureISR *****************
 Defined at:
		line 84 in file "mcc_generated_files/ccp1.c"
 Parameters:    Size  Location     Type
		None
 Auto vars:     Size  Location     Type
  module          2    5[COMMON] struct CCPR1Reg_tag
 Return value:  Size  Location     Type
                  1    wreg      void 
 Registers used:
		wreg, status,2, status,0, pclath, cstack
 Tracked objects:
		On entry : 
		On exit  : 
		Unchanged: 
 Data sizes:     COMMON   BANK0   BANK1   BANK2   BANK3   BANK4   BANK5   BANK6
      Params:         0       0       0       0       0       0       0       0
      Locals:         2       0       0       0       0       0       0       0
      Temps:          1       0       0       0       0       0       0       0
      Totals:         3       0       0       0       0       0       0       0
Total ram usage:        3 bytes
 Hardware stack levels used:    1
 Hardware stack levels required when called:    2
 This function calls:
		_CCP1_CallBack
 This function is called by:
		_INTERRUPT_InterruptManager
 This function uses a non-reentrant model


 *************** function _CCP1_CallBack *****************
 Defined at:
		line 99 in file "mcc_generated_files/ccp1.c"
 Parameters:    Size  Location     Type
  capturedValu    2    2[COMMON] unsigned int 
 Auto vars:     Size  Location     Type
		None
 Return value:  Size  Location     Type
                  1    wreg      void 
 Registers used:
		wreg, status,2, status,0, pclath, cstack
 Tracked objects:
		On entry : 
		On exit  : 
		Unchanged: 
 Data sizes:     COMMON   BANK0   BANK1   BANK2   BANK3   BANK4   BANK5   BANK6
      Params:         2       0       0       0       0       0       0       0
      Locals:         0       0       0       0       0       0       0       0
      Temps:          0       0       0       0       0       0       0       0
      Totals:         2       0       0       0       0       0       0       0
Total ram usage:        2 bytes
 Hardware stack levels used:    1
 Hardware stack levels required when called:    1
 This function calls:
		_EncA_PulseEdgeEvent
 This function is called by:
		_CCP1_CaptureISR
 This function uses a non-reentrant model


 *************** function _EncA_PulseEdgeEvent *****************
 Defined at:
		line 269 in file "main.c"
 Parameters:    Size  Location     Type
  capturedValu    2    0[COMMON] unsigned int 
 Auto vars:     Size  Location     Type
		None
 Return value:  Size  Location     Type
                  1    wreg      void 
 Registers used:
		None
 Tracked objects:
		On entry : 
		On exit  : 
		Unchanged: 
 Data sizes:     COMMON   BANK0   BANK1   BANK2   BANK3   BANK4   BANK5   BANK6
      Params:         2       0       0       0       0       0       0       0
      Locals:         0       0       0       0       0       0       0       0
      Temps:          0       0       0       0       0       0       0       0
      Totals:         2       0       0       0       0       0       0       0
Total ram usage:        2 bytes
 Hardware stack levels used:    1
 This function calls:
		Nothing
 This function is called by:
		_CCP1_CallBack
 This function uses a non-reentrant model



MODULE INFORMATION

Module		Function		Class		Link	Load	Size
C:\Program Files (x86)\Microchip\xc8\v1.41\sources\common\lwdiv.c
		___lwdiv       		CODE           	074D	0000	54

C:\Program Files (x86)\Microchip\xc8\v1.41\sources\common\lwdiv.c estimated size: 54

mcc_generated_files/ccp1.c
		_CCP1_CallBack 		CODE           	0CFA	0000	8
		_CCP1_CaptureISR		CODE           	0E3A	0000	19
		_CCP1_Initialize		CODE           	0E1A	0000	16

mcc_generated_files/ccp1.c estimated size: 43

ModbusManager.c
		_postTransmission_App		CODE           	0CE9	0000	6
		_ModbusMasterSetup		CODE           	0EE7	0000	26
		_MB_UpdateEPCParameter		CODE           	0F92	0000	35
		_preTransmission_App		CODE           	0CC9	0000	4

ModbusManager.c estimated size: 71

LED_Ctrl.c
		_LedONStartConfig		CODE           	0631	0000	105
		_LedON_Control_10msec		CODE           	05C1	0000	113
		_LedONStatusBusy		CODE           	0CC0	0000	4

LED_Ctrl.c estimated size: 222

C:\Program Files (x86)\Microchip\xc8\v1.41\sources\common\Umul16.c
		___wmul        		CODE           	0F36	0000	29

C:\Program Files (x86)\Microchip\xc8\v1.41\sources\common\Umul16.c estimated size: 29

mcc_generated_files/interrupt_manager.c
		_INTERRUPT_InterruptManager		CODE           	0004	0000	75

mcc_generated_files/interrupt_manager.c estimated size: 75

mcc_generated_files/tmr0.c
		_TMR0_SetInterruptHandler		CODE           	0D4F	0000	10
		_TMR0_DefaultInterruptHandler		CODE           	0CB9	0000	2
		_TMR0_CallBack 		CODE           	0DEE	0000	15
		_TMR0_StartTimer		CODE           	0CCF	0000	4
		_TMR0_ISR      		CODE           	0CE4	0000	6
		_TMR0_Initialize		CODE           	0E74	0000	22

mcc_generated_files/tmr0.c estimated size: 59

mcc_generated_files/pin_manager.c
		_PIN_MANAGER_Initialize		CODE           	0699	0000	98
		_IOCCF5_SetInterruptHandler		CODE           	0D46	0000	10
		_IOCCF4_DefaultInterruptHandler		CODE           	0CB7	0000	2
		_IOCCF4_ISR    		CODE           	0DB9	0000	14
		_PIN_MANAGER_IOC		CODE           	0D89	0000	13
		_IOCCF5_DefaultInterruptHandler		CODE           	0CB8	0000	2
		_IOCCF5_ISR    		CODE           	0DC6	0000	14
		_IOCCF4_SetInterruptHandler		CODE           	0D3D	0000	10

mcc_generated_files/pin_manager.c estimated size: 163

ModbusMaster.c
		_postTransmission		CODE           	0CEE	0000	7
		_ModbusMasterTransaction		CODE           	009D	0000	1317
		_readHoldingRegisters		CODE           	0DD3	0000	14
		_preTransmission		CODE           	0CF4	0000	7
		_getResponseBuffer		CODE           	0F52	0000	32
		_ModbusMasterInit		CODE           	0DFC	0000	16

ModbusMaster.c estimated size: 1393

mcc_generated_files/adc.c
		_ADC_Initialize		CODE           	0D22	0000	10

mcc_generated_files/adc.c estimated size: 10

mcc_generated_files/ccp2.c
		_CCP2_Initialize		CODE           	0D2B	0000	10

mcc_generated_files/ccp2.c estimated size: 10

crc16.h
		_crc16_update  		CODE           	0782	0000	51

crc16.h estimated size: 51

mcc_generated_files/ext_int.c
		_INT_DefaultInterruptHandler		CODE           	0CB6	0000	2
		_EXT_INT_Initialize		CODE           	0DA1	0000	13
		_INT_SetInterruptHandler		CODE           	0D34	0000	10
		_INT_CallBack  		CODE           	0DE0	0000	15
		_INT_ISR       		CODE           	0CDF	0000	6

mcc_generated_files/ext_int.c estimated size: 46

mcc_generated_files/tmr5.c
		_TMR5_ISR      		CODE           	0E60	0000	21
		_TMR5_Initialize		CODE           	0F1B	0000	28
		_TMR5_SetInterruptHandler		CODE           	0D61	0000	10
		_TMR5_StopTimer		CODE           	0CD8	0000	4
		_TMR5_DefaultInterruptHandler		CODE           	0CBD	0000	4
		_TMR5_WriteTimer		CODE           	0EA0	0000	24
		_TMR5_StartTimer		CODE           	0CD2	0000	4

mcc_generated_files/tmr5.c estimated size: 95

shared
		__initialization		CODE           	0050	0000	74

shared estimated size: 74

mcc_generated_files/mcc.c
		_WDT_Initialize		CODE           	0CDB	0000	5
		_OSCILLATOR_Initialize		CODE           	0D09	0000	9
		_SYSTEM_Initialize		CODE           	0F71	0000	34

mcc_generated_files/mcc.c estimated size: 48

mcc_generated_files/tmr3.c
		_TMR3_ISR      		CODE           	0E4C	0000	21
		_TMR3_Initialize		CODE           	0F00	0000	28
		_TMR3_SetInterruptHandler		CODE           	0D58	0000	10
		_TMR3_StopTimer		CODE           	0CD5	0000	4
		_TMR3_DefaultInterruptHandler		CODE           	0CBA	0000	4
		_TMR3_WriteTimer		CODE           	0E89	0000	24
		_TMR3_StartTimer		CODE           	0CCC	0000	4

mcc_generated_files/tmr3.c estimated size: 95

word.h
		_word          		CODE           	0EB7	0000	25
		_highByte      		CODE           	0CC3	0000	4
		_lowByte       		CODE           	0CC6	0000	4

word.h estimated size: 33

mcc_generated_files/eusart.c
		_EUSART_Read   		CODE           	0D6A	0000	11
		_EUSART_Write  		CODE           	0D01	0000	9
		_EUSART_Initialize		CODE           	0D95	0000	13

mcc_generated_files/eusart.c estimated size: 33

main.c
		_millis        		CODE           	0E29	0000	18
		_getEncoderState		CODE           	0D7E	0000	12
		_Timer0_tick10msecFunc		CODE           	0FB4	0000	39
		_main          		CODE           	06FA	0000	84
		_Timer5_Overflow		CODE           	0002	0000	2
		_EncINX_PulseRisingEvent		CODE           	07B4	0000	43
		_millisReset   		CODE           	0D74	0000	11
		_NutRunCycleReset		CODE           	0ECF	0000	25
		_NutRunCycleStart		CODE           	0E0B	0000	16
		_Timer3_Overflow		CODE           	0FDA	0000	39
		_delayMsec     		CODE           	07DE	0000	35
		_EncA_PulseEdgeEvent		CODE           	0D19	0000	10

main.c estimated size: 334

