Microchip MPLAB XC8 Compiler V1.41 ()

Linker command line:

-W-3 --edf=C:\Program Files (x86)\Microchip\xc8\v1.41\dat\en_msgs.txt -cs \
  -h+dist/default/production\PulseCounter.X.production.sym \
  --cmf=dist/default/production\PulseCounter.X.production.cmf -z -Q16F18344 \
  -oC:\Users\paull\AppData\Local\Temp\s95g.2 \
  -Mdist/default/production/PulseCounter.X.production.map -E1 -ver=XC8 \
  -ASTACK=020A6h-020efh -pstack=STACK -ACODE=00h-07FFhx2 \
  -ASTRCODE=00h-0FFFh -ASTRING=00h-0FFhx16 -ACONST=00h-0FFhx16 \
  -AENTRY=00h-0FFhx16 -ACOMMON=070h-07Fh -ABANK0=020h-06Fh \
  -ABANK1=0A0h-0EFh -ABANK2=0120h-016Fh -ABANK3=01A0h-01EFh \
  -ABANK4=0220h-026Fh -ABANK5=02A0h-02EFh -ABANK6=0320h-032Fh \
  -ABIGRAM=02000h-021EFh \
  -ARAM=020h-06Fh,0A0h-0EFh,0120h-016Fh,01A0h-01EFh,0220h-026Fh,02A0h-02EFh,0320h-032Fh \
  -AABS1=020h-07Fh,0A0h-0EFh,0120h-016Fh,01A0h-01EFh,0220h-026Fh,02A0h-02EFh,0320h-032Fh \
  -ASFR0=00h-01Fh -ASFR1=080h-09Fh -ASFR2=0100h-011Fh -ASFR3=0180h-019Fh \
  -ASFR4=0200h-021Fh -ASFR5=0280h-029Fh -ASFR6=0300h-031Fh \
  -ASFR7=0380h-03EFh -ASFR8=0400h-046Fh -ASFR9=0480h-04EFh \
  -ASFR10=0500h-056Fh -ASFR11=0580h-05EFh -ASFR12=0600h-066Fh \
  -ASFR13=0680h-06EFh -ASFR14=0700h-076Fh -ASFR15=0780h-07EFh \
  -ASFR16=0800h-086Fh -ASFR17=0880h-08EFh -ASFR18=0900h-096Fh \
  -ASFR19=0980h-09EFh -ASFR20=0A00h-0A6Fh -ASFR21=0A80h-0AEFh \
  -ASFR22=0B00h-0B6Fh -ASFR23=0B80h-0BEFh -ASFR24=0C00h-0C6Fh \
  -ASFR25=0C80h-0CEFh -ASFR26=0D00h-0D6Fh -ASFR27=0D80h-0DEFh \
  -ASFR28=0E00h-0E6Fh -ASFR29=0E80h-0EEFh -ASFR30=0F00h-0F6Fh \
  -ASFR31=0F80h-0FEFh -preset_vec=00h,intentry=04h,init,end_init \
  -ppowerup=CODE -pcinit=CODE -pfunctab=CODE -ACONFIG=08007h-0800Ah \
  -pconfig=CONFIG -DCONFIG=2 -AIDLOC=08000h-08003h -pidloc=IDLOC -DIDLOC=2 \
  -AEEDATA=00h-0FFh/0F000h -peeprom_data=EEDATA -DEEDATA=2 -DCODE=2 \
  -DSTRCODE=2 -DSTRING=2 -DCONST=2 -DENTRY=2 -k \
  C:\Users\paull\AppData\Local\Temp\s95g.obj \
  dist/default/production\PulseCounter.X.production.obj 

Object code version is 3.11

Machine type is 16F18344



                Name                               Link     Load   Length Selector   Space Scale
C:\Users\paull\AppData\Local\Temp\s95g.obj
                end_init                             4E       4E        2        8       0
                reset_vec                             0        0        2        0       0
                config                             8007     8007        4    1000E       0
dist/default/production\PulseCounter.X.production.obj
                cinit                                50       50       43        8       0
                intentry                              4        4       4A        8       0
                text79                              DA8      DA8        3     1B50       0
                text78                              EC5      EC5        F     1D8A       0
                text77                              DAB      DAB        3     1B56       0
                text76                              ED4      ED4        F     1DA8       0
                text75                              F91      F91       16     1F22       0
                text74                              5C1      5C1       53        8       0
                text73                              6B4      6B4       2F        8       0
                text72                              E3C      E3C        A     1C78       0
                text71                              E12      E12        8     1C24       0
                text70                              FA7      FA7       16     1F4E       0
                text69                              DAE      DAE        3     1B5C       0
                text68                              E9B      E9B        E     1D36       0
                text67                              EE3      EE3        F     1DC6       0
                text66                               93       93      22E        8       0
                text65                              F2F      F2F       11     1E5E       0
                text64                              E1A      E1A        8     1C34       0
                text63                              F7C      F7C       15     1EF8       0
                text62                              67F      67F       35        8       0
                text61                              DA5      DA5        1     1B4A       0
                text60                              EA9      EA9        E     1D52       0
                text59                              DCD      DCD        5     1B9A       0
                text58                              DA6      DA6        1     1B4C       0
                text57                              E74      E74        D     1CE8       0
                text56                              DA7      DA7        1     1B4E       0
                text55                              E81      E81        D     1D02       0
                text54                              E50      E50        C     1CA0       0
                text53                                2        2        1        0       0
                text52                              492      492       6D        8       0
                text51                              709      709       26        8       0
                text50                              EB7      EB7        E     1D6E       0
                text49                              DD2      DD2        5     1BA4       0
                text48                              6E3      6E3       26        8       0
                text47                              DB1      DB1        3     1B62       0
                text46                              F40      F40       14     1E80       0
                text45                                3        3        1        6       0
                text44                              DB4      DB4        3     1B68       0
                text43                              F54      F54       14     1EA8       0
                text41                              E46      E46        A     1C8C       0
                text40                              64A      64A       35        8       0
                text39                              770      770       1C      EE0       0
                text38                              422      422       70        8       0
                swtext1                             750      750       20      EA0       0
                text37                              614      614       36        8       0
                text36                              FBD      FBD       16     1F7A       0
                text35                              F1F      F1F       10     1E3E       0
                text34                              2C1      2C1      161        8       0
                text33                              DB7      DB7        3     1B6E       0
                text32                              E5C      E5C        C     1CB8       0
                text31                              7F0      7F0       10      EE0       0
                text30                              DDC      DDC        6     1BB8       0
                text29                              DE2      DE2        6     1BC4       0
                text28                              7C0      7C0       19      EE0       0
                text27                              FD3      FD3       16     1FA6       0
                text26                              DBA      DBA        3     1B74       0
                text25                              FE9      FE9       17     1FD2       0
                text24                              EF2      EF2        F     1DE4       0
                text23                              E2A      E2A        9     1C54       0
                text22                              F01      F01        F     1E02       0
                text21                              E33      E33        9     1C66       0
                text20                              DE8      DE8        6     1BD0       0
                text19                              E8E      E8E        D     1D1C       0
                text18                              E22      E22        8     1C44       0
                text17                              DEE      DEE        6     1BDC       0
                text16                              DF4      DF4        6     1BE8       0
                text15                              561      561       60        8       0
                text14                              DFA      DFA        6     1BF4       0
                text13                              DBD      DBD        3     1B7A       0
                text12                              F68      F68       14     1ED0       0
                text11                              E00      E00        6     1C00       0
                text10                              7A6      7A6       1A      EE0       0
                text9                               E06      E06        6     1C0C       0
                text8                               DC0      DC0        3     1B80       0
                text7                               78C      78C       1A      EE0       0
                text6                               DC9      DC9        4     1B92       0
                text5                               72F      72F       21        8       0
                text4                               DC3      DC3        3     1B86       0
                text3                               DC6      DC6        3     1B8C       0
                text2                               7D9      7D9       17      EE0       0
                text1                               F10      F10        F     1E20       0
                maintext                            4FF      4FF       62        8       0
                cstackBANK0                          20       20       1E       20       1
                cstackCOMMON                         70       70        E       70       1
                cstackBANK1                          DF       DF        B       A0       1
                cstackBANK2                         120      120        6      120       1
                clrtext                             E68      E68        C     1CD0       0
                dataBANK1                            EA       EA        6       A0       1
                bssBANK1                             A0       A0       33       A0       1
                dataBANK0                            56       56        5       20       1
                bssBANK0                             3E       3E       18       20       1
                nvBANK1                              D3       D3        C       A0       1
                nvBANK0                              5B       5B        4       20       1
                idataBANK1                          E0C      E0C        6     1C18       0
                idataBANK0                          DD7      DD7        5     1BAE       0

TOTAL           Name                               Link     Load   Length     Space
        CLASS   STACK          

        CLASS   CODE           
                end_init                             4E       4E        2         0
                cinit                                50       50       43         0
                intentry                              4        4       4A         0
                reset_vec                             0        0        2         0
                text79                              DA8      DA8        3         0
                text78                              EC5      EC5        F         0
                text77                              DAB      DAB        3         0
                text76                              ED4      ED4        F         0
                text75                              F91      F91       16         0
                text74                              5C1      5C1       53         0
                text73                              6B4      6B4       2F         0
                text72                              E3C      E3C        A         0
                text71                              E12      E12        8         0
                text70                              FA7      FA7       16         0
                text69                              DAE      DAE        3         0
                text68                              E9B      E9B        E         0
                text67                              EE3      EE3        F         0
                text66                               93       93      22E         0
                text65                              F2F      F2F       11         0
                text64                              E1A      E1A        8         0
                text63                              F7C      F7C       15         0
                text62                              67F      67F       35         0
                text61                              DA5      DA5        1         0
                text60                              EA9      EA9        E         0
                text59                              DCD      DCD        5         0
                text58                              DA6      DA6        1         0
                text57                              E74      E74        D         0
                text56                              DA7      DA7        1         0
                text55                              E81      E81        D         0
                text54                              E50      E50        C         0
                text53                                2        2        1         0
                text52                              492      492       6D         0
                text51                              709      709       26         0
                text50                              EB7      EB7        E         0
                text49                              DD2      DD2        5         0
                text48                              6E3      6E3       26         0
                text47                              DB1      DB1        3         0
                text46                              F40      F40       14         0
                text45                                3        3        1         0
                text44                              DB4      DB4        3         0
                text43                              F54      F54       14         0
                text41                              E46      E46        A         0
                text40                              64A      64A       35         0
                text39                              770      770       1C         0
                text38                              422      422       70         0
                text37                              614      614       36         0
                text36                              FBD      FBD       16         0
                text35                              F1F      F1F       10         0
                text34                              2C1      2C1      161         0
                text33                              DB7      DB7        3         0
                text32                              E5C      E5C        C         0
                text31                              7F0      7F0       10         0
                text30                              DDC      DDC        6         0
                text29                              DE2      DE2        6         0
                text28                              7C0      7C0       19         0
                text27                              FD3      FD3       16         0
                text26                              DBA      DBA        3         0
                text25                              FE9      FE9       17         0
                text24                              EF2      EF2        F         0
                text23                              E2A      E2A        9         0
                text22                              F01      F01        F         0
                text21                              E33      E33        9         0
                text20                              DE8      DE8        6         0
                text19                              E8E      E8E        D         0
                text18                              E22      E22        8         0
                text17                              DEE      DEE        6         0
                text16                              DF4      DF4        6         0
                text15                              561      561       60         0
                text14                              DFA      DFA        6         0
                text13                              DBD      DBD        3         0
                text12                              F68      F68       14         0
                text11                              E00      E00        6         0
                text10                              7A6      7A6       1A         0
                text9                               E06      E06        6         0
                text8                               DC0      DC0        3         0
                text7                               78C      78C       1A         0
                text6                               DC9      DC9        4         0
                text5                               72F      72F       21         0
                text4                               DC3      DC3        3         0
                text3                               DC6      DC6        3         0
                text2                               7D9      7D9       17         0
                text1                               F10      F10        F         0
                maintext                            4FF      4FF       62         0
                clrtext                             E68      E68        C         0
                idataBANK1                          E0C      E0C        6         0
                idataBANK0                          DD7      DD7        5         0

        CLASS   STRCODE        

        CLASS   STRING         

        CLASS   CONST          
                swtext1                             750      750       20         0

        CLASS   ENTRY          

        CLASS   COMMON         
                cstackCOMMON                         70       70        E         1

        CLASS   BANK0          
                cstackBANK0                          20       20       1E         1
                dataBANK0                            56       56        5         1
                bssBANK0                             3E       3E       18         1
                nvBANK0                              5B       5B        4         1

        CLASS   BANK1          
                cstackBANK1                          DF       DF        B         1
                dataBANK1                            EA       EA        6         1
                bssBANK1                             A0       A0       33         1
                nvBANK1                              D3       D3        C         1

        CLASS   BANK2          
                cstackBANK2                         120      120        6         1

        CLASS   BANK3          

        CLASS   BANK4          

        CLASS   BANK5          

        CLASS   BANK6          

        CLASS   BIGRAM         

        CLASS   RAM            

        CLASS   ABS1           
                abs_s1                               7E       7E        2         1
                abs_s1                              1A0      1A0       50         1
                abs_s1                              220      220       50         1
                abs_s1                              2A0      2A0       50         1
                abs_s1                              320      320       10         1
                abs_s1                             20F0     20F0        0         1
                abs_s1                             2170     2170        0         1

        CLASS   SFR0           

        CLASS   SFR1           

        CLASS   SFR2           

        CLASS   SFR3           

        CLASS   SFR4           

        CLASS   SFR5           

        CLASS   SFR6           

        CLASS   SFR7           

        CLASS   SFR8           

        CLASS   SFR9           

        CLASS   SFR10          

        CLASS   SFR11          

        CLASS   SFR12          

        CLASS   SFR13          

        CLASS   SFR14          

        CLASS   SFR15          

        CLASS   SFR16          

        CLASS   SFR17          

        CLASS   SFR18          

        CLASS   SFR19          

        CLASS   SFR20          

        CLASS   SFR21          

        CLASS   SFR22          

        CLASS   SFR23          

        CLASS   SFR24          

        CLASS   SFR25          

        CLASS   SFR26          

        CLASS   SFR27          

        CLASS   SFR28          

        CLASS   SFR29          

        CLASS   SFR30          

        CLASS   SFR31          

        CLASS   CONFIG         
                config                             8007     8007        4         0

        CLASS   IDLOC          

        CLASS   EEDATA         

        CLASS   BANK31         

        CLASS   BANK30         

        CLASS   BANK29         

        CLASS   BANK28         

        CLASS   BANK27         

        CLASS   BANK26         

        CLASS   BANK25         

        CLASS   BANK24         

        CLASS   BANK23         

        CLASS   BANK22         

        CLASS   BANK21         

        CLASS   BANK20         

        CLASS   BANK19         

        CLASS   BANK18         

        CLASS   BANK17         

        CLASS   BANK16         

        CLASS   BANK15         

        CLASS   BANK14         

        CLASS   BANK13         

        CLASS   BANK12         

        CLASS   BANK11         

        CLASS   BANK10         

        CLASS   BANK9          

        CLASS   BANK8          

        CLASS   BANK7          



SEGMENTS        Name                           Load    Length   Top    Selector   Space  Class     Delta

                reset_vec                      000000  000003  000003         0       0  CODE        2
                text45                         000003  000001  000004         6       0  CODE        2
                intentry                       000004  00074C  000750         8       0  CODE        2
                cstackBANK0                    000020  00003F  00005F        20       1  BANK0       1
                cstackCOMMON                   000070  00000E  00007E        70       1  COMMON      1
                bssBANK1                       0000A0  000050  0000F0        A0       1  BANK1       1
                cstackBANK2                    000120  000006  000126       120       1  BANK2       1
                swtext1                        000750  000020  000770       EA0       0  CONST       2
                text39                         000770  000090  000800       EE0       0  CODE        2
                text61                         000DA5  000001  000DA6      1B4A       0  CODE        2
                text58                         000DA6  000001  000DA7      1B4C       0  CODE        2
                text56                         000DA7  000001  000DA8      1B4E       0  CODE        2
                text79                         000DA8  000003  000DAB      1B50       0  CODE        2
                text77                         000DAB  000003  000DAE      1B56       0  CODE        2
                text69                         000DAE  000003  000DB1      1B5C       0  CODE        2
                text47                         000DB1  000003  000DB4      1B62       0  CODE        2
                text44                         000DB4  000003  000DB7      1B68       0  CODE        2
                text33                         000DB7  000003  000DBA      1B6E       0  CODE        2
                text26                         000DBA  000003  000DBD      1B74       0  CODE        2
                text13                         000DBD  000003  000DC0      1B7A       0  CODE        2
                text8                          000DC0  000003  000DC3      1B80       0  CODE        2
                text4                          000DC3  000003  000DC6      1B86       0  CODE        2
                text3                          000DC6  000003  000DC9      1B8C       0  CODE        2
                text6                          000DC9  000004  000DCD      1B92       0  CODE        2
                text59                         000DCD  000005  000DD2      1B9A       0  CODE        2
                text49                         000DD2  000005  000DD7      1BA4       0  CODE        2
                idataBANK0                     000DD7  000005  000DDC      1BAE       0  CODE        2
                text30                         000DDC  000006  000DE2      1BB8       0  CODE        2
                text29                         000DE2  000006  000DE8      1BC4       0  CODE        2
                text20                         000DE8  000006  000DEE      1BD0       0  CODE        2
                text17                         000DEE  000006  000DF4      1BDC       0  CODE        2
                text16                         000DF4  000006  000DFA      1BE8       0  CODE        2
                text14                         000DFA  000006  000E00      1BF4       0  CODE        2
                text11                         000E00  000006  000E06      1C00       0  CODE        2
                text9                          000E06  000006  000E0C      1C0C       0  CODE        2
                idataBANK1                     000E0C  000006  000E12      1C18       0  CODE        2
                text71                         000E12  000008  000E1A      1C24       0  CODE        2
                text64                         000E1A  000008  000E22      1C34       0  CODE        2
                text18                         000E22  000008  000E2A      1C44       0  CODE        2
                text23                         000E2A  000009  000E33      1C54       0  CODE        2
                text21                         000E33  000009  000E3C      1C66       0  CODE        2
                text72                         000E3C  00000A  000E46      1C78       0  CODE        2
                text41                         000E46  00000A  000E50      1C8C       0  CODE        2
                text54                         000E50  00000C  000E5C      1CA0       0  CODE        2
                text32                         000E5C  00000C  000E68      1CB8       0  CODE        2
                clrtext                        000E68  00000C  000E74      1CD0       0  CODE        2
                text57                         000E74  00000D  000E81      1CE8       0  CODE        2
                text55                         000E81  00000D  000E8E      1D02       0  CODE        2
                text19                         000E8E  00000D  000E9B      1D1C       0  CODE        2
                text68                         000E9B  00000E  000EA9      1D36       0  CODE        2
                text60                         000EA9  00000E  000EB7      1D52       0  CODE        2
                text50                         000EB7  00000E  000EC5      1D6E       0  CODE        2
                text78                         000EC5  00000F  000ED4      1D8A       0  CODE        2
                text76                         000ED4  00000F  000EE3      1DA8       0  CODE        2
                text67                         000EE3  00000F  000EF2      1DC6       0  CODE        2
                text24                         000EF2  00000F  000F01      1DE4       0  CODE        2
                text22                         000F01  00000F  000F10      1E02       0  CODE        2
                text1                          000F10  00000F  000F1F      1E20       0  CODE        2
                text35                         000F1F  000010  000F2F      1E3E       0  CODE        2
                text65                         000F2F  000011  000F40      1E5E       0  CODE        2
                text46                         000F40  000014  000F54      1E80       0  CODE        2
                text43                         000F54  000014  000F68      1EA8       0  CODE        2
                text12                         000F68  000014  000F7C      1ED0       0  CODE        2
                text63                         000F7C  000015  000F91      1EF8       0  CODE        2
                text75                         000F91  000016  000FA7      1F22       0  CODE        2
                text70                         000FA7  000016  000FBD      1F4E       0  CODE        2
                text36                         000FBD  000016  000FD3      1F7A       0  CODE        2
                text27                         000FD3  000016  000FE9      1FA6       0  CODE        2
                text25                         000FE9  000017  001000      1FD2       0  CODE        2
                config                         008007  000004  00800B     1000E       0  CONFIG      2


UNUSED ADDRESS RANGES

        Name                Unused          Largest block    Delta
        BANK0            0005F-0006F              11           1
        BANK2            00126-0016F              4A           1
        BIGRAM           02000-021EF             1F0           1
        CODE             00800-00DA4             5A5           2
        CONST            00800-00DA4             100           2
        EEDATA           0F000-0F0FF             100           2
        ENTRY            00800-00DA4             100           2
        IDLOC            08000-08003               4           2
        RAM              0005F-0006F              11           1
                         00126-0016F              4A
        SFR0             00000-0001F              20           1
        SFR1             00080-0009F              20           1
        SFR10            00500-0056F              70           1
        SFR11            00580-005EF              70           1
        SFR12            00600-0066F              70           1
        SFR13            00680-006EF              70           1
        SFR14            00700-0076F              70           1
        SFR15            00780-007EF              70           1
        SFR16            00800-0086F              70           1
        SFR17            00880-008EF              70           1
        SFR18            00900-0096F              70           1
        SFR19            00980-009EF              70           1
        SFR2             00100-0011F              20           1
        SFR20            00A00-00A6F              70           1
        SFR21            00A80-00AEF              70           1
        SFR22            00B00-00B6F              70           1
        SFR23            00B80-00BEF              70           1
        SFR24            00C00-00C6F              70           1
        SFR25            00C80-00CEF              70           1
        SFR26            00D00-00D6F              70           1
        SFR27            00D80-00DEF              70           1
        SFR28            00E00-00E6F              70           1
        SFR29            00E80-00EEF              70           1
        SFR3             00180-0019F              20           1
        SFR30            00F00-00F6F              70           1
        SFR31            00F80-00FEF              70           1
        SFR4             00200-0021F              20           1
        SFR5             00280-0029F              20           1
        SFR6             00300-0031F              20           1
        SFR7             00380-003EF              70           1
        SFR8             00400-0046F              70           1
        SFR9             00480-004EF              70           1
        STACK            020A6-020EF              4A           1
        STRCODE          00800-00DA4             5A5           2
        STRING           00800-00DA4             100           2

                                  Symbol Table

?___lldiv                                   cstackBANK0  00020
?___lmul                                    cstackCOMMON 00070
?___lwdiv                                   cstackBANK1  000DF
?___wmul                                    cstackBANK1  000DF
?_millis                                    cstackCOMMON 00070
CCP1_CallBack@capturedValue                 cstackBANK0  00039
CCP1_CaptureISR@module                      cstackBANK0  0003B
EUSART_Write@txData                         cstackBANK1  000DF
EncA_PulseEdgeEvent@capturedValue           cstackBANK0  00037
INT_SetInterruptHandler@InterruptHandler    cstackBANK1  000DF
IOCCF4_SetInterruptHandler@InterruptHandler cstackBANK1  000DF
IOCCF5_SetInterruptHandler@InterruptHandler cstackBANK1  000DF
LedONStartConfig@LEDcolor                   cstackBANK1  000E9
LedONStartConfig@LedONDurationSec           cstackBANK1  000E7
LedONStartConfig@LedONNumBlink              cstackBANK1  000E8
ModbusMasterInit@slave                      cstackBANK1  000E0
OnEncPulseEdgeEvent@capturevalue            cstackBANK0  0002D
PIN_MANAGER_Initialize@state                cstackBANK1  000E1
TMR0_SetInterruptHandler@InterruptHandler   cstackBANK1  000DF
TMR3_SetInterruptHandler@InterruptHandler   cstackBANK1  000DF
TMR3_WriteTimer@timerVal                    cstackBANK1  000DF
TMR5_SetInterruptHandler@InterruptHandler   cstackBANK1  000DF
TMR5_WriteTimer@timerVal                    cstackBANK1  000DF
_ADACT                                      (abs)        0009F
_ADCON0                                     (abs)        0009D
_ADCON0bits                                 (abs)        0009D
_ADCON1                                     (abs)        0009E
_ADC_Initialize                             text23       00E2A
_ADRESH                                     (abs)        0009C
_ADRESL                                     (abs)        0009B
_ANSELA                                     (abs)        0018C
_ANSELB                                     (abs)        0018D
_ANSELC                                     (abs)        0018E
_BAUD1CON                                   (abs)        0019F
_Blick_tickPoint                            bssBANK1     000B2
_Blick_tickPointMsec                        bssBANK1     000B4
_CCP1CAP                                    (abs)        00294
_CCP1CON                                    (abs)        00293
_CCP1PPSbits                                (abs)        00E14
_CCP1_CallBack                              text64       00E1A
_CCP1_CaptureISR                            text63       00F7C
_CCP1_Initialize                            text22       00F01
_CCP2CAP                                    (abs)        00298
_CCP2CON                                    (abs)        00297
_CCP2PPSbits                                (abs)        00E15
_CCP2_Initialize                            text21       00E33
_CCPR1H                                     (abs)        00292
_CCPR1L                                     (abs)        00291
_CCPR2H                                     (abs)        00296
_CCPR2L                                     (abs)        00295
_CCPTMRSbits                                (abs)        0029F
_EPC_StateMachineControlLoop                text34       002C1
_EUSART_Initialize                          text32       00E5C
_EUSART_Write                               text41       00E46
_EXT_INT_Initialize                         text19       00E8E
_EncA_PulseEdgeEvent                        text65       00F2F
_EncEdgeGotFlag                             bssBANK0     00050
_EncEdgeMinTimeIntSumAvg                    bssBANK1     000A8
_EncEdgeMinTimeInterval                     dataBANK0    00056
_EncEdgeTimeInterval                        bssBANK0     0003E
_EncEdgeTimeIntervalOld                     bssBANK1     000AC
_EncINX_PulseRisingEvent                    text62       0067F
_EncPulseCntResult                          bssBANK0     00055
_EncPulseError                              bssBANK1     000D2
_EncPulseOpState                            bssBANK1     000CE
_EncSpdredFact                              dataBANK1    000EA
_EncoderPosition                            bssBANK0     00044
_EncoderPositionAtIndex                     bssBANK1     000C6
_EncoderPositionOneCycle                    bssBANK0     00052
_GIE                                        (abs)        0005F
_INLVLA                                     (abs)        0038C
_INLVLC                                     (abs)        0038E
_INTCONbits                                 (abs)        0000B
_INTERRUPT_InterruptManager                 intentry     00004
_INTPPSbits                                 (abs)        00E10
_INT_CallBack                               text60       00EA9
_INT_DefaultInterruptHandler                text61       00DA5
_INT_ISR                                    text59       00DCD
_INT_InterruptHandler                       nvBANK1      000D3
_INT_SetInterruptHandler                    text20       00DE8
_IOCCF4_DefaultInterruptHandler             text58       00DA6
_IOCCF4_ISR                                 text57       00E74
_IOCCF4_InterruptHandler                    nvBANK1      000D7
_IOCCF4_SetInterruptHandler                 text17       00DEE
_IOCCF5_DefaultInterruptHandler             text56       00DA7
_IOCCF5_ISR                                 text55       00E81
_IOCCF5_InterruptHandler                    nvBANK1      000D5
_IOCCF5_SetInterruptHandler                 text16       00DF4
_IOCCFbits                                  (abs)        00399
_IOCCNbits                                  (abs)        00398
_IOCCPbits                                  (abs)        00397
_IdleTimeOnShutOff                          bssBANK1     000A4
_LATA                                       (abs)        0010C
_LATB                                       (abs)        0010D
_LATBbits                                   (abs)        0010D
_LATC                                       (abs)        0010E
_LATCbits                                   (abs)        0010E
_LED_Color                                  dataBANK0    0005A
_LED_msec_Cnt                               bssBANK1     000B6
_LedONStartConfig                           text38       00422
_LedONStatusBusy                            text33       00DB7
_LedON_Control_10msec                       text52       00492
_LedON_Duration_msec                        bssBANK1     000B0
_Led_ON                                     bssBANK0     00048
_MBreadNoOfPulseCnt                         dataBANK1    000EE
_MBreadPulseTimeoutSec                      dataBANK1    000EC
_MBread_EPC_Ctrl                            bssBANK1     000CC
_ModbusMasterInit                           text31       007F0
_ModbusMasterSetup                          text28       007C0
_NutRunCycleReset                           text27       00FD3
_NutRunCycleStart                           text24       00EF2
_NutRunCycleStop                            text75       00F91
_NutRunLength                               bssBANK0     00046
_NutRunstate                                bssBANK0     0004E
_ODCONA                                     (abs)        0028C
_ODCONB                                     (abs)        0028D
_ODCONC                                     (abs)        0028E
_OSCCON1                                    (abs)        00919
_OSCCON3                                    (abs)        0091B
_OSCEN                                      (abs)        0091D
_OSCFRQ                                     (abs)        0091F
_OSCILLATOR_Initialize                      text18       00E22
_OSCTUNE                                    (abs)        0091E
_OldEncPos                                  bssBANK1     000C8
_OldEncPulseOpState                         bssBANK1     000CA
_OnEncPulseEdgeEvent                        text66       00093
_PIE0bits                                   (abs)        00090
_PIE3bits                                   (abs)        00093
_PIE4bits                                   (abs)        00094
_PIN_MANAGER_IOC                            text54       00E50
_PIN_MANAGER_Initialize                     text15       00561
_PIR0bits                                   (abs)        00010
_PIR1bits                                   (abs)        00011
_PIR3bits                                   (abs)        00013
_PIR4bits                                   (abs)        00014
_PORTCbits                                  (abs)        0000E
_PPSLOCK                                    (abs)        00E0F
_PPSLOCKbits                                (abs)        00E0F
_RB5PPSbits                                 (abs)        00E9D
_RC1REG                                     (abs)        00199
_RC1STA                                     (abs)        0019D
_RC1STAbits                                 (abs)        0019D
_RXPPSbits                                  (abs)        00E24
_SP1BRGH                                    (abs)        0019C
_SP1BRGL                                    (abs)        0019B
_SYSTEM_Initialize                          text5        0072F
_ShutdownDetected                           bssBANK0     0004F
_T0CON0                                     (abs)        00017
_T0CON0bits                                 (abs)        00017
_T0CON1                                     (abs)        00018
_T3CON                                      (abs)        00413
_T3CONbits                                  (abs)        00413
_T3GCON                                     (abs)        00414
_T3GCONbits                                 (abs)        00414
_T5CON                                      (abs)        0041A
_T5CONbits                                  (abs)        0041A
_T5GCON                                     (abs)        0041B
_T5GCONbits                                 (abs)        0041B
_TMR0H                                      (abs)        00016
_TMR0L                                      (abs)        00015
_TMR0_CallBack                              text50       00EB7
_TMR0_DefaultInterruptHandler               text53       00002
_TMR0_ISR                                   text49       00DD2
_TMR0_Initialize                            text12       00F68
_TMR0_InterruptHandler                      nvBANK1      000D9
_TMR0_SetInterruptHandler                   text14       00DFA
_TMR0_StartTimer                            text13       00DBD
_TMR3H                                      (abs)        00412
_TMR3L                                      (abs)        00411
_TMR3_DefaultInterruptHandler               text47       00DB1
_TMR3_ISR                                   text46       00F40
_TMR3_Initialize                            text10       007A6
_TMR3_InterruptHandler                      nvBANK1      000DB
_TMR3_SetInterruptHandler                   text11       00E00
_TMR3_StartTimer                            text26       00DBA
_TMR3_StopTimer                             text4        00DC3
_TMR3_WriteTimer                            text25       00FE9
_TMR5H                                      (abs)        00419
_TMR5L                                      (abs)        00418
_TMR5_DefaultInterruptHandler               text44       00DB4
_TMR5_ISR                                   text43       00F54
_TMR5_Initialize                            text7        0078C
_TMR5_InterruptHandler                      nvBANK1      000DD
_TMR5_SetInterruptHandler                   text9        00E06
_TMR5_StartTimer                            text8        00DC0
_TMR5_StopTimer                             text3        00DC6
_TMR5_WriteTimer                            text2        007D9
_TRISA                                      (abs)        0008C
_TRISB                                      (abs)        0008D
_TRISC                                      (abs)        0008E
_TX1REG                                     (abs)        0019A
_TX1STA                                     (abs)        0019E
_Timer0_tick10msecFunc                      text51       00709
_Timer3_Overflow                            text48       006E3
_Timer5_Overflow                            text45       00003
_TimertickMsec                              bssBANK1     000A0
_WDTCON                                     (abs)        00097
_WDT_Initialize                             text6        00DC9
_WPUA                                       (abs)        0020C
_WPUB                                       (abs)        0020D
_WPUC                                       (abs)        0020E
__CFG_BOREN$ON                              (abs)        00000
__CFG_BORV$LOW                              (abs)        00000
__CFG_CLKOUTEN$OFF                          (abs)        00000
__CFG_CP$OFF                                (abs)        00000
__CFG_CPD$OFF                               (abs)        00000
__CFG_CSWEN$ON                              (abs)        00000
__CFG_DEBUG$OFF                             (abs)        00000
__CFG_FCMEN$ON                              (abs)        00000
__CFG_FEXTOSC$OFF                           (abs)        00000
__CFG_LPBOREN$OFF                           (abs)        00000
__CFG_LVP$ON                                (abs)        00000
__CFG_MCLRE$ON                              (abs)        00000
__CFG_PPS1WAY$ON                            (abs)        00000
__CFG_PWRTE$OFF                             (abs)        00000
__CFG_RSTOSC$HFINT1                         (abs)        00000
__CFG_STVREN$ON                             (abs)        00000
__CFG_WDTE$OFF                              (abs)        00000
__CFG_WRT$OFF                               (abs)        00000
__Habs1                                     abs1         00000
__Hbank0                                    bank0        00000
__Hbank1                                    bank1        00000
__Hbank10                                   bank10       00000
__Hbank11                                   bank11       00000
__Hbank12                                   bank12       00000
__Hbank13                                   bank13       00000
__Hbank14                                   bank14       00000
__Hbank15                                   bank15       00000
__Hbank16                                   bank16       00000
__Hbank17                                   bank17       00000
__Hbank18                                   bank18       00000
__Hbank19                                   bank19       00000
__Hbank2                                    bank2        00000
__Hbank20                                   bank20       00000
__Hbank21                                   bank21       00000
__Hbank22                                   bank22       00000
__Hbank23                                   bank23       00000
__Hbank24                                   bank24       00000
__Hbank25                                   bank25       00000
__Hbank26                                   bank26       00000
__Hbank27                                   bank27       00000
__Hbank28                                   bank28       00000
__Hbank29                                   bank29       00000
__Hbank3                                    bank3        00000
__Hbank30                                   bank30       00000
__Hbank31                                   bank31       00000
__Hbank4                                    bank4        00000
__Hbank5                                    bank5        00000
__Hbank6                                    bank6        00000
__Hbank7                                    bank7        00000
__Hbank8                                    bank8        00000
__Hbank9                                    bank9        00000
__Hbigram                                   bigram       00000
__HbssBANK0                                 bssBANK0     00000
__HbssBANK1                                 bssBANK1     00000
__Hcinit                                    cinit        00093
__Hclrtext                                  clrtext      00000
__Hcode                                     code         00000
__Hcommon                                   common       00000
__Hconfig                                   config       0800B
__HcstackBANK0                              cstackBANK0  00000
__HcstackBANK1                              cstackBANK1  00000
__HcstackBANK2                              cstackBANK2  00000
__HcstackCOMMON                             cstackCOMMON 00000
__HdataBANK0                                dataBANK0    00000
__HdataBANK1                                dataBANK1    00000
__Heeprom_data                              eeprom_data  00000
__Hend_init                                 end_init     00050
__Hfunctab                                  functab      00000
__HidataBANK0                               idataBANK0   00000
__HidataBANK1                               idataBANK1   00000
__Hidloc                                    idloc        00000
__Hinit                                     init         0004E
__Hintentry                                 intentry     0004E
__Hmaintext                                 maintext     00000
__HnvBANK0                                  nvBANK0      00000
__HnvBANK1                                  nvBANK1      00000
__Hpowerup                                  powerup      00000
__Hram                                      ram          00000
__Hreset_vec                                reset_vec    00002
__Hsfr0                                     sfr0         00000
__Hsfr1                                     sfr1         00000
__Hsfr10                                    sfr10        00000
__Hsfr11                                    sfr11        00000
__Hsfr12                                    sfr12        00000
__Hsfr13                                    sfr13        00000
__Hsfr14                                    sfr14        00000
__Hsfr15                                    sfr15        00000
__Hsfr16                                    sfr16        00000
__Hsfr17                                    sfr17        00000
__Hsfr18                                    sfr18        00000
__Hsfr19                                    sfr19        00000
__Hsfr2                                     sfr2         00000
__Hsfr20                                    sfr20        00000
__Hsfr21                                    sfr21        00000
__Hsfr22                                    sfr22        00000
__Hsfr23                                    sfr23        00000
__Hsfr24                                    sfr24        00000
__Hsfr25                                    sfr25        00000
__Hsfr26                                    sfr26        00000
__Hsfr27                                    sfr27        00000
__Hsfr28                                    sfr28        00000
__Hsfr29                                    sfr29        00000
__Hsfr3                                     sfr3         00000
__Hsfr30                                    sfr30        00000
__Hsfr31                                    sfr31        00000
__Hsfr4                                     sfr4         00000
__Hsfr5                                     sfr5         00000
__Hsfr6                                     sfr6         00000
__Hsfr7                                     sfr7         00000
__Hsfr8                                     sfr8         00000
__Hsfr9                                     sfr9         00000
__Hspace_0                                  (abs)        0800B
__Hspace_1                                  (abs)        00126
__Hspace_2                                  (abs)        00000
__Hspace_3                                  (abs)        00000
__Hstack                                    stack        00000
__Hstrings                                  strings      00000
__Htext                                     text         00000
__Labs1                                     abs1         00000
__Lbank0                                    bank0        00000
__Lbank1                                    bank1        00000
__Lbank10                                   bank10       00000
__Lbank11                                   bank11       00000
__Lbank12                                   bank12       00000
__Lbank13                                   bank13       00000
__Lbank14                                   bank14       00000
__Lbank15                                   bank15       00000
__Lbank16                                   bank16       00000
__Lbank17                                   bank17       00000
__Lbank18                                   bank18       00000
__Lbank19                                   bank19       00000
__Lbank2                                    bank2        00000
__Lbank20                                   bank20       00000
__Lbank21                                   bank21       00000
__Lbank22                                   bank22       00000
__Lbank23                                   bank23       00000
__Lbank24                                   bank24       00000
__Lbank25                                   bank25       00000
__Lbank26                                   bank26       00000
__Lbank27                                   bank27       00000
__Lbank28                                   bank28       00000
__Lbank29                                   bank29       00000
__Lbank3                                    bank3        00000
__Lbank30                                   bank30       00000
__Lbank31                                   bank31       00000
__Lbank4                                    bank4        00000
__Lbank5                                    bank5        00000
__Lbank6                                    bank6        00000
__Lbank7                                    bank7        00000
__Lbank8                                    bank8        00000
__Lbank9                                    bank9        00000
__Lbigram                                   bigram       00000
__LbssBANK0                                 bssBANK0     00000
__LbssBANK1                                 bssBANK1     00000
__Lcinit                                    cinit        00050
__Lclrtext                                  clrtext      00000
__Lcode                                     code         00000
__Lcommon                                   common       00000
__Lconfig                                   config       08007
__LcstackBANK0                              cstackBANK0  00000
__LcstackBANK1                              cstackBANK1  00000
__LcstackBANK2                              cstackBANK2  00000
__LcstackCOMMON                             cstackCOMMON 00000
__LdataBANK0                                dataBANK0    00000
__LdataBANK1                                dataBANK1    00000
__Leeprom_data                              eeprom_data  00000
__Lend_init                                 end_init     0004E
__Lfunctab                                  functab      00000
__LidataBANK0                               idataBANK0   00000
__LidataBANK1                               idataBANK1   00000
__Lidloc                                    idloc        00000
__Linit                                     init         0004E
__Lintentry                                 intentry     00004
__Lmaintext                                 maintext     00000
__LnvBANK0                                  nvBANK0      00000
__LnvBANK1                                  nvBANK1      00000
__Lpowerup                                  powerup      00000
__Lram                                      ram          00000
__Lreset_vec                                reset_vec    00000
__Lsfr0                                     sfr0         00000
__Lsfr1                                     sfr1         00000
__Lsfr10                                    sfr10        00000
__Lsfr11                                    sfr11        00000
__Lsfr12                                    sfr12        00000
__Lsfr13                                    sfr13        00000
__Lsfr14                                    sfr14        00000
__Lsfr15                                    sfr15        00000
__Lsfr16                                    sfr16        00000
__Lsfr17                                    sfr17        00000
__Lsfr18                                    sfr18        00000
__Lsfr19                                    sfr19        00000
__Lsfr2                                     sfr2         00000
__Lsfr20                                    sfr20        00000
__Lsfr21                                    sfr21        00000
__Lsfr22                                    sfr22        00000
__Lsfr23                                    sfr23        00000
__Lsfr24                                    sfr24        00000
__Lsfr25                                    sfr25        00000
__Lsfr26                                    sfr26        00000
__Lsfr27                                    sfr27        00000
__Lsfr28                                    sfr28        00000
__Lsfr29                                    sfr29        00000
__Lsfr3                                     sfr3         00000
__Lsfr30                                    sfr30        00000
__Lsfr31                                    sfr31        00000
__Lsfr4                                     sfr4         00000
__Lsfr5                                     sfr5         00000
__Lsfr6                                     sfr6         00000
__Lsfr7                                     sfr7         00000
__Lsfr8                                     sfr8         00000
__Lsfr9                                     sfr9         00000
__Lspace_0                                  (abs)        00000
__Lspace_1                                  (abs)        00000
__Lspace_2                                  (abs)        00000
__Lspace_3                                  (abs)        00000
__Lstack                                    stack        00000
__Lstrings                                  strings      00000
__Ltext                                     text         00000
__S0                                        (abs)        0800B
__S1                                        (abs)        00126
__S2                                        (abs)        00000
__S3                                        (abs)        00000
___int_sp                                   stack        00000
___latbits                                  (abs)        00001
___lldiv                                    text74       005C1
___lldiv@counter                            cstackBANK0  0002C
___lldiv@dividend                           cstackBANK0  00024
___lldiv@divisor                            cstackBANK0  00020
___lldiv@quotient                           cstackBANK0  00028
___lmul                                     text73       006B4
___lmul@multiplicand                        cstackCOMMON 00074
___lmul@multiplier                          cstackCOMMON 00070
___lmul@product                             cstackCOMMON 00078
___lwdiv                                    text40       0064A
___lwdiv@counter                            cstackBANK1  000E4
___lwdiv@dividend                           cstackBANK1  000E1
___lwdiv@divisor                            cstackBANK1  000DF
___lwdiv@quotient                           cstackBANK1  000E5
___sp                                       stack        00000
___wmul                                     text39       00770
___wmul@multiplicand                        cstackBANK1  000E1
___wmul@multiplier                          cstackBANK1  000DF
___wmul@product                             cstackBANK1  000E3
__end_of_ADC_Initialize                     text23       00E33
__end_of_CCP1_CallBack                      text64       00E22
__end_of_CCP1_CaptureISR                    text63       00F91
__end_of_CCP1_Initialize                    text22       00F10
__end_of_CCP2_Initialize                    text21       00E3C
__end_of_EPC_StateMachineControlLoop        text34       00422
__end_of_EUSART_Initialize                  text32       00E68
__end_of_EUSART_Write                       text41       00E50
__end_of_EXT_INT_Initialize                 text19       00E9B
__end_of_EncA_PulseEdgeEvent                text65       00F40
__end_of_EncINX_PulseRisingEvent            text62       006B4
__end_of_INTERRUPT_InterruptManager         intentry     0004E
__end_of_INT_CallBack                       text60       00EB7
__end_of_INT_DefaultInterruptHandler        text61       00DA6
__end_of_INT_ISR                            text59       00DD2
__end_of_INT_SetInterruptHandler            text20       00DEE
__end_of_IOCCF4_DefaultInterruptHandler     text58       00DA7
__end_of_IOCCF4_ISR                         text57       00E81
__end_of_IOCCF4_SetInterruptHandler         text17       00DF4
__end_of_IOCCF5_DefaultInterruptHandler     text56       00DA8
__end_of_IOCCF5_ISR                         text55       00E8E
__end_of_IOCCF5_SetInterruptHandler         text16       00DFA
__end_of_LedONStartConfig                   text38       00492
__end_of_LedONStatusBusy                    text33       00DBA
__end_of_LedON_Control_10msec               text52       004FF
__end_of_ModbusMasterInit                   text31       00800
__end_of_ModbusMasterSetup                  text28       007D9
__end_of_NutRunCycleReset                   text27       00FE9
__end_of_NutRunCycleStart                   text24       00F01
__end_of_NutRunCycleStop                    text75       00FA7
__end_of_OSCILLATOR_Initialize              text18       00E2A
__end_of_OnEncPulseEdgeEvent                text66       002C1
__end_of_PIN_MANAGER_IOC                    text54       00E5C
__end_of_PIN_MANAGER_Initialize             text15       005C1
__end_of_SYSTEM_Initialize                  text5        00750
__end_of_TMR0_CallBack                      text50       00EC5
__end_of_TMR0_DefaultInterruptHandler       text53       00003
__end_of_TMR0_ISR                           text49       00DD7
__end_of_TMR0_Initialize                    text12       00F7C
__end_of_TMR0_SetInterruptHandler           text14       00E00
__end_of_TMR0_StartTimer                    text13       00DC0
__end_of_TMR3_DefaultInterruptHandler       text47       00DB4
__end_of_TMR3_ISR                           text46       00F54
__end_of_TMR3_Initialize                    text10       007C0
__end_of_TMR3_SetInterruptHandler           text11       00E06
__end_of_TMR3_StartTimer                    text26       00DBD
__end_of_TMR3_StopTimer                     text4        00DC6
__end_of_TMR3_WriteTimer                    text25       01000
__end_of_TMR5_DefaultInterruptHandler       text44       00DB7
__end_of_TMR5_ISR                           text43       00F68
__end_of_TMR5_Initialize                    text7        007A6
__end_of_TMR5_SetInterruptHandler           text9        00E0C
__end_of_TMR5_StartTimer                    text8        00DC3
__end_of_TMR5_StopTimer                     text3        00DC9
__end_of_TMR5_WriteTimer                    text2        007F0
__end_of_Timer0_tick10msecFunc              text51       0072F
__end_of_Timer3_Overflow                    text48       00709
__end_of_Timer5_Overflow                    text45       00004
__end_of_WDT_Initialize                     text6        00DCD
__end_of___lldiv                            text74       00614
__end_of___lmul                             text73       006E3
__end_of___lwdiv                            text40       0067F
__end_of___wmul                             text39       0078C
__end_of__initialization                    cinit        0008F
__end_of_getEncoderState                    text1        00F1F
__end_of_main                               maintext     00561
__end_of_millis                             text72       00E46
__end_of_postTransmission                   text30       00DE2
__end_of_preTransmission                    text29       00DE8
__end_of_valtoasciichar                     text37       0064A
__end_of_valuetocharHighNibble              text36       00FD3
__end_of_valuetocharLowNibble               text35       00F2F
__end_ofi1_EUSART_Write                     text71       00E1A
__end_ofi1_NutRunCycleReset                 text70       00FBD
__end_ofi1_NutRunCycleStart                 text68       00EA9
__end_ofi1_TMR3_StartTimer                  text69       00DB1
__end_ofi1_TMR3_StopTimer                   text79       00DAB
__end_ofi1_TMR3_WriteTimer                  text78       00ED4
__end_ofi1_TMR5_StopTimer                   text77       00DAE
__end_ofi1_TMR5_WriteTimer                  text76       00EE3
__end_ofi1_getEncoderState                  text67       00EF2
__initialization                            cinit        00050
__pbssBANK0                                 bssBANK0     0003E
__pbssBANK1                                 bssBANK1     000A0
__pbssBIGRAM                                (abs)        020F0
__pcstackBANK0                              cstackBANK0  00020
__pcstackBANK1                              cstackBANK1  000DF
__pcstackBANK2                              cstackBANK2  00120
__pcstackCOMMON                             cstackCOMMON 00070
__pdataBANK0                                dataBANK0    00056
__pdataBANK1                                dataBANK1    000EA
__pidataBANK0                               idataBANK0   00DD7
__pidataBANK1                               idataBANK1   00E0C
__pintentry                                 intentry     00004
__pmaintext                                 maintext     004FF
__pnvBANK0                                  nvBANK0      0005B
__pnvBANK1                                  nvBANK1      000D3
__postTransmission                          bssBANK1     000B8
__preTransmission                           bssBANK1     000BA
__pswtext1                                  swtext1      00750
__ptext1                                    text1        00F10
__ptext10                                   text10       007A6
__ptext11                                   text11       00E00
__ptext12                                   text12       00F68
__ptext13                                   text13       00DBD
__ptext14                                   text14       00DFA
__ptext15                                   text15       00561
__ptext16                                   text16       00DF4
__ptext17                                   text17       00DEE
__ptext18                                   text18       00E22
__ptext19                                   text19       00E8E
__ptext2                                    text2        007D9
__ptext20                                   text20       00DE8
__ptext21                                   text21       00E33
__ptext22                                   text22       00F01
__ptext23                                   text23       00E2A
__ptext24                                   text24       00EF2
__ptext25                                   text25       00FE9
__ptext26                                   text26       00DBA
__ptext27                                   text27       00FD3
__ptext28                                   text28       007C0
__ptext29                                   text29       00DE2
__ptext3                                    text3        00DC6
__ptext30                                   text30       00DDC
__ptext31                                   text31       007F0
__ptext32                                   text32       00E5C
__ptext33                                   text33       00DB7
__ptext34                                   text34       002C1
__ptext35                                   text35       00F1F
__ptext36                                   text36       00FBD
__ptext37                                   text37       00614
__ptext38                                   text38       00422
__ptext39                                   text39       00770
__ptext4                                    text4        00DC3
__ptext40                                   text40       0064A
__ptext41                                   text41       00E46
__ptext43                                   text43       00F54
__ptext44                                   text44       00DB4
__ptext45                                   text45       00003
__ptext46                                   text46       00F40
__ptext47                                   text47       00DB1
__ptext48                                   text48       006E3
__ptext49                                   text49       00DD2
__ptext5                                    text5        0072F
__ptext50                                   text50       00EB7
__ptext51                                   text51       00709
__ptext52                                   text52       00492
__ptext53                                   text53       00002
__ptext54                                   text54       00E50
__ptext55                                   text55       00E81
__ptext56                                   text56       00DA7
__ptext57                                   text57       00E74
__ptext58                                   text58       00DA6
__ptext59                                   text59       00DCD
__ptext6                                    text6        00DC9
__ptext60                                   text60       00EA9
__ptext61                                   text61       00DA5
__ptext62                                   text62       0067F
__ptext63                                   text63       00F7C
__ptext64                                   text64       00E1A
__ptext65                                   text65       00F2F
__ptext66                                   text66       00093
__ptext67                                   text67       00EE3
__ptext68                                   text68       00E9B
__ptext69                                   text69       00DAE
__ptext7                                    text7        0078C
__ptext70                                   text70       00FA7
__ptext71                                   text71       00E12
__ptext72                                   text72       00E3C
__ptext73                                   text73       006B4
__ptext74                                   text74       005C1
__ptext75                                   text75       00F91
__ptext76                                   text76       00ED4
__ptext77                                   text77       00DAB
__ptext78                                   text78       00EC5
__ptext79                                   text79       00DA8
__ptext8                                    text8        00DC0
__ptext9                                    text9        00E06
__size_of_ADC_Initialize                    (abs)        00000
__size_of_CCP1_CallBack                     (abs)        00000
__size_of_CCP1_CaptureISR                   (abs)        00000
__size_of_CCP1_Initialize                   (abs)        00000
__size_of_CCP2_Initialize                   (abs)        00000
__size_of_EPC_StateMachineControlLoop       (abs)        00000
__size_of_EUSART_Initialize                 (abs)        00000
__size_of_EUSART_Write                      (abs)        00000
__size_of_EXT_INT_Initialize                (abs)        00000
__size_of_EncA_PulseEdgeEvent               (abs)        00000
__size_of_EncINX_PulseRisingEvent           (abs)        00000
__size_of_INTERRUPT_InterruptManager        (abs)        00000
__size_of_INT_CallBack                      (abs)        00000
__size_of_INT_DefaultInterruptHandler       (abs)        00000
__size_of_INT_ISR                           (abs)        00000
__size_of_INT_SetInterruptHandler           (abs)        00000
__size_of_IOCCF4_DefaultInterruptHandler    (abs)        00000
__size_of_IOCCF4_ISR                        (abs)        00000
__size_of_IOCCF4_SetInterruptHandler        (abs)        00000
__size_of_IOCCF5_DefaultInterruptHandler    (abs)        00000
__size_of_IOCCF5_ISR                        (abs)        00000
__size_of_IOCCF5_SetInterruptHandler        (abs)        00000
__size_of_LedONStartConfig                  (abs)        00000
__size_of_LedONStatusBusy                   (abs)        00000
__size_of_LedON_Control_10msec              (abs)        00000
__size_of_ModbusMasterInit                  (abs)        00000
__size_of_ModbusMasterSetup                 (abs)        00000
__size_of_NutRunCycleReset                  (abs)        00000
__size_of_NutRunCycleStart                  (abs)        00000
__size_of_NutRunCycleStop                   (abs)        00000
__size_of_OSCILLATOR_Initialize             (abs)        00000
__size_of_OnEncPulseEdgeEvent               (abs)        00000
__size_of_PIN_MANAGER_IOC                   (abs)        00000
__size_of_PIN_MANAGER_Initialize            (abs)        00000
__size_of_SYSTEM_Initialize                 (abs)        00000
__size_of_TMR0_CallBack                     (abs)        00000
__size_of_TMR0_DefaultInterruptHandler      (abs)        00000
__size_of_TMR0_ISR                          (abs)        00000
__size_of_TMR0_Initialize                   (abs)        00000
__size_of_TMR0_SetInterruptHandler          (abs)        00000
__size_of_TMR0_StartTimer                   (abs)        00000
__size_of_TMR3_DefaultInterruptHandler      (abs)        00000
__size_of_TMR3_ISR                          (abs)        00000
__size_of_TMR3_Initialize                   (abs)        00000
__size_of_TMR3_SetInterruptHandler          (abs)        00000
__size_of_TMR3_StartTimer                   (abs)        00000
__size_of_TMR3_StopTimer                    (abs)        00000
__size_of_TMR3_WriteTimer                   (abs)        00000
__size_of_TMR5_DefaultInterruptHandler      (abs)        00000
__size_of_TMR5_ISR                          (abs)        00000
__size_of_TMR5_Initialize                   (abs)        00000
__size_of_TMR5_SetInterruptHandler          (abs)        00000
__size_of_TMR5_StartTimer                   (abs)        00000
__size_of_TMR5_StopTimer                    (abs)        00000
__size_of_TMR5_WriteTimer                   (abs)        00000
__size_of_Timer0_tick10msecFunc             (abs)        00000
__size_of_Timer3_Overflow                   (abs)        00000
__size_of_Timer5_Overflow                   (abs)        00000
__size_of_WDT_Initialize                    (abs)        00000
__size_of___lldiv                           (abs)        00000
__size_of___lmul                            (abs)        00000
__size_of___lwdiv                           (abs)        00000
__size_of___wmul                            (abs)        00000
__size_of_getEncoderState                   (abs)        00000
__size_of_main                              (abs)        00000
__size_of_millis                            (abs)        00000
__size_of_postTransmission                  (abs)        00000
__size_of_preTransmission                   (abs)        00000
__size_of_valtoasciichar                    (abs)        00000
__size_of_valuetocharHighNibble             (abs)        00000
__size_of_valuetocharLowNibble              (abs)        00000
__size_ofi1_EUSART_Write                    (abs)        00000
__size_ofi1_NutRunCycleReset                (abs)        00000
__size_ofi1_NutRunCycleStart                (abs)        00000
__size_ofi1_TMR3_StartTimer                 (abs)        00000
__size_ofi1_TMR3_StopTimer                  (abs)        00000
__size_ofi1_TMR3_WriteTimer                 (abs)        00000
__size_ofi1_TMR5_StopTimer                  (abs)        00000
__size_ofi1_TMR5_WriteTimer                 (abs)        00000
__size_ofi1_getEncoderState                 (abs)        00000
__u16ReadAddress                            bssBANK1     000C2
__u16ReadQty                                bssBANK1     000C0
__u16ResponseBuffer                         (abs)        020F0
__u16TransmitBuffer                         (abs)        02170
__u16WriteAddress                           bssBANK1     000BE
__u16WriteQty                               bssBANK0     00042
__u8MBSlave                                 bssBANK0     0004C
__u8ResponseBufferIndex                     bssBANK0     0004A
__u8ResponseBufferLength                    bssBANK0     00049
__u8TransmitBufferIndex                     bssBANK0     0004B
_delayCount                                 bssBANK1     000C4
_delayFlag                                  bssBANK0     0004D
_flagForFirstRevolution                     bssBANK0     00051
_getEncoderState                            text1        00F10
_main                                       maintext     004FF
_millis                                     text72       00E3C
_multipleTimecheck0                         bssBANK0     00054
_multipleTimecheck1                         bssBANK0     00053
_postTransmission                           text30       00DDC
_postTransmission_App                       (abs)        00000
_preTransmission                            text29       00DE2
_preTransmission_App                        (abs)        00000
_timer3ReloadVal                            nvBANK0      0005B
_timer5ReloadVal                            nvBANK0      0005D
_u16TransmitBufferLength                    bssBANK1     000BC
_valtoasciichar                             text37       00614
_valuetocharHighNibble                      text36       00FBD
_valuetocharLowNibble                       text35       00F1F
btemp                                       (abs)        0007E
clear_ram0                                  clrtext      00E68
end_of_initialization                       cinit        0008F
i1EUSART_Write@txData                       cstackCOMMON 00070
i1TMR3_WriteTimer@timerVal                  cstackCOMMON 00070
i1TMR5_WriteTimer@timerVal                  cstackCOMMON 00070
i1_EUSART_Write                             text71       00E12
i1_NutRunCycleReset                         text70       00FA7
i1_NutRunCycleStart                         text68       00E9B
i1_TMR3_StartTimer                          text69       00DAE
i1_TMR3_StopTimer                           text79       00DA8
i1_TMR3_WriteTimer                          text78       00EC5
i1_TMR5_StopTimer                           text77       00DAB
i1_TMR5_WriteTimer                          text76       00ED4
i1_getEncoderState                          text67       00EE3
int$flags                                   (abs)        0007E
[...]
      Totals:         0      10       0       0       0       0       0       0
Total ram usage:       10 bytes
 Hardware stack levels used:    1
 Hardware stack levels required when called:    2
 This function calls:
		_NutRunCycleStop
		___lldiv
		___lmul
		_millis
		i1_EUSART_Write
		i1_NutRunCycleStart
		i1_TMR3_StartTimer
		i1_TMR3_WriteTimer
		i1_getEncoderState
 This function is called by:
		_EncA_PulseEdgeEvent
 This function uses a non-reentrant model


 *************** function i1_getEncoderState *****************
 Defined at:
		line 510 in file "main.c"
 Parameters:    Size  Location     Type
		None
 Auto vars:     Size  Location     Type
		None
 Return value:  Size  Location     Type
                  1    wreg      void 
 Registers used:
		wreg
 Tracked objects:
		On entry : 
		On exit  : 
		Unchanged: 
 Data sizes:     COMMON   BANK0   BANK1   BANK2   BANK3   BANK4   BANK5   BANK6
      Params:         0       0       0       0       0       0       0       0
      Locals:         0       0       0       0       0       0       0       0
      Temps:          0       0       0       0       0       0       0       0
      Totals:         0       0       0       0       0       0       0       0
Total ram usage:        0 bytes
 Hardware stack levels used:    1
 This function calls:
		Nothing
 This function is called by:
		_OnEncPulseEdgeEvent
 This function uses a non-reentrant model


 *************** function i1_NutRunCycleStart *****************
 Defined at:
		line 487 in file "main.c"
 Parameters:    Size  Location     Type
		None
 Auto vars:     Size  Location     Type
		None
 Return value:  Size  Location     Type
                  1    wreg      void 
 Registers used:
		wreg, status,2, status,0, pclath, cstack
 Tracked objects:
		On entry : 
		On exit  : 
		Unchanged: 
 Data sizes:     COMMON   BANK0   BANK1   BANK2   BANK3   BANK4   BANK5   BANK6
      Params:         0       0       0       0       0       0       0       0
      Locals:         0       0       0       0       0       0       0       0
      Temps:          0       0       0       0       0       0       0       0
      Totals:         0       0       0       0       0       0       0       0
Total ram usage:        0 bytes
 Hardware stack levels used:    1
 Hardware stack levels required when called:    1
 This function calls:
		i1_NutRunCycleReset
		i1_TMR3_StartTimer
		i1_TMR3_WriteTimer
 This function is called by:
		_OnEncPulseEdgeEvent
 This function uses a non-reentrant model


 *************** function i1_TMR3_StartTimer *****************
 Defined at:
		line 96 in file "mcc_generated_files/tmr3.c"
 Parameters:    Size  Location     Type
		None
 Auto vars:     Size  Location     Type
		None
 Return value:  Size  Location     Type
                  1    wreg      void 
 Registers used:
		None
 Tracked objects:
		On entry : 
		On exit  : 
		Unchanged: 
 Data sizes:     COMMON   BANK0   BANK1   BANK2   BANK3   BANK4   BANK5   BANK6
      Params:         0       0       0       0       0       0       0       0
      Locals:         0       0       0       0       0       0       0       0
      Temps:          0       0       0       0       0       0       0       0
      Totals:         0       0       0       0       0       0       0       0
Total ram usage:        0 bytes
 Hardware stack levels used:    1
 This function calls:
		Nothing
 This function is called by:
		_OnEncPulseEdgeEvent
		i1_NutRunCycleStart
 This function uses a non-reentrant model


 *************** function i1_NutRunCycleReset *****************
 Defined at:
		line 476 in file "main.c"
 Parameters:    Size  Location     Type
		None
 Auto vars:     Size  Location     Type
		None
 Return value:  Size  Location     Type
                  1    wreg      void 
 Registers used:
		wreg, status,2
 Tracked objects:
		On entry : 
		On exit  : 
		Unchanged: 
 Data sizes:     COMMON   BANK0   BANK1   BANK2   BANK3   BANK4   BANK5   BANK6
      Params:         0       0       0       0       0       0       0       0
      Locals:         0       0       0       0       0       0       0       0
      Temps:          0       0       0       0       0       0       0       0
      Totals:         0       0       0       0       0       0       0       0
Total ram usage:        0 bytes
 Hardware stack levels used:    1
 This function calls:
		Nothing
 This function is called by:
		i1_NutRunCycleStart
 This function uses a non-reentrant model


 *************** function i1_EUSART_Write *****************
 Defined at:
		line 96 in file "mcc_generated_files/eusart.c"
 Parameters:    Size  Location     Type
  txData          1    wreg     unsigned char 
 Auto vars:     Size  Location     Type
  txData          1    0[COMMON] unsigned char 
 Return value:  Size  Location     Type
                  1    wreg      void 
 Registers used:
		wreg
 Tracked objects:
		On entry : 
		On exit  : 
		Unchanged: 
 Data sizes:     COMMON   BANK0   BANK1   BANK2   BANK3   BANK4   BANK5   BANK6
      Params:         0       0       0       0       0       0       0       0
      Locals:         1       0       0       0       0       0       0       0
      Temps:          0       0       0       0       0       0       0       0
      Totals:         1       0       0       0       0       0       0       0
Total ram usage:        1 bytes
 Hardware stack levels used:    1
 This function calls:
		Nothing
 This function is called by:
		_OnEncPulseEdgeEvent
		_EncINX_PulseRisingEvent
 This function uses a non-reentrant model


 *************** function _millis *****************
 Defined at:
		line 619 in file "main.c"
 Parameters:    Size  Location     Type
		None
 Auto vars:     Size  Location     Type
		None
 Return value:  Size  Location     Type
                  4    0[COMMON] unsigned long 
 Registers used:
		wreg
 Tracked objects:
		On entry : 
		On exit  : 
		Unchanged: 
 Data sizes:     COMMON   BANK0   BANK1   BANK2   BANK3   BANK4   BANK5   BANK6
      Params:         4       0       0       0       0       0       0       0
      Locals:         0       0       0       0       0       0       0       0
      Temps:          0       0       0       0       0       0       0       0
      Totals:         4       0       0       0       0       0       0       0
Total ram usage:        4 bytes
 Hardware stack levels used:    1
 This function calls:
		Nothing
 This function is called by:
		_OnEncPulseEdgeEvent
		_ModbusMasterTransaction
 This function uses a non-reentrant model


 *************** function ___lmul *****************
 Defined at:
		line 15 in file "C:\Program Files (x86)\Microchip\xc8\v1.41\sources\common\Umul32.c"
 Parameters:    Size  Location     Type
  multiplier      4    0[COMMON] unsigned long 
  multiplicand    4    4[COMMON] unsigned long 
 Auto vars:     Size  Location     Type
  product         4    8[COMMON] unsigned long 
 Return value:  Size  Location     Type
                  4    0[COMMON] unsigned long 
 Registers used:
		wreg, status,2, status,0
 Tracked objects:
		On entry : 
		On exit  : 
		Unchanged: 
 Data sizes:     COMMON   BANK0   BANK1   BANK2   BANK3   BANK4   BANK5   BANK6
      Params:         8       0       0       0       0       0       0       0
      Locals:         4       0       0       0       0       0       0       0
      Temps:          0       0       0       0       0       0       0       0
      Totals:        12       0       0       0       0       0       0       0
Total ram usage:       12 bytes
 Hardware stack levels used:    1
 This function calls:
		Nothing
 This function is called by:
		_OnEncPulseEdgeEvent
 This function uses a non-reentrant model


 *************** function ___lldiv *****************
 Defined at:
		line 6 in file "C:\Program Files (x86)\Microchip\xc8\v1.41\sources\common\lldiv.c"
 Parameters:    Size  Location     Type
  divisor         4    0[BANK0 ] unsigned long 
  dividend        4    4[BANK0 ] unsigned long 
 Auto vars:     Size  Location     Type
  quotient        4    8[BANK0 ] unsigned long 
  counter         1   12[BANK0 ] unsigned char 
 Return value:  Size  Location     Type
                  4    0[BANK0 ] unsigned long 
 Registers used:
		wreg, status,2, status,0
 Tracked objects:
		On entry : 
		On exit  : 
		Unchanged: 
 Data sizes:     COMMON   BANK0   BANK1   BANK2   BANK3   BANK4   BANK5   BANK6
      Params:         0       8       0       0       0       0       0       0
      Locals:         0       5       0       0       0       0       0       0
      Temps:          1       0       0       0       0       0       0       0
      Totals:         1      13       0       0       0       0       0       0
Total ram usage:       14 bytes
 Hardware stack levels used:    1
 This function calls:
		Nothing
 This function is called by:
		_OnEncPulseEdgeEvent
 This function uses a non-reentrant model


 *************** function _NutRunCycleStop *****************
 Defined at:
		line 500 in file "main.c"
 Parameters:    Size  Location     Type
		None
 Auto vars:     Size  Location     Type
		None
 Return value:  Size  Location     Type
                  1    wreg      void 
 Registers used:
		wreg, status,2, status,0, pclath, cstack
 Tracked objects:
		On entry : 
		On exit  : 
		Unchanged: 
 Data sizes:     COMMON   BANK0   BANK1   BANK2   BANK3   BANK4   BANK5   BANK6
      Params:         0       0       0       0       0       0       0       0
      Locals:         0       0       0       0       0       0       0       0
      Temps:          0       0       0       0       0       0       0       0
      Totals:         0       0       0       0       0       0       0       0
Total ram usage:        0 bytes
 Hardware stack levels used:    1
 Hardware stack levels required when called:    1
 This function calls:
		i1_TMR3_StopTimer
		i1_TMR3_WriteTimer
		i1_TMR5_StopTimer
		i1_TMR5_WriteTimer
 This function is called by:
		_OnEncPulseEdgeEvent
 This function uses a non-reentrant model


 *************** function i1_TMR5_WriteTimer *****************
 Defined at:
		line 117 in file "mcc_generated_files/tmr5.c"
 Parameters:    Size  Location     Type
  timerVal        2    0[COMMON] unsigned int 
 Auto vars:     Size  Location     Type
		None
 Return value:  Size  Location     Type
                  1    wreg      void 
 Registers used:
		wreg, status,2
 Tracked objects:
		On entry : 
		On exit  : 
		Unchanged: 
 Data sizes:     COMMON   BANK0   BANK1   BANK2   BANK3   BANK4   BANK5   BANK6
      Params:         2       0       0       0       0       0       0       0
      Locals:         0       0       0       0       0       0       0       0
      Temps:          0       0       0       0       0       0       0       0
      Totals:         2       0       0       0       0       0       0       0
Total ram usage:        2 bytes
 Hardware stack levels used:    1
 This function calls:
		Nothing
 This function is called by:
		_NutRunCycleStop
 This function uses a non-reentrant model


 *************** function i1_TMR5_StopTimer *****************
 Defined at:
		line 102 in file "mcc_generated_files/tmr5.c"
 Parameters:    Size  Location     Type
		None
 Auto vars:     Size  Location     Type
		None
 Return value:  Size  Location     Type
                  1    wreg      void 
 Registers used:
		None
 Tracked objects:
		On entry : 
		On exit  : 
		Unchanged: 
 Data sizes:     COMMON   BANK0   BANK1   BANK2   BANK3   BANK4   BANK5   BANK6
      Params:         0       0       0       0       0       0       0       0
      Locals:         0       0       0       0       0       0       0       0
      Temps:          0       0       0       0       0       0       0       0
      Totals:         0       0       0       0       0       0       0       0
Total ram usage:        0 bytes
 Hardware stack levels used:    1
 This function calls:
		Nothing
 This function is called by:
		_NutRunCycleStop
 This function uses a non-reentrant model


 *************** function i1_TMR3_WriteTimer *****************
 Defined at:
		line 117 in file "mcc_generated_files/tmr3.c"
 Parameters:    Size  Location     Type
  timerVal        2    0[COMMON] unsigned int 
 Auto vars:     Size  Location     Type
		None
 Return value:  Size  Location     Type
                  1    wreg      void 
 Registers used:
		wreg, status,2
 Tracked objects:
		On entry : 
		On exit  : 
		Unchanged: 
 Data sizes:     COMMON   BANK0   BANK1   BANK2   BANK3   BANK4   BANK5   BANK6
      Params:         2       0       0       0       0       0       0       0
      Locals:         0       0       0       0       0       0       0       0
      Temps:          0       0       0       0       0       0       0       0
      Totals:         2       0       0       0       0       0       0       0
Total ram usage:        2 bytes
 Hardware stack levels used:    1
 This function calls:
		Nothing
 This function is called by:
		_OnEncPulseEdgeEvent
		_NutRunCycleStop
		i1_NutRunCycleStart
 This function uses a non-reentrant model


 *************** function i1_TMR3_StopTimer *****************
 Defined at:
		line 102 in file "mcc_generated_files/tmr3.c"
 Parameters:    Size  Location     Type
		None
 Auto vars:     Size  Location     Type
		None
 Return value:  Size  Location     Type
                  1    wreg      void 
 Registers used:
		None
 Tracked objects:
		On entry : 
		On exit  : 
		Unchanged: 
 Data sizes:     COMMON   BANK0   BANK1   BANK2   BANK3   BANK4   BANK5   BANK6
      Params:         0       0       0       0       0       0       0       0
      Locals:         0       0       0       0       0       0       0       0
      Temps:          0       0       0       0       0       0       0       0
      Totals:         0       0       0       0       0       0       0       0
Total ram usage:        0 bytes
 Hardware stack levels used:    1
 This function calls:
		Nothing
 This function is called by:
		_NutRunCycleStop
 This function uses a non-reentrant model



MODULE INFORMATION

Module		Function		Class		Link	Load	Size
C:\Program Files (x86)\Microchip\xc8\v1.41\sources\common\lwdiv.c
		___lwdiv       		CODE           	064A	0000	54

C:\Program Files (x86)\Microchip\xc8\v1.41\sources\common\lwdiv.c estimated size: 54

mcc_generated_files/ccp1.c
		_CCP1_CallBack 		CODE           	0E1A	0000	9
		_CCP1_CaptureISR		CODE           	0F7C	0000	22
		_CCP1_Initialize		CODE           	0F01	0000	16

mcc_generated_files/ccp1.c estimated size: 47

ModbusManager.c
		_ModbusMasterSetup		CODE           	07C0	0000	26

ModbusManager.c estimated size: 26

C:\Program Files (x86)\Microchip\xc8\v1.41\sources\common\lldiv.c
		___lldiv       		CODE           	05C1	0000	84

C:\Program Files (x86)\Microchip\xc8\v1.41\sources\common\lldiv.c estimated size: 84

LED_Ctrl.c
		_LedONStartConfig		CODE           	0422	0000	113
		_LedON_Control_10msec		CODE           	0492	0000	110
		_LedONStatusBusy		CODE           	0DB7	0000	4

LED_Ctrl.c estimated size: 227

C:\Program Files (x86)\Microchip\xc8\v1.41\sources\common\Umul16.c
		___wmul        		CODE           	0770	0000	29

C:\Program Files (x86)\Microchip\xc8\v1.41\sources\common\Umul16.c estimated size: 29

mcc_generated_files/interrupt_manager.c
		_INTERRUPT_InterruptManager		CODE           	0004	0000	75

mcc_generated_files/interrupt_manager.c estimated size: 75

mcc_generated_files/tmr0.c
		_TMR0_SetInterruptHandler		CODE           	0DFA	0000	7
		_TMR0_DefaultInterruptHandler		CODE           	0002	0000	2
		_TMR0_CallBack 		CODE           	0EB7	0000	15
		_TMR0_StartTimer		CODE           	0DBD	0000	4
		_TMR0_ISR      		CODE           	0DD2	0000	6
		_TMR0_Initialize		CODE           	0F68	0000	21

mcc_generated_files/tmr0.c estimated size: 55

mcc_generated_files/pin_manager.c
		_PIN_MANAGER_Initialize		CODE           	0561	0000	97
		_IOCCF5_SetInterruptHandler		CODE           	0DF4	0000	7
		_IOCCF4_DefaultInterruptHandler		CODE           	0DA6	0000	2
		_IOCCF4_ISR    		CODE           	0E74	0000	14
		_PIN_MANAGER_IOC		CODE           	0E50	0000	13
		_IOCCF5_DefaultInterruptHandler		CODE           	0DA7	0000	2
		_IOCCF5_ISR    		CODE           	0E81	0000	14
		_IOCCF4_SetInterruptHandler		CODE           	0DEE	0000	7

mcc_generated_files/pin_manager.c estimated size: 156

ModbusMaster.c
		_postTransmission		CODE           	0DDC	0000	7
		_preTransmission		CODE           	0DE2	0000	7
		_ModbusMasterInit		CODE           	07F0	0000	17

ModbusMaster.c estimated size: 31

mcc_generated_files/adc.c
		_ADC_Initialize		CODE           	0E2A	0000	10

mcc_generated_files/adc.c estimated size: 10

C:\Program Files (x86)\Microchip\xc8\v1.41\sources\common\Umul32.c
		___lmul        		CODE           	06B4	0000	48

C:\Program Files (x86)\Microchip\xc8\v1.41\sources\common\Umul32.c estimated size: 48

mcc_generated_files/ccp2.c
		_CCP2_Initialize		CODE           	0E33	0000	10

mcc_generated_files/ccp2.c estimated size: 10

mcc_generated_files/ext_int.c
		_INT_DefaultInterruptHandler		CODE           	0DA5	0000	2
		_EXT_INT_Initialize		CODE           	0E8E	0000	14
		_INT_SetInterruptHandler		CODE           	0DE8	0000	7
		_INT_CallBack  		CODE           	0EA9	0000	15
		_INT_ISR       		CODE           	0DCD	0000	6

mcc_generated_files/ext_int.c estimated size: 44

mcc_generated_files/tmr5.c
		_TMR5_ISR      		CODE           	0F54	0000	21
		_TMR5_Initialize		CODE           	078C	0000	27
		_TMR5_SetInterruptHandler		CODE           	0E06	0000	7
		_TMR5_StopTimer		CODE           	0DC6	0000	4
		_TMR5_DefaultInterruptHandler		CODE           	0DB4	0000	4
		_TMR5_WriteTimer		CODE           	07D9	0000	24
		_TMR5_StartTimer		CODE           	0DC0	0000	4

mcc_generated_files/tmr5.c estimated size: 91

shared
		i1_TMR3_StopTimer		CODE           	0DA8	0000	4
		i1_TMR3_WriteTimer		CODE           	0EC5	0000	16
		i1_TMR3_StartTimer		CODE           	0DAE	0000	4
		i1_EUSART_Write		CODE           	0E12	0000	9
		i1_getEncoderState		CODE           	0EE3	0000	16
		i1_NutRunCycleReset		CODE           	0FA7	0000	23
		__initialization		CODE           	0050	0000	64
		i1_NutRunCycleStart		CODE           	0E9B	0000	15
		i1_TMR5_StopTimer		CODE           	0DAB	0000	4
		i1_TMR5_WriteTimer		CODE           	0ED4	0000	16

shared estimated size: 171

mcc_generated_files/mcc.c
		_WDT_Initialize		CODE           	0DC9	0000	5
		_OSCILLATOR_Initialize		CODE           	0E22	0000	9
		_SYSTEM_Initialize		CODE           	072F	0000	34

mcc_generated_files/mcc.c estimated size: 48

mcc_generated_files/tmr3.c
		_TMR3_ISR      		CODE           	0F40	0000	21
		_TMR3_Initialize		CODE           	07A6	0000	27
		_TMR3_SetInterruptHandler		CODE           	0E00	0000	7
		_TMR3_StopTimer		CODE           	0DC3	0000	4
		_TMR3_DefaultInterruptHandler		CODE           	0DB1	0000	4
		_TMR3_WriteTimer		CODE           	0FE9	0000	24
		_TMR3_StartTimer		CODE           	0DBA	0000	4

mcc_generated_files/tmr3.c estimated size: 91

mcc_generated_files/eusart.c
		_EUSART_Write  		CODE           	0E46	0000	11
		_EUSART_Initialize		CODE           	0E5C	0000	13

mcc_generated_files/eusart.c estimated size: 24

main.c
		_millis        		CODE           	0E3C	0000	11
		_NutRunCycleStop		CODE           	0F91	0000	23
		_getEncoderState		CODE           	0F10	0000	16
		_Timer0_tick10msecFunc		CODE           	0709	0000	39
		_OnEncPulseEdgeEvent		CODE           	0093	0000	559
		_main          		CODE           	04FF	0000	99
		_valuetocharLowNibble		CODE           	0F1F	0000	17
		_Timer5_Overflow		CODE           	0003	0000	2
		_EncINX_PulseRisingEvent		CODE           	067F	0000	54
		_EPC_StateMachineControlLoop		CODE           	02C1	0000	354
		_NutRunCycleReset		CODE           	0FD3	0000	23
		_NutRunCycleStart		CODE           	0EF2	0000	16
		_Timer3_Overflow		CODE           	06E3	0000	39
		_valuetocharHighNibble		CODE           	0FBD	0000	23
		_EncA_PulseEdgeEvent		CODE           	0F2F	0000	18
		_valtoasciichar		CODE           	0614	0000	55

main.c estimated size: 1348

